Component: ARM Compiler 5.06 update 2 (build 183) Tool: armlink [4d35b7]

==============================================================================

Section Cross References

    startup_stm32f407xx.o(STACK) refers (Special) to heapauxi.o(.text) for __use_two_region_memory
    startup_stm32f407xx.o(HEAP) refers (Special) to heapauxi.o(.text) for __use_two_region_memory
    startup_stm32f407xx.o(RESET) refers (Special) to heapauxi.o(.text) for __use_two_region_memory
    startup_stm32f407xx.o(RESET) refers to startup_stm32f407xx.o(STACK) for __initial_sp
    startup_stm32f407xx.o(RESET) refers to startup_stm32f407xx.o(.text) for Reset_Handler
    startup_stm32f407xx.o(RESET) refers to stm32f4xx_it.o(i.NMI_Handler) for NMI_Handler
    startup_stm32f407xx.o(RESET) refers to stm32f4xx_it.o(i.HardFault_Handler) for HardFault_Handler
    startup_stm32f407xx.o(RESET) refers to stm32f4xx_it.o(i.MemManage_Handler) for MemManage_Handler
    startup_stm32f407xx.o(RESET) refers to stm32f4xx_it.o(i.BusFault_Handler) for BusFault_Handler
    startup_stm32f407xx.o(RESET) refers to stm32f4xx_it.o(i.UsageFault_Handler) for UsageFault_Handler
    startup_stm32f407xx.o(RESET) refers to port.o(.emb_text) for SVC_Handler
    startup_stm32f407xx.o(RESET) refers to stm32f4xx_it.o(i.DebugMon_Handler) for DebugMon_Handler
    startup_stm32f407xx.o(RESET) refers to port.o(i.SysTick_Handler) for SysTick_Handler
    startup_stm32f407xx.o(RESET) refers to stm32f4xx_it.o(i.DMA1_Stream0_IRQHandler) for DMA1_Stream0_IRQHandler
    startup_stm32f407xx.o(RESET) refers to stm32f4xx_it.o(i.DMA1_Stream1_IRQHandler) for DMA1_Stream1_IRQHandler
    startup_stm32f407xx.o(RESET) refers to stm32f4xx_it.o(i.DMA1_Stream2_IRQHandler) for DMA1_Stream2_IRQHandler
    startup_stm32f407xx.o(RESET) refers to stm32f4xx_it.o(i.DMA1_Stream3_IRQHandler) for DMA1_Stream3_IRQHandler
    startup_stm32f407xx.o(RESET) refers to stm32f4xx_it.o(i.DMA1_Stream4_IRQHandler) for DMA1_Stream4_IRQHandler
    startup_stm32f407xx.o(RESET) refers to stm32f4xx_it.o(i.DMA1_Stream5_IRQHandler) for DMA1_Stream5_IRQHandler
    startup_stm32f407xx.o(RESET) refers to stm32f4xx_it.o(i.CAN1_RX0_IRQHandler) for CAN1_RX0_IRQHandler
    startup_stm32f407xx.o(RESET) refers to stm32f4xx_it.o(i.TIM2_IRQHandler) for TIM2_IRQHandler
    startup_stm32f407xx.o(RESET) refers to stm32f4xx_it.o(i.USART1_IRQHandler) for USART1_IRQHandler
    startup_stm32f407xx.o(RESET) refers to stm32f4xx_it.o(i.USART2_IRQHandler) for USART2_IRQHandler
    startup_stm32f407xx.o(RESET) refers to stm32f4xx_it.o(i.USART3_IRQHandler) for USART3_IRQHandler
    startup_stm32f407xx.o(RESET) refers to stm32f4xx_it.o(i.DMA1_Stream7_IRQHandler) for DMA1_Stream7_IRQHandler
    startup_stm32f407xx.o(RESET) refers to stm32f4xx_it.o(i.UART4_IRQHandler) for UART4_IRQHandler
    startup_stm32f407xx.o(RESET) refers to stm32f4xx_it.o(i.UART5_IRQHandler) for UART5_IRQHandler
    startup_stm32f407xx.o(RESET) refers to stm32f4xx_it.o(i.DMA2_Stream2_IRQHandler) for DMA2_Stream2_IRQHandler
    startup_stm32f407xx.o(RESET) refers to stm32f4xx_it.o(i.CAN2_RX0_IRQHandler) for CAN2_RX0_IRQHandler
    startup_stm32f407xx.o(RESET) refers to stm32f4xx_it.o(i.DMA2_Stream7_IRQHandler) for DMA2_Stream7_IRQHandler
    startup_stm32f407xx.o(.text) refers (Special) to heapauxi.o(.text) for __use_two_region_memory
    startup_stm32f407xx.o(.text) refers to system_stm32f4xx.o(i.SystemInit) for SystemInit
    startup_stm32f407xx.o(.text) refers to __main.o(!!!main) for __main
    startup_stm32f407xx.o(.text) refers to startup_stm32f407xx.o(HEAP) for Heap_Mem
    startup_stm32f407xx.o(.text) refers to startup_stm32f407xx.o(STACK) for Stack_Mem
    main.o(i.HAL_TIM_PeriodElapsedCallback) refers to stm32f4xx_hal.o(i.HAL_IncTick) for HAL_IncTick
    main.o(i.SystemClock_Config) refers to rt_memclr_w.o(.text) for __aeabi_memclr4
    main.o(i.SystemClock_Config) refers to stm32f4xx_hal_rcc.o(i.HAL_RCC_OscConfig) for HAL_RCC_OscConfig
    main.o(i.SystemClock_Config) refers to stm32f4xx_hal_rcc.o(i.HAL_RCC_ClockConfig) for HAL_RCC_ClockConfig
    main.o(i.main) refers to stm32f4xx_hal.o(i.HAL_Init) for HAL_Init
    main.o(i.main) refers to main.o(i.SystemClock_Config) for SystemClock_Config
    main.o(i.main) refers to gpio.o(i.MX_GPIO_Init) for MX_GPIO_Init
    main.o(i.main) refers to dma.o(i.MX_DMA_Init) for MX_DMA_Init
    main.o(i.main) refers to can.o(i.MX_CAN1_Init) for MX_CAN1_Init
    main.o(i.main) refers to can.o(i.MX_CAN2_Init) for MX_CAN2_Init
    main.o(i.main) refers to iwdg.o(i.MX_IWDG_Init) for MX_IWDG_Init
    main.o(i.main) refers to usart.o(i.MX_USART1_UART_Init) for MX_USART1_UART_Init
    main.o(i.main) refers to usart.o(i.MX_USART2_UART_Init) for MX_USART2_UART_Init
    main.o(i.main) refers to usart.o(i.MX_USART3_UART_Init) for MX_USART3_UART_Init
    main.o(i.main) refers to usart.o(i.MX_UART4_Init) for MX_UART4_Init
[...]
    __rt_lib_init                            0x0800023d   Thumb Code     0  libinit.o(.ARM.Collect$$libinit$$00000000)
    __rt_lib_init_fp_1                       0x0800023f   Thumb Code     0  libinit2.o(.ARM.Collect$$libinit$$00000001)
    __rt_lib_init_alloca_1                   0x08000243   Thumb Code     0  libinit2.o(.ARM.Collect$$libinit$$0000002E)
    __rt_lib_init_argv_1                     0x08000243   Thumb Code     0  libinit2.o(.ARM.Collect$$libinit$$0000002C)
    __rt_lib_init_atexit_1                   0x08000243   Thumb Code     0  libinit2.o(.ARM.Collect$$libinit$$0000001B)
    __rt_lib_init_clock_1                    0x08000243   Thumb Code     0  libinit2.o(.ARM.Collect$$libinit$$00000021)
    __rt_lib_init_cpp_1                      0x08000243   Thumb Code     0  libinit2.o(.ARM.Collect$$libinit$$00000032)
    __rt_lib_init_exceptions_1               0x08000243   Thumb Code     0  libinit2.o(.ARM.Collect$$libinit$$00000030)
    __rt_lib_init_fp_trap_1                  0x08000243   Thumb Code     0  libinit2.o(.ARM.Collect$$libinit$$0000001F)
    __rt_lib_init_getenv_1                   0x08000243   Thumb Code     0  libinit2.o(.ARM.Collect$$libinit$$00000023)
    __rt_lib_init_heap_1                     0x08000243   Thumb Code     0  libinit2.o(.ARM.Collect$$libinit$$0000000A)
    __rt_lib_init_lc_collate_1               0x08000243   Thumb Code     0  libinit2.o(.ARM.Collect$$libinit$$00000011)
    __rt_lib_init_lc_ctype_1                 0x08000243   Thumb Code     0  libinit2.o(.ARM.Collect$$libinit$$00000013)
    __rt_lib_init_lc_monetary_1              0x08000243   Thumb Code     0  libinit2.o(.ARM.Collect$$libinit$$00000015)
    __rt_lib_init_lc_numeric_1               0x08000243   Thumb Code     0  libinit2.o(.ARM.Collect$$libinit$$00000017)
    __rt_lib_init_lc_time_1                  0x08000243   Thumb Code     0  libinit2.o(.ARM.Collect$$libinit$$00000019)
    __rt_lib_init_preinit_1                  0x08000243   Thumb Code     0  libinit2.o(.ARM.Collect$$libinit$$00000004)
    __rt_lib_init_rand_1                     0x08000243   Thumb Code     0  libinit2.o(.ARM.Collect$$libinit$$0000000E)
    __rt_lib_init_return                     0x08000243   Thumb Code     0  libinit2.o(.ARM.Collect$$libinit$$00000033)
    __rt_lib_init_signal_1                   0x08000243   Thumb Code     0  libinit2.o(.ARM.Collect$$libinit$$0000001D)
    __rt_lib_init_stdio_1                    0x08000243   Thumb Code     0  libinit2.o(.ARM.Collect$$libinit$$00000025)
    __rt_lib_init_user_alloc_1               0x08000243   Thumb Code     0  libinit2.o(.ARM.Collect$$libinit$$0000000C)
    __rt_lib_shutdown                        0x08000245   Thumb Code     0  libshutdown.o(.ARM.Collect$$libshutdown$$00000000)
    __rt_lib_shutdown_cpp_1                  0x08000247   Thumb Code     0  libshutdown2.o(.ARM.Collect$$libshutdown$$00000002)
    __rt_lib_shutdown_fp_trap_1              0x08000247   Thumb Code     0  libshutdown2.o(.ARM.Collect$$libshutdown$$00000007)
    __rt_lib_shutdown_heap_1                 0x08000247   Thumb Code     0  libshutdown2.o(.ARM.Collect$$libshutdown$$0000000F)
    __rt_lib_shutdown_return                 0x08000247   Thumb Code     0  libshutdown2.o(.ARM.Collect$$libshutdown$$00000010)
    __rt_lib_shutdown_signal_1               0x08000247   Thumb Code     0  libshutdown2.o(.ARM.Collect$$libshutdown$$0000000A)
    __rt_lib_shutdown_stdio_1                0x08000247   Thumb Code     0  libshutdown2.o(.ARM.Collect$$libshutdown$$00000004)
    __rt_lib_shutdown_user_alloc_1           0x08000247   Thumb Code     0  libshutdown2.o(.ARM.Collect$$libshutdown$$0000000C)
    __rt_entry                               0x08000249   Thumb Code     0  __rtentry.o(.ARM.Collect$$rtentry$$00000000)
    __rt_entry_presh_1                       0x08000249   Thumb Code     0  __rtentry2.o(.ARM.Collect$$rtentry$$00000002)
    __rt_entry_sh                            0x08000249   Thumb Code     0  __rtentry4.o(.ARM.Collect$$rtentry$$00000004)
    __rt_entry_li                            0x0800024f   Thumb Code     0  __rtentry2.o(.ARM.Collect$$rtentry$$0000000A)
    __rt_entry_postsh_1                      0x0800024f   Thumb Code     0  __rtentry2.o(.ARM.Collect$$rtentry$$00000009)
    __rt_entry_main                          0x08000253   Thumb Code     0  __rtentry2.o(.ARM.Collect$$rtentry$$0000000D)
    __rt_entry_postli_1                      0x08000253   Thumb Code     0  __rtentry2.o(.ARM.Collect$$rtentry$$0000000C)
    __rt_exit                                0x0800025b   Thumb Code     0  rtexit.o(.ARM.Collect$$rtexit$$00000000)
    __rt_exit_ls                             0x0800025d   Thumb Code     0  rtexit2.o(.ARM.Collect$$rtexit$$00000003)
    __rt_exit_prels_1                        0x0800025d   Thumb Code     0  rtexit2.o(.ARM.Collect$$rtexit$$00000002)
    __rt_exit_exit                           0x08000261   Thumb Code     0  rtexit2.o(.ARM.Collect$$rtexit$$00000004)
    SVC_Handler                              0x08000269   Thumb Code    28  port.o(.emb_text)
    __asm___6_port_c_39a90d8d__prvStartFirstTask 0x08000289   Thumb Code    36  port.o(.emb_text)
    __asm___6_port_c_39a90d8d__prvEnableVFP  0x080002b1   Thumb Code    16  port.o(.emb_text)
    PendSV_Handler                           0x080002c5   Thumb Code    88  port.o(.emb_text)
    vPortGetIPSR                             0x08000321   Thumb Code     6  port.o(.emb_text)
    Reset_Handler                            0x08000329   Thumb Code     8  startup_stm32f407xx.o(.text)
    ADC_IRQHandler                           0x08000343   Thumb Code     0  startup_stm32f407xx.o(.text)
    CAN1_RX1_IRQHandler                      0x08000343   Thumb Code     0  startup_stm32f407xx.o(.text)
    CAN1_SCE_IRQHandler                      0x08000343   Thumb Code     0  startup_stm32f407xx.o(.text)
    CAN1_TX_IRQHandler                       0x08000343   Thumb Code     0  startup_stm32f407xx.o(.text)
    CAN2_RX1_IRQHandler                      0x08000343   Thumb Code     0  startup_stm32f407xx.o(.text)
    CAN2_SCE_IRQHandler                      0x08000343   Thumb Code     0  startup_stm32f407xx.o(.text)
    CAN2_TX_IRQHandler                       0x08000343   Thumb Code     0  startup_stm32f407xx.o(.text)
    DCMI_IRQHandler                          0x08000343   Thumb Code     0  startup_stm32f407xx.o(.text)
    DMA1_Stream6_IRQHandler                  0x08000343   Thumb Code     0  startup_stm32f407xx.o(.text)
    DMA2_Stream0_IRQHandler                  0x08000343   Thumb Code     0  startup_stm32f407xx.o(.text)
    DMA2_Stream1_IRQHandler                  0x08000343   Thumb Code     0  startup_stm32f407xx.o(.text)
    DMA2_Stream3_IRQHandler                  0x08000343   Thumb Code     0  startup_stm32f407xx.o(.text)
    DMA2_Stream4_IRQHandler                  0x08000343   Thumb Code     0  startup_stm32f407xx.o(.text)
    DMA2_Stream5_IRQHandler                  0x08000343   Thumb Code     0  startup_stm32f407xx.o(.text)
    DMA2_Stream6_IRQHandler                  0x08000343   Thumb Code     0  startup_stm32f407xx.o(.text)
    ETH_IRQHandler                           0x08000343   Thumb Code     0  startup_stm32f407xx.o(.text)
    ETH_WKUP_IRQHandler                      0x08000343   Thumb Code     0  startup_stm32f407xx.o(.text)
    EXTI0_IRQHandler                         0x08000343   Thumb Code     0  startup_stm32f407xx.o(.text)
    EXTI15_10_IRQHandler                     0x08000343   Thumb Code     0  startup_stm32f407xx.o(.text)
    EXTI1_IRQHandler                         0x08000343   Thumb Code     0  startup_stm32f407xx.o(.text)
    EXTI2_IRQHandler                         0x08000343   Thumb Code     0  startup_stm32f407xx.o(.text)
    EXTI3_IRQHandler                         0x08000343   Thumb Code     0  startup_stm32f407xx.o(.text)
    EXTI4_IRQHandler                         0x08000343   Thumb Code     0  startup_stm32f407xx.o(.text)
    EXTI9_5_IRQHandler                       0x08000343   Thumb Code     0  startup_stm32f407xx.o(.text)
    FLASH_IRQHandler                         0x08000343   Thumb Code     0  startup_stm32f407xx.o(.text)
    FMC_IRQHandler                           0x08000343   Thumb Code     0  startup_stm32f407xx.o(.text)
    FPU_IRQHandler                           0x08000343   Thumb Code     0  startup_stm32f407xx.o(.text)
    HASH_RNG_IRQHandler                      0x08000343   Thumb Code     0  startup_stm32f407xx.o(.text)
    I2C1_ER_IRQHandler                       0x08000343   Thumb Code     0  startup_stm32f407xx.o(.text)
    I2C1_EV_IRQHandler                       0x08000343   Thumb Code     0  startup_stm32f407xx.o(.text)
    I2C2_ER_IRQHandler                       0x08000343   Thumb Code     0  startup_stm32f407xx.o(.text)
    I2C2_EV_IRQHandler                       0x08000343   Thumb Code     0  startup_stm32f407xx.o(.text)
    I2C3_ER_IRQHandler                       0x08000343   Thumb Code     0  startup_stm32f407xx.o(.text)
    I2C3_EV_IRQHandler                       0x08000343   Thumb Code     0  startup_stm32f407xx.o(.text)
    OTG_FS_IRQHandler                        0x08000343   Thumb Code     0  startup_stm32f407xx.o(.text)
    OTG_FS_WKUP_IRQHandler                   0x08000343   Thumb Code     0  startup_stm32f407xx.o(.text)
    OTG_HS_EP1_IN_IRQHandler                 0x08000343   Thumb Code     0  startup_stm32f407xx.o(.text)
    OTG_HS_EP1_OUT_IRQHandler                0x08000343   Thumb Code     0  startup_stm32f407xx.o(.text)
    OTG_HS_IRQHandler                        0x08000343   Thumb Code     0  startup_stm32f407xx.o(.text)
    OTG_HS_WKUP_IRQHandler                   0x08000343   Thumb Code     0  startup_stm32f407xx.o(.text)
    PVD_IRQHandler                           0x08000343   Thumb Code     0  startup_stm32f407xx.o(.text)
    RCC_IRQHandler                           0x08000343   Thumb Code     0  startup_stm32f407xx.o(.text)
    RTC_Alarm_IRQHandler                     0x08000343   Thumb Code     0  startup_stm32f407xx.o(.text)
    RTC_WKUP_IRQHandler                      0x08000343   Thumb Code     0  startup_stm32f407xx.o(.text)
    SDIO_IRQHandler                          0x08000343   Thumb Code     0  startup_stm32f407xx.o(.text)
    SPI1_IRQHandler                          0x08000343   Thumb Code     0  startup_stm32f407xx.o(.text)
    SPI2_IRQHandler                          0x08000343   Thumb Code     0  startup_stm32f407xx.o(.text)
    SPI3_IRQHandler                          0x08000343   Thumb Code     0  startup_stm32f407xx.o(.text)
    TAMP_STAMP_IRQHandler                    0x08000343   Thumb Code     0  startup_stm32f407xx.o(.text)
    TIM1_BRK_TIM9_IRQHandler                 0x08000343   Thumb Code     0  startup_stm32f407xx.o(.text)
    TIM1_CC_IRQHandler                       0x08000343   Thumb Code     0  startup_stm32f407xx.o(.text)
    TIM1_TRG_COM_TIM11_IRQHandler            0x08000343   Thumb Code     0  startup_stm32f407xx.o(.text)
    TIM1_UP_TIM10_IRQHandler                 0x08000343   Thumb Code     0  startup_stm32f407xx.o(.text)
    TIM3_IRQHandler                          0x08000343   Thumb Code     0  startup_stm32f407xx.o(.text)
    TIM4_IRQHandler                          0x08000343   Thumb Code     0  startup_stm32f407xx.o(.text)
    TIM5_IRQHandler                          0x08000343   Thumb Code     0  startup_stm32f407xx.o(.text)
    TIM6_DAC_IRQHandler                      0x08000343   Thumb Code     0  startup_stm32f407xx.o(.text)
    TIM7_IRQHandler                          0x08000343   Thumb Code     0  startup_stm32f407xx.o(.text)
    TIM8_BRK_TIM12_IRQHandler                0x08000343   Thumb Code     0  startup_stm32f407xx.o(.text)
    TIM8_CC_IRQHandler                       0x08000343   Thumb Code     0  startup_stm32f407xx.o(.text)
    TIM8_TRG_COM_TIM14_IRQHandler            0x08000343   Thumb Code     0  startup_stm32f407xx.o(.text)
    TIM8_UP_TIM13_IRQHandler                 0x08000343   Thumb Code     0  startup_stm32f407xx.o(.text)
    USART6_IRQHandler                        0x08000343   Thumb Code     0  startup_stm32f407xx.o(.text)
    WWDG_IRQHandler                          0x08000343   Thumb Code     0  startup_stm32f407xx.o(.text)
    __user_initial_stackheap                 0x08000345   Thumb Code     0  startup_stm32f407xx.o(.text)
    __aeabi_uldivmod                         0x08000369   Thumb Code     0  lludivv7m.o(.text)
    _ll_udiv                                 0x08000369   Thumb Code   238  lludivv7m.o(.text)
    strlen                                   0x08000457   Thumb Code    62  strlen.o(.text)
    __aeabi_memcpy                           0x08000495   Thumb Code     0  rt_memcpy_v6.o(.text)
    __rt_memcpy                              0x08000495   Thumb Code   138  rt_memcpy_v6.o(.text)
    _memcpy_lastbytes                        0x080004fb   Thumb Code     0  rt_memcpy_v6.o(.text)
    __aeabi_memcpy4                          0x0800051f   Thumb Code     0  rt_memcpy_w.o(.text)
    __aeabi_memcpy8                          0x0800051f   Thumb Code     0  rt_memcpy_w.o(.text)
    __rt_memcpy_w                            0x0800051f   Thumb Code   100  rt_memcpy_w.o(.text)
    _memcpy_lastbytes_aligned                0x08000567   Thumb Code     0  rt_memcpy_w.o(.text)
    __aeabi_memclr                           0x08000583   Thumb Code     0  rt_memclr.o(.text)
    __rt_memclr                              0x08000583   Thumb Code    68  rt_memclr.o(.text)
    _memset                                  0x08000587   Thumb Code     0  rt_memclr.o(.text)
    __aeabi_memclr4                          0x080005c7   Thumb Code     0  rt_memclr_w.o(.text)
    __aeabi_memclr8                          0x080005c7   Thumb Code     0  rt_memclr_w.o(.text)
    __rt_memclr_w                            0x080005c7   Thumb Code    78  rt_memclr_w.o(.text)
    _memset_w                                0x080005cb   Thumb Code     0  rt_memclr_w.o(.text)
    __use_two_region_memory                  0x08000615   Thumb Code     2  heapauxi.o(.text)
    __rt_heap_escrow$2region                 0x08000617   Thumb Code     2  heapauxi.o(.text)
    __rt_heap_expand$2region                 0x08000619   Thumb Code     2  heapauxi.o(.text)
    __user_setup_stackheap                   0x0800061b   Thumb Code    74  sys_stackheap_outer.o(.text)
    exit                                     0x08000665   Thumb Code    18  exit.o(.text)
    __user_libspace                          0x08000679   Thumb Code     8  libspace.o(.text)
    __user_perproc_libspace                  0x08000679   Thumb Code     0  libspace.o(.text)
    __user_perthread_libspace                0x08000679   Thumb Code     0  libspace.o(.text)
    _sys_exit                                0x08000681   Thumb Code     8  sys_exit.o(.text)
    __I$use$semihosting                      0x0800068d   Thumb Code     0  use_no_semi.o(.text)
    __use_no_semihosting_swi                 0x0800068d   Thumb Code     2  use_no_semi.o(.text)
    __semihosting_library_function           0x0800068f   Thumb Code     0  indicate_semi.o(.text)
    Append_CRC16_Check_Sum                   0x08000691   Thumb Code    36  crc16.o(i.Append_CRC16_Check_Sum)
    Append_CRC8_Check_Num                    0x080006b9   Thumb Code    32  crc8.o(i.Append_CRC8_Check_Num)
    Armor_Hurt_Detect                        0x080006d9   Thumb Code   116  config_judge.o(i.Armor_Hurt_Detect)
    BusFault_Handler                         0x08000755   Thumb Code     2  stm32f4xx_it.o(i.BusFault_Handler)
    CAN1_Get_Data                            0x08000759   Thumb Code   158  config_can.o(i.CAN1_Get_Data)
    CAN1_Init                                0x08000805   Thumb Code    36  drv_can.o(i.CAN1_Init)
    CAN1_RX0_IRQHandler                      0x0800082d   Thumb Code     6  stm32f4xx_it.o(i.CAN1_RX0_IRQHandler)
    CAN2_Get_Data                            0x08000839   Thumb Code    12  config_can.o(i.CAN2_Get_Data)
    CAN2_Init                                0x08000845   Thumb Code    36  drv_can.o(i.CAN2_Init)
    CAN2_RX0_IRQHandler                      0x0800086d   Thumb Code     6  stm32f4xx_it.o(i.CAN2_RX0_IRQHandler)
    CAN_Filter_ParamsInit                    0x08000879   Thumb Code    26  drv_can.o(i.CAN_Filter_ParamsInit)
    CAN_SendData                             0x08000895   Thumb Code    48  drv_can.o(i.CAN_SendData)
    Control_Task                             0x080008cd   Thumb Code    46  tasks_1.o(i.Control_Task)
    DMA1_Stream0_IRQHandler                  0x08000901   Thumb Code     6  stm32f4xx_it.o(i.DMA1_Stream0_IRQHandler)
    DMA1_Stream1_IRQHandler                  0x0800090d   Thumb Code     6  stm32f4xx_it.o(i.DMA1_Stream1_IRQHandler)
    DMA1_Stream2_IRQHandler                  0x08000919   Thumb Code     6  stm32f4xx_it.o(i.DMA1_Stream2_IRQHandler)
    DMA1_Stream3_IRQHandler                  0x08000925   Thumb Code     6  stm32f4xx_it.o(i.DMA1_Stream3_IRQHandler)
    DMA1_Stream4_IRQHandler                  0x08000931   Thumb Code     6  stm32f4xx_it.o(i.DMA1_Stream4_IRQHandler)
    DMA1_Stream5_IRQHandler                  0x0800093d   Thumb Code     6  stm32f4xx_it.o(i.DMA1_Stream5_IRQHandler)
    DMA1_Stream7_IRQHandler                  0x08000949   Thumb Code     6  stm32f4xx_it.o(i.DMA1_Stream7_IRQHandler)
    DMA2_Stream2_IRQHandler                  0x08000955   Thumb Code     6  stm32f4xx_it.o(i.DMA2_Stream2_IRQHandler)
    DMA2_Stream7_IRQHandler                  0x08000961   Thumb Code     6  stm32f4xx_it.o(i.DMA2_Stream7_IRQHandler)
    DRV_UART_IRQHandler                      0x08000cb7   Thumb Code    20  drv_uart.o(i.DRV_UART_IRQHandler)
    DebugMon_Handler                         0x08000ccb   Thumb Code     2  stm32f4xx_it.o(i.DebugMon_Handler)
    Error_Handler                            0x08000ccd   Thumb Code     4  main.o(i.Error_Handler)
    FRICTION_PwmOut                          0x08000cd1   Thumb Code    18  drv_tim.o(i.FRICTION_PwmOut)
    Get_CRC16_Check_Sum                      0x08000ce9   Thumb Code    38  crc16.o(i.Get_CRC16_Check_Sum)
    Get_CRC8_Check_Num                       0x08000d15   Thumb Code    26  crc8.o(i.Get_CRC8_Check_Num)
    HAL_CAN_ActivateNotification             0x08000d35   Thumb Code    36  stm32f4xx_hal_can.o(i.HAL_CAN_ActivateNotification)
    HAL_CAN_AddTxMessage                     0x08000d59   Thumb Code   200  stm32f4xx_hal_can.o(i.HAL_CAN_AddTxMessage)
    HAL_CAN_ConfigFilter                     0x08000e21   Thumb Code   262  stm32f4xx_hal_can.o(i.HAL_CAN_ConfigFilter)
    HAL_CAN_ErrorCallback                    0x08000f2d   Thumb Code     2  stm32f4xx_hal_can.o(i.HAL_CAN_ErrorCallback)
    HAL_CAN_GetRxMessage                     0x08000f2f   Thumb Code   232  stm32f4xx_hal_can.o(i.HAL_CAN_GetRxMessage)
    HAL_CAN_IRQHandler                       0x08001017   Thumb Code   508  stm32f4xx_hal_can.o(i.HAL_CAN_IRQHandler)
    HAL_CAN_Init                             0x08001213   Thumb Code   282  stm32f4xx_hal_can.o(i.HAL_CAN_Init)
    HAL_CAN_MspInit                          0x0800132d   Thumb Code   226  can.o(i.HAL_CAN_MspInit)
    HAL_CAN_RxFifo0FullCallback              0x08001429   Thumb Code     2  stm32f4xx_hal_can.o(i.HAL_CAN_RxFifo0FullCallback)
    HAL_CAN_RxFifo0MsgPendingCallback        0x0800142d   Thumb Code    60  drv_can.o(i.HAL_CAN_RxFifo0MsgPendingCallback)
    HAL_CAN_RxFifo1FullCallback              0x08001475   Thumb Code     2  stm32f4xx_hal_can.o(i.HAL_CAN_RxFifo1FullCallback)
    HAL_CAN_RxFifo1MsgPendingCallback        0x08001477   Thumb Code     2  stm32f4xx_hal_can.o(i.HAL_CAN_RxFifo1MsgPendingCallback)
    HAL_CAN_SleepCallback                    0x08001479   Thumb Code     2  stm32f4xx_hal_can.o(i.HAL_CAN_SleepCallback)
    HAL_CAN_Start                            0x0800147d   Thumb Code    88  stm32f4xx_hal_can.o(i.HAL_CAN_Start)
    HAL_CAN_TxMailbox0AbortCallback          0x080014d5   Thumb Code     2  stm32f4xx_hal_can.o(i.HAL_CAN_TxMailbox0AbortCallback)
    HAL_CAN_TxMailbox0CompleteCallback       0x080014d7   Thumb Code     2  stm32f4xx_hal_can.o(i.HAL_CAN_TxMailbox0CompleteCallback)
    HAL_CAN_TxMailbox1AbortCallback          0x080014d9   Thumb Code     2  stm32f4xx_hal_can.o(i.HAL_CAN_TxMailbox1AbortCallback)
    HAL_CAN_TxMailbox1CompleteCallback       0x080014db   Thumb Code     2  stm32f4xx_hal_can.o(i.HAL_CAN_TxMailbox1CompleteCallback)
    HAL_CAN_TxMailbox2AbortCallback          0x080014dd   Thumb Code     2  stm32f4xx_hal_can.o(i.HAL_CAN_TxMailbox2AbortCallback)
    HAL_CAN_TxMailbox2CompleteCallback       0x080014df   Thumb Code     2  stm32f4xx_hal_can.o(i.HAL_CAN_TxMailbox2CompleteCallback)
    HAL_CAN_WakeUpFromRxMsgCallback          0x080014e1   Thumb Code     2  stm32f4xx_hal_can.o(i.HAL_CAN_WakeUpFromRxMsgCallback)
    HAL_DMA_Abort                            0x080014e3   Thumb Code   146  stm32f4xx_hal_dma.o(i.HAL_DMA_Abort)
    HAL_DMA_Abort_IT                         0x08001575   Thumb Code    36  stm32f4xx_hal_dma.o(i.HAL_DMA_Abort_IT)
    HAL_DMA_IRQHandler                       0x08001599   Thumb Code   412  stm32f4xx_hal_dma.o(i.HAL_DMA_IRQHandler)
    HAL_DMA_Init                             0x08001739   Thumb Code   206  stm32f4xx_hal_dma.o(i.HAL_DMA_Init)
    HAL_DMA_Start_IT                         0x0800180d   Thumb Code   110  stm32f4xx_hal_dma.o(i.HAL_DMA_Start_IT)
    HAL_GPIO_Init                            0x0800187d   Thumb Code   450  stm32f4xx_hal_gpio.o(i.HAL_GPIO_Init)
    HAL_GetTick                              0x08001a6d   Thumb Code     6  stm32f4xx_hal.o(i.HAL_GetTick)
    HAL_IWDG_Init                            0x08001a79   Thumb Code    90  stm32f4xx_hal_iwdg.o(i.HAL_IWDG_Init)
    HAL_IWDG_Refresh                         0x08001ad3   Thumb Code    12  stm32f4xx_hal_iwdg.o(i.HAL_IWDG_Refresh)
    HAL_IncTick                              0x08001ae1   Thumb Code    12  stm32f4xx_hal.o(i.HAL_IncTick)
    HAL_Init                                 0x08001af1   Thumb Code    48  stm32f4xx_hal.o(i.HAL_Init)
    HAL_InitTick                             0x08001b25   Thumb Code   102  stm32f4xx_hal_timebase_tim.o(i.HAL_InitTick)
    HAL_MspInit                              0x08001b99   Thumb Code    52  stm32f4xx_hal_msp.o(i.HAL_MspInit)
    HAL_NVIC_EnableIRQ                       0x08001bd1   Thumb Code    26  stm32f4xx_hal_cortex.o(i.HAL_NVIC_EnableIRQ)
    HAL_NVIC_SetPriority                     0x08001bed   Thumb Code    60  stm32f4xx_hal_cortex.o(i.HAL_NVIC_SetPriority)
    HAL_NVIC_SetPriorityGrouping             0x08001c2d   Thumb Code    26  stm32f4xx_hal_cortex.o(i.HAL_NVIC_SetPriorityGrouping)
    HAL_RCC_ClockConfig                      0x08001c51   Thumb Code   288  stm32f4xx_hal_rcc.o(i.HAL_RCC_ClockConfig)
    HAL_RCC_GetClockConfig                   0x08001d85   Thumb Code    54  stm32f4xx_hal_rcc.o(i.HAL_RCC_GetClockConfig)
    HAL_RCC_GetPCLK1Freq                     0x08001dc5   Thumb Code    20  stm32f4xx_hal_rcc.o(i.HAL_RCC_GetPCLK1Freq)
    HAL_RCC_GetPCLK2Freq                     0x08001de5   Thumb Code    20  stm32f4xx_hal_rcc.o(i.HAL_RCC_GetPCLK2Freq)
    HAL_RCC_GetSysClockFreq                  0x08001e05   Thumb Code    88  stm32f4xx_hal_rcc.o(i.HAL_RCC_GetSysClockFreq)
    HAL_RCC_OscConfig                        0x08001e69   Thumb Code   856  stm32f4xx_hal_rcc.o(i.HAL_RCC_OscConfig)
    HAL_TIMEx_BreakCallback                  0x080021d5   Thumb Code     2  stm32f4xx_hal_tim_ex.o(i.HAL_TIMEx_BreakCallback)
    HAL_TIMEx_CommutCallback                 0x080021d7   Thumb Code     2  stm32f4xx_hal_tim_ex.o(i.HAL_TIMEx_CommutCallback)
    HAL_TIMEx_ConfigBreakDeadTime            0x080021d9   Thumb Code    84  stm32f4xx_hal_tim_ex.o(i.HAL_TIMEx_ConfigBreakDeadTime)
    HAL_TIMEx_MasterConfigSynchronization    0x0800222d   Thumb Code   116  stm32f4xx_hal_tim_ex.o(i.HAL_TIMEx_MasterConfigSynchronization)
    HAL_TIM_Base_Init                        0x080022bd   Thumb Code    90  stm32f4xx_hal_tim.o(i.HAL_TIM_Base_Init)
    HAL_TIM_Base_MspInit                     0x08002319   Thumb Code    78  tim.o(i.HAL_TIM_Base_MspInit)
    HAL_TIM_Base_Start_IT                    0x08002379   Thumb Code   100  stm32f4xx_hal_tim.o(i.HAL_TIM_Base_Start_IT)
    HAL_TIM_ConfigClockSource                0x080023f9   Thumb Code   220  stm32f4xx_hal_tim.o(i.HAL_TIM_ConfigClockSource)
    HAL_TIM_IC_CaptureCallback               0x080024d5   Thumb Code     2  stm32f4xx_hal_tim.o(i.HAL_TIM_IC_CaptureCallback)
    HAL_TIM_IRQHandler                       0x080024d7   Thumb Code   358  stm32f4xx_hal_tim.o(i.HAL_TIM_IRQHandler)
    HAL_TIM_MspPostInit                      0x0800263d   Thumb Code   152  tim.o(i.HAL_TIM_MspPostInit)
    HAL_TIM_OC_DelayElapsedCallback          0x080026f1   Thumb Code     2  stm32f4xx_hal_tim.o(i.HAL_TIM_OC_DelayElapsedCallback)
    HAL_TIM_PWM_ConfigChannel                0x080026f3   Thumb Code   204  stm32f4xx_hal_tim.o(i.HAL_TIM_PWM_ConfigChannel)
    HAL_TIM_PWM_Init                         0x080027bf   Thumb Code    90  stm32f4xx_hal_tim.o(i.HAL_TIM_PWM_Init)
    HAL_TIM_PWM_MspInit                      0x08002819   Thumb Code     2  stm32f4xx_hal_tim.o(i.HAL_TIM_PWM_MspInit)
    HAL_TIM_PWM_PulseFinishedCallback        0x0800281b   Thumb Code     2  stm32f4xx_hal_tim.o(i.HAL_TIM_PWM_PulseFinishedCallback)
    HAL_TIM_PWM_Start                        0x0800281d   Thumb Code   172  stm32f4xx_hal_tim.o(i.HAL_TIM_PWM_Start)
    HAL_TIM_PeriodElapsedCallback            0x080028e5   Thumb Code    14  main.o(i.HAL_TIM_PeriodElapsedCallback)
    HAL_TIM_TriggerCallback                  0x080028f3   Thumb Code     2  stm32f4xx_hal_tim.o(i.HAL_TIM_TriggerCallback)
    HAL_UARTEx_RxEventCallback               0x080028f5   Thumb Code     2  stm32f4xx_hal_uart.o(i.HAL_UARTEx_RxEventCallback)
    HAL_UART_ErrorCallback                   0x080028f7   Thumb Code     2  stm32f4xx_hal_uart.o(i.HAL_UART_ErrorCallback)
    HAL_UART_IRQHandler                      0x080028f9   Thumb Code   610  stm32f4xx_hal_uart.o(i.HAL_UART_IRQHandler)
    HAL_UART_Init                            0x08002b61   Thumb Code    98  stm32f4xx_hal_uart.o(i.HAL_UART_Init)
    HAL_UART_MspInit                         0x08002bc5   Thumb Code   970  usart.o(i.HAL_UART_MspInit)
    HAL_UART_RxCpltCallback                  0x08002fc9   Thumb Code     2  stm32f4xx_hal_uart.o(i.HAL_UART_RxCpltCallback)
    HAL_UART_Transmit_DMA                    0x08002fcd   Thumb Code   126  stm32f4xx_hal_uart.o(i.HAL_UART_Transmit_DMA)
    HAL_UART_TxCpltCallback                  0x08003059   Thumb Code     2  stm32f4xx_hal_uart.o(i.HAL_UART_TxCpltCallback)
    HAL_UART_TxHalfCpltCallback              0x0800305b   Thumb Code     2  stm32f4xx_hal_uart.o(i.HAL_UART_TxHalfCpltCallback)
    HardFault_Handler                        0x0800305d   Thumb Code     2  stm32f4xx_it.o(i.HardFault_Handler)
    MX_CAN1_Init                             0x08003061   Thumb Code    62  can.o(i.MX_CAN1_Init)
    MX_CAN2_Init                             0x080030a9   Thumb Code    62  can.o(i.MX_CAN2_Init)
    MX_DMA_Init                              0x080030f1   Thumb Code   184  dma.o(i.MX_DMA_Init)
    MX_FREERTOS_Init                         0x080031ad   Thumb Code    52  freertos.o(i.MX_FREERTOS_Init)
    MX_GPIO_Init                             0x080031e9   Thumb Code   102  gpio.o(i.MX_GPIO_Init)
    MX_IWDG_Init                             0x08003255   Thumb Code    36  iwdg.o(i.MX_IWDG_Init)
    MX_TIM11_Init                            0x08003281   Thumb Code    94  tim.o(i.MX_TIM11_Init)
    MX_TIM1_Init                             0x080032e9   Thumb Code   194  tim.o(i.MX_TIM1_Init)
    MX_TIM3_Init                             0x080033b5   Thumb Code   160  tim.o(i.MX_TIM3_Init)
    MX_UART4_Init                            0x0800345d   Thumb Code    48  usart.o(i.MX_UART4_Init)
    MX_UART5_Init                            0x08003495   Thumb Code    48  usart.o(i.MX_UART5_Init)
    MX_USART1_UART_Init                      0x080034cd   Thumb Code    48  usart.o(i.MX_USART1_UART_Init)
    MX_USART2_UART_Init                      0x08003505   Thumb Code    48  usart.o(i.MX_USART2_UART_Init)
    MX_USART3_UART_Init                      0x0800353d   Thumb Code    48  usart.o(i.MX_USART3_UART_Init)
    MemManage_Handler                        0x08003575   Thumb Code     2  stm32f4xx_it.o(i.MemManage_Handler)
    NMI_Handler                              0x08003577   Thumb Code     2  stm32f4xx_it.o(i.NMI_Handler)
    PWM_Init                                 0x08003579   Thumb Code    56  drv_tim.o(i.PWM_Init)
    StartDefaultTask                         0x080035c5   Thumb Code     8  freertos.o(i.StartDefaultTask)
    SysTick_Handler                          0x080035cd   Thumb Code    38  port.o(i.SysTick_Handler)
    SystemClock_Config                       0x080035f9   Thumb Code   148  main.o(i.SystemClock_Config)
    SystemInit                               0x08003695   Thumb Code    12  system_stm32f4xx.o(i.SystemInit)
    TIM2_IRQHandler                          0x080036a5   Thumb Code     6  stm32f4xx_it.o(i.TIM2_IRQHandler)
    TIM_Base_SetConfig                       0x080036b1   Thumb Code   156  stm32f4xx_hal_tim.o(i.TIM_Base_SetConfig)
    TIM_CCxChannelCmd                        0x08003779   Thumb Code    26  stm32f4xx_hal_tim.o(i.TIM_CCxChannelCmd)
    TIM_ETR_SetConfig                        0x08003793   Thumb Code    20  stm32f4xx_hal_tim.o(i.TIM_ETR_SetConfig)
    TIM_OC2_SetConfig                        0x08003819   Thumb Code    98  stm32f4xx_hal_tim.o(i.TIM_OC2_SetConfig)
    UART4_IRQHandler                         0x08003985   Thumb Code    18  stm32f4xx_it.o(i.UART4_IRQHandler)
    UART5_IRQHandler                         0x0800399d   Thumb Code    18  stm32f4xx_it.o(i.UART5_IRQHandler)
    UI_send_Group1                           0x08003c91   Thumb Code   558  my_judge.o(i.UI_send_Group1)
    UI_send_Group2                           0x08003eed   Thumb Code   416  my_judge.o(i.UI_send_Group2)
    UI_send_Group3                           0x080040b1   Thumb Code   426  my_judge.o(i.UI_send_Group3)
    UI_send_Group4                           0x08004281   Thumb Code   422  my_judge.o(i.UI_send_Group4)
    UI_send_Group5                           0x0800444d   Thumb Code   156  my_judge.o(i.UI_send_Group5)
    UI_send_char_1                           0x080044f9   Thumb Code   126  my_judge.o(i.UI_send_char_1)
    UI_send_char_2                           0x08004585   Thumb Code   126  my_judge.o(i.UI_send_char_2)
    UI_send_char_3                           0x08004611   Thumb Code   126  my_judge.o(i.UI_send_char_3)
    UI_send_char_4                           0x0800469d   Thumb Code   126  my_judge.o(i.UI_send_char_4)
    UI_send_char_5                           0x08004729   Thumb Code   190  my_judge.o(i.UI_send_char_5)
    USART1_IRQHandler                        0x080047f5   Thumb Code    18  stm32f4xx_it.o(i.USART1_IRQHandler)
    USART1_Init                              0x0800480d   Thumb Code    48  drv_uart.o(i.USART1_Init)
    USART1_rxDataHandler                     0x08004845   Thumb Code     2  config_uart.o(i.USART1_rxDataHandler)
    USART2_IRQHandler                        0x08004849   Thumb Code    18  stm32f4xx_it.o(i.USART2_IRQHandler)
    USART2_Init                              0x08004861   Thumb Code    52  drv_uart.o(i.USART2_Init)
    USART2_rxDataHandler                     0x0800489d   Thumb Code     2  config_uart.o(i.USART2_rxDataHandler)
    USART3_IRQHandler                        0x080048a1   Thumb Code    18  stm32f4xx_it.o(i.USART3_IRQHandler)
    USART3_Init                              0x080048b9   Thumb Code    46  drv_uart.o(i.USART3_Init)
    USART3_rxDataHandler                     0x080048f1   Thumb Code     2  config_uart.o(i.USART3_rxDataHandler)
    USART4_Init                              0x080048f5   Thumb Code    46  drv_uart.o(i.USART4_Init)
    USART4_rxDataHandler                     0x0800492d   Thumb Code     4  config_uart.o(i.USART4_rxDataHandler)
    USART5_Init                              0x08004931   Thumb Code    46  drv_uart.o(i.USART5_Init)
    USART5_rxDataHandler                     0x08004969   Thumb Code     2  config_uart.o(i.USART5_rxDataHandler)
    UsageFault_Handler                       0x0800496b   Thumb Code     2  stm32f4xx_it.o(i.UsageFault_Handler)
    Verify_CRC16_Check_Sum                   0x0800496d   Thumb Code    54  crc16.o(i.Verify_CRC16_Check_Sum)
    Verify_CRC8_Check_Sum                    0x080049a9   Thumb Code    42  crc8.o(i.Verify_CRC8_Check_Sum)
    cap_2E_send                              0x080049f5   Thumb Code    44  cap_protocol.o(i.cap_2E_send)
    cap_2F_send                              0x08004a2d   Thumb Code    96  cap_protocol.o(i.cap_2F_send)
    cap_receive                              0x08004a9d   Thumb Code    70  cap_protocol.o(i.cap_receive)
    client_info_update                       0x08004af1   Thumb Code    36  my_judge.o(i.client_info_update)
    client_send_char                         0x08004b1d   Thumb Code   126  my_judge.o(i.client_send_char)
    client_send_seven_graphic                0x08004ba5   Thumb Code   112  my_judge.o(i.client_send_seven_graphic)
    draw_char                                0x08004c45   Thumb Code   176  my_judge.o(i.draw_char)
    draw_circle                              0x08004cf5   Thumb Code   180  my_judge.o(i.draw_circle)
    draw_int                                 0x08004da9   Thumb Code   194  my_judge.o(i.draw_int)
    draw_line                                0x08004e6b   Thumb Code   176  my_judge.o(i.draw_line)
    draw_rectangle                           0x08004f1b   Thumb Code   178  my_judge.o(i.draw_rectangle)
    driver_init                              0x08004fcd   Thumb Code    38  drive.o(i.driver_init)
    global_vary_system                       0x08004ff5   Thumb Code    40  my_judge.o(i.global_vary_system)
    int16_to_float                           0x08005029   Thumb Code    38  cap_protocol.o(i.int16_to_float)
    judge_receive                            0x08005051   Thumb Code   100  judge_protocol.o(i.judge_receive)
    judge_update                             0x080050b9   Thumb Code   174  config_judge.o(i.judge_update)
    main                                     0x08005171   Thumb Code    74  main.o(i.main)
    osDelay                                  0x080051c7   Thumb Code    14  cmsis_os.o(i.osDelay)
    osKernelStart                            0x080051d5   Thumb Code    10  cmsis_os.o(i.osKernelStart)
    osThreadCreate                           0x080051df   Thumb Code    84  cmsis_os.o(i.osThreadCreate)
    pvPortMalloc                             0x08005581   Thumb Code   216  heap_4.o(i.pvPortMalloc)
    pxPortInitialiseStack                    0x0800565d   Thumb Code    40  port.o(i.pxPortInitialiseStack)
    tick_task                                0x08005689   Thumb Code   254  my_judge.o(i.tick_task)
    trans_to_master_powerheat                0x0800578d   Thumb Code    56  serve_protocol.o(i.trans_to_master_powerheat)
    trans_to_master_robot_status             0x080057d1   Thumb Code    58  serve_protocol.o(i.trans_to_master_robot_status)
    trans_to_master_shoot_data               0x08005819   Thumb Code    26  serve_protocol.o(i.trans_to_master_shoot_data)
    uart_send_data                           0x08005931   Thumb Code    10  my_judge.o(i.uart_send_data)
    uxListRemove                             0x08005941   Thumb Code    38  list.o(i.uxListRemove)
    vApplicationGetIdleTaskMemory            0x08005969   Thumb Code    16  freertos.o(i.vApplicationGetIdleTaskMemory)
    vListInitialise                          0x0800597d   Thumb Code    22  list.o(i.vListInitialise)
    vListInitialiseItem                      0x08005993   Thumb Code     6  list.o(i.vListInitialiseItem)
    vListInsert                              0x08005999   Thumb Code    48  list.o(i.vListInsert)
    vListInsertEnd                           0x080059c9   Thumb Code    24  list.o(i.vListInsertEnd)
    vPortEnterCritical                       0x080059e1   Thumb Code    54  port.o(i.vPortEnterCritical)
    vPortExitCritical                        0x08005a21   Thumb Code    34  port.o(i.vPortExitCritical)
    vPortFree                                0x08005a49   Thumb Code    94  heap_4.o(i.vPortFree)
    vPortSetupTimerInterrupt                 0x08005aad   Thumb Code    32  port.o(i.vPortSetupTimerInterrupt)
    vTaskDelay                               0x08005ad1   Thumb Code    66  tasks.o(i.vTaskDelay)
    vTaskStartScheduler                      0x08005b1d   Thumb Code    90  tasks.o(i.vTaskStartScheduler)
    vTaskSuspendAll                          0x08005b89   Thumb Code    10  tasks.o(i.vTaskSuspendAll)
    vTaskSwitchContext                       0x08005b99   Thumb Code    82  tasks.o(i.vTaskSwitchContext)
    xPortStartScheduler                      0x08005bf5   Thumb Code   222  port.o(i.xPortStartScheduler)
    xTaskCreate                              0x08005ce9   Thumb Code    90  tasks.o(i.xTaskCreate)
    xTaskCreateStatic                        0x08005d43   Thumb Code    86  tasks.o(i.xTaskCreateStatic)
    xTaskIncrementTick                       0x08005d99   Thumb Code   194  tasks.o(i.xTaskIncrementTick)
    xTaskResumeAll                           0x08005e65   Thumb Code   182  tasks.o(i.xTaskResumeAll)
    _fp_init                                 0x08005f29   Thumb Code    10  fpinit.o(x$fpl$fpinit)
    __fplib_config_fpu_vfp                   0x08005f31   Thumb Code     0  fpinit.o(x$fpl$fpinit)
    __fplib_config_pureend_doubles           0x08005f31   Thumb Code     0  fpinit.o(x$fpl$fpinit)
    AHBPrescTable                            0x08005f74   Data          16  system_stm32f4xx.o(.constdata)
    APBPrescTable                            0x08005f84   Data           8  system_stm32f4xx.o(.constdata)
    CRC8_TAB                                 0x08005f8c   Data         256  crc8.o(.constdata)
    wCRC_Table                               0x0800608c   Data         512  crc16.o(.constdata)
    Region$$Table$$Base                      0x080062a4   Number         0  anon$$obj.o(Region$$Table)
    Region$$Table$$Limit                     0x080062c4   Number         0  anon$$obj.o(Region$$Table)
    defaultTaskHandle                        0x20000000   Data           4  freertos.o(.data)
    ControlTaskHandle                        0x20000004   Data           4  freertos.o(.data)
    uwTickFreq                               0x2000000c   Data           1  stm32f4xx_hal.o(.data)
    uwTickPrio                               0x20000010   Data           4  stm32f4xx_hal.o(.data)
    uwTick                                   0x20000014   Data           4  stm32f4xx_hal.o(.data)
    SystemCoreClock                          0x20000018   Data           4  system_stm32f4xx.o(.data)
    pxCurrentTCB                             0x2000001c   Data           4  tasks.o(.data)
    master_code_1                            0x20000084   Data           1  config_can.o(.data)
    master_code_2                            0x20000085   Data           1  config_can.o(.data)
    master_data                              0x20000086   Data           8  config_can.o(.data)
    CRC_INIT                                 0x2000008e   Data           2  crc16.o(.data)
    drv_judge_info                           0x20000090   Data           8  judge_protocol.o(.data)
    judge_frame_header                       0x20000098   Data           6  judge_protocol.o(.data)
    cap_send_buff_2E                         0x2000009e   Data           8  cap_protocol.o(.data)
    cap_send_buff_2F                         0x200000a6   Data           8  cap_protocol.o(.data)
    serve_buf_1                              0x200000ae   Data           8  serve_protocol.o(.data)
    serve_buf_2                              0x200000b6   Data           8  serve_protocol.o(.data)
    serve_buf_3                              0x200000be   Data           8  serve_protocol.o(.data)
    serve_buf_4                              0x200000c6   Data           8  serve_protocol.o(.data)
    serve_buf_5                              0x200000ce   Data           8  serve_protocol.o(.data)
    cap                                      0x200000d6   Data           2  cap.o(.data)
    judge                                    0x200000d8   Data           4  judge.o(.data)
    global_top_mode                          0x200000dc   Data           1  my_judge.o(.data)
    global_vision_status                     0x200000dd   Data           1  my_judge.o(.data)
    global_hero_control_mode                 0x200000de   Data           1  my_judge.o(.data)
    global_fric_status                       0x200000df   Data           1  my_judge.o(.data)
    global_detect_number                     0x200000e0   Data           1  my_judge.o(.data)
    char1_delay                              0x200000e2   Data           2  my_judge.o(.data)
    char2_delay                              0x200000e4   Data           2  my_judge.o(.data)
    char3_delay                              0x200000e6   Data           2  my_judge.o(.data)
    char4_delay                              0x200000e8   Data           2  my_judge.o(.data)
    group2_delay                             0x200000ea   Data           2  my_judge.o(.data)
    group3_delay                             0x200000ec   Data           2  my_judge.o(.data)
    global_fric_speed                        0x200000ee   Data           2  my_judge.o(.data)
    AIM_X                                    0x200000f0   Data           2  my_judge.o(.data)
    AIM_Y                                    0x200000f2   Data           2  my_judge.o(.data)
    client_info                              0x200000f4   Data           4  my_judge.o(.data)
    global_cap_voltage                       0x200000f8   Data           4  my_judge.o(.data)
    low_voltage                              0x200000fc   Data           4  my_judge.o(.data)
    supercap_info                            0x20000134   Data          30  my_judge.o(.data)
    top_info                                 0x20000152   Data          30  my_judge.o(.data)
    vision_info                              0x20000170   Data          30  my_judge.o(.data)
    fric_info                                0x2000018e   Data          30  my_judge.o(.data)
    top_state_1                              0x200001ac   Data          30  my_judge.o(.data)
    top_state_2                              0x200001ca   Data          30  my_judge.o(.data)
    hcan1                                    0x2000043c   Data          40  can.o(.bss)
    hcan2                                    0x20000464   Data          40  can.o(.bss)
    hiwdg                                    0x2000048c   Data          12  iwdg.o(.bss)
    htim1                                    0x20000498   Data          72  tim.o(.bss)
    htim3                                    0x200004e0   Data          72  tim.o(.bss)
    htim11                                   0x20000528   Data          72  tim.o(.bss)
    huart4                                   0x20000570   Data          68  usart.o(.bss)
    huart5                                   0x200005b4   Data          68  usart.o(.bss)
    huart1                                   0x200005f8   Data          68  usart.o(.bss)
    huart2                                   0x2000063c   Data          68  usart.o(.bss)
    huart3                                   0x20000680   Data          68  usart.o(.bss)
    hdma_uart4_rx                            0x200006c4   Data          96  usart.o(.bss)
    hdma_uart4_tx                            0x20000724   Data          96  usart.o(.bss)
    hdma_uart5_rx                            0x20000784   Data          96  usart.o(.bss)
    hdma_uart5_tx                            0x200007e4   Data          96  usart.o(.bss)
    hdma_usart1_rx                           0x20000844   Data          96  usart.o(.bss)
    hdma_usart1_tx                           0x200008a4   Data          96  usart.o(.bss)
    hdma_usart2_rx                           0x20000904   Data          96  usart.o(.bss)
    hdma_usart3_rx                           0x20000964   Data          96  usart.o(.bss)
    hdma_usart3_tx                           0x200009c4   Data          96  usart.o(.bss)
    htim2                                    0x20000a24   Data          72  stm32f4xx_hal_timebase_tim.o(.bss)
    can1_tx_buf                              0x2000475c   Data          16  drv_can.o(.bss)
    CAN_RxInfo                               0x2000476c   Data          36  drv_can.o(.bss)
    usart1_dma_rxbuf                         0x20004790   Data         350  drv_uart.o(.bss)
    usart2_dma_rxbuf                         0x200048ee   Data          48  drv_uart.o(.bss)
    usart3_dma_rxbuf                         0x2000491e   Data         200  drv_uart.o(.bss)
    usart4_dma_rxbuf                         0x200049e6   Data         200  drv_uart.o(.bss)
    usart5_dma_rxbuf                         0x20004aae   Data         200  drv_uart.o(.bss)
    cap_receive_data                         0x20004b78   Data          12  cap_protocol.o(.bss)
    judge_send_info                          0x20004b88   Data          96  judge.o(.bss)
    client_tx_buf                            0x20004be8   Data         128  my_judge.o(.bss)
    global_receive                           0x20004c68   Data          36  my_judge.o(.bss)
    mode_char_buff                           0x20004c8c   Data          15  my_judge.o(.bss)
    mode_char_character                      0x20004c9b   Data          45  my_judge.o(.bss)
    top_mode_buff                            0x20004cc8   Data          15  my_judge.o(.bss)
    top_mode_character                       0x20004cd7   Data          45  my_judge.o(.bss)
    vision_mode_buff                         0x20004d04   Data          15  my_judge.o(.bss)
    vision_mode_character                    0x20004d13   Data          45  my_judge.o(.bss)
    fric_mode_buff                           0x20004d40   Data          15  my_judge.o(.bss)
    fric_mode_character                      0x20004d4f   Data          45  my_judge.o(.bss)
    top_state_buff                           0x20004d7c   Data          15  my_judge.o(.bss)
    top_state_character                      0x20004d8b   Data          45  my_judge.o(.bss)
    Group1                                   0x20004db8   Data         105  my_judge.o(.bss)
    Group4                                   0x20004e21   Data         105  my_judge.o(.bss)
    Group2                                   0x20004e8a   Data         105  my_judge.o(.bss)
    Group3                                   0x20004ef3   Data         105  my_judge.o(.bss)
    Group5                                   0x20004f5c   Data         105  my_judge.o(.bss)
    __libspace_start                         0x20004fc8   Data          96  libspace.o(.bss)
    __temporary_stack_top$libspace           0x20005028   Data           0  libspace.o(.bss)



==============================================================================

Memory Map of the image

  Image Entry point : 0x08000189

  Load Region LR_IROM1 (Base: 0x08000000, Size: 0x000064ac, Max: 0x00080000, ABSOLUTE, COMPRESSED[0x0000631c])

    Execution Region ER_IROM1 (Exec base: 0x08000000, Load base: 0x08000000, Size: 0x000062c4, Max: 0x00080000, ABSOLUTE)

    Exec Addr    Load Addr    Size         Type   Attr      Idx    E Section Name        Object

    0x08000000   0x08000000   0x00000188   Data   RO            3    RESET               startup_stm32f407xx.o
    0x08000188   0x08000188   0x00000008   Code   RO         5730  * !!!main             c_w.l(__main.o)
    0x08000190   0x08000190   0x00000034   Code   RO         5899    !!!scatter          c_w.l(__scatter.o)
    0x080001c4   0x080001c4   0x0000005a   Code   RO         5897    !!dczerorl2         c_w.l(__dczerorl2.o)
    0x0800021e   0x0800021e   0x00000002   PAD
    0x08000220   0x08000220   0x0000001c   Code   RO         5901    !!handler_zi        c_w.l(__scatter_zi.o)
    0x0800023c   0x0800023c   0x00000002   Code   RO         5767    .ARM.Collect$$libinit$$00000000  c_w.l(libinit.o)
    0x0800023e   0x0800023e   0x00000004   Code   RO         5779    .ARM.Collect$$libinit$$00000001  c_w.l(libinit2.o)
    0x08000242   0x08000242   0x00000000   Code   RO         5782    .ARM.Collect$$libinit$$00000004  c_w.l(libinit2.o)
    0x08000242   0x08000242   0x00000000   Code   RO         5785    .ARM.Collect$$libinit$$0000000A  c_w.l(libinit2.o)
    0x08000242   0x08000242   0x00000000   Code   RO         5787    .ARM.Collect$$libinit$$0000000C  c_w.l(libinit2.o)
    0x08000242   0x08000242   0x00000000   Code   RO         5789    .ARM.Collect$$libinit$$0000000E  c_w.l(libinit2.o)
    0x08000242   0x08000242   0x00000000   Code   RO         5792    .ARM.Collect$$libinit$$00000011  c_w.l(libinit2.o)
    0x08000242   0x08000242   0x00000000   Code   RO         5794    .ARM.Collect$$libinit$$00000013  c_w.l(libinit2.o)
    0x08000242   0x08000242   0x00000000   Code   RO         5796    .ARM.Collect$$libinit$$00000015  c_w.l(libinit2.o)
    0x08000242   0x08000242   0x00000000   Code   RO         5798    .ARM.Collect$$libinit$$00000017  c_w.l(libinit2.o)
    0x08000242   0x08000242   0x00000000   Code   RO         5800    .ARM.Collect$$libinit$$00000019  c_w.l(libinit2.o)
    0x08000242   0x08000242   0x00000000   Code   RO         5802    .ARM.Collect$$libinit$$0000001B  c_w.l(libinit2.o)
    0x08000242   0x08000242   0x00000000   Code   RO         5804    .ARM.Collect$$libinit$$0000001D  c_w.l(libinit2.o)
    0x08000242   0x08000242   0x00000000   Code   RO         5806    .ARM.Collect$$libinit$$0000001F  c_w.l(libinit2.o)
    0x08000242   0x08000242   0x00000000   Code   RO         5808    .ARM.Collect$$libinit$$00000021  c_w.l(libinit2.o)
    0x08000242   0x08000242   0x00000000   Code   RO         5810    .ARM.Collect$$libinit$$00000023  c_w.l(libinit2.o)
    0x08000242   0x08000242   0x00000000   Code   RO         5812    .ARM.Collect$$libinit$$00000025  c_w.l(libinit2.o)
    0x08000242   0x08000242   0x00000000   Code   RO         5816    .ARM.Collect$$libinit$$0000002C  c_w.l(libinit2.o)
    0x08000242   0x08000242   0x00000000   Code   RO         5818    .ARM.Collect$$libinit$$0000002E  c_w.l(libinit2.o)
    0x08000242   0x08000242   0x00000000   Code   RO         5820    .ARM.Collect$$libinit$$00000030  c_w.l(libinit2.o)
    0x08000242   0x08000242   0x00000000   Code   RO         5822    .ARM.Collect$$libinit$$00000032  c_w.l(libinit2.o)
    0x08000242   0x08000242   0x00000002   Code   RO         5823    .ARM.Collect$$libinit$$00000033  c_w.l(libinit2.o)
    0x08000244   0x08000244   0x00000002   Code   RO         5854    .ARM.Collect$$libshutdown$$00000000  c_w.l(libshutdown.o)
    0x08000246   0x08000246   0x00000000   Code   RO         5880    .ARM.Collect$$libshutdown$$00000002  c_w.l(libshutdown2.o)
    0x08000246   0x08000246   0x00000000   Code   RO         5882    .ARM.Collect$$libshutdown$$00000004  c_w.l(libshutdown2.o)
    0x08000246   0x08000246   0x00000000   Code   RO         5885    .ARM.Collect$$libshutdown$$00000007  c_w.l(libshutdown2.o)
    0x08000246   0x08000246   0x00000000   Code   RO         5888    .ARM.Collect$$libshutdown$$0000000A  c_w.l(libshutdown2.o)
    0x08000246   0x08000246   0x00000000   Code   RO         5890    .ARM.Collect$$libshutdown$$0000000C  c_w.l(libshutdown2.o)
    0x08000246   0x08000246   0x00000000   Code   RO         5893    .ARM.Collect$$libshutdown$$0000000F  c_w.l(libshutdown2.o)
    0x08000246   0x08000246   0x00000002   Code   RO         5894    .ARM.Collect$$libshutdown$$00000010  c_w.l(libshutdown2.o)
    0x08000248   0x08000248   0x00000000   Code   RO         5732    .ARM.Collect$$rtentry$$00000000  c_w.l(__rtentry.o)
    0x08000248   0x08000248   0x00000000   Code   RO         5738    .ARM.Collect$$rtentry$$00000002  c_w.l(__rtentry2.o)
    0x08000248   0x08000248   0x00000006   Code   RO         5750    .ARM.Collect$$rtentry$$00000004  c_w.l(__rtentry4.o)
    0x0800024e   0x0800024e   0x00000000   Code   RO         5740    .ARM.Collect$$rtentry$$00000009  c_w.l(__rtentry2.o)
    0x0800024e   0x0800024e   0x00000004   Code   RO         5741    .ARM.Collect$$rtentry$$0000000A  c_w.l(__rtentry2.o)
    0x08000252   0x08000252   0x00000000   Code   RO         5743    .ARM.Collect$$rtentry$$0000000C  c_w.l(__rtentry2.o)
    0x08000252   0x08000252   0x00000008   Code   RO         5744    .ARM.Collect$$rtentry$$0000000D  c_w.l(__rtentry2.o)
    0x0800025a   0x0800025a   0x00000002   Code   RO         5771    .ARM.Collect$$rtexit$$00000000  c_w.l(rtexit.o)
    0x0800025c   0x0800025c   0x00000000   Code   RO         5827    .ARM.Collect$$rtexit$$00000002  c_w.l(rtexit2.o)
    0x0800025c   0x0800025c   0x00000004   Code   RO         5828    .ARM.Collect$$rtexit$$00000003  c_w.l(rtexit2.o)
    0x08000260   0x08000260   0x00000006   Code   RO         5829    .ARM.Collect$$rtexit$$00000004  c_w.l(rtexit2.o)
    0x08000266   0x08000266   0x00000002   PAD
    0x08000268   0x08000268   0x000000be   Code   RO         4741    .emb_text           port.o
    0x08000326   0x08000326   0x00000002   PAD
    0x08000328   0x08000328   0x00000040   Code   RO            4    .text               startup_stm32f407xx.o
    0x08000368   0x08000368   0x000000ee   Code   RO         5714    .text               c_w.l(lludivv7m.o)
    0x08000456   0x08000456   0x0000003e   Code   RO         5716    .text               c_w.l(strlen.o)
    0x08000494   0x08000494   0x0000008a   Code   RO         5718    .text               c_w.l(rt_memcpy_v6.o)
    0x0800051e   0x0800051e   0x00000064   Code   RO         5720    .text               c_w.l(rt_memcpy_w.o)
    0x08000582   0x08000582   0x00000044   Code   RO         5724    .text               c_w.l(rt_memclr.o)
    0x080005c6   0x080005c6   0x0000004e   Code   RO         5726    .text               c_w.l(rt_memclr_w.o)
    0x08000614   0x08000614   0x00000006   Code   RO         5728    .text               c_w.l(heapauxi.o)
    0x0800061a   0x0800061a   0x0000004a   Code   RO         5754    .text               c_w.l(sys_stackheap_outer.o)
    0x08000664   0x08000664   0x00000012   Code   RO         5756    .text               c_w.l(exit.o)
    0x08000676   0x08000676   0x00000002   PAD
    0x08000678   0x08000678   0x00000008   Code   RO         5768    .text               c_w.l(libspace.o)
    0x08000680   0x08000680   0x0000000c   Code   RO         5824    .text               c_w.l(sys_exit.o)
    0x0800068c   0x0800068c   0x00000002   Code   RO         5843    .text               c_w.l(use_no_semi.o)
    0x0800068e   0x0800068e   0x00000000   Code   RO         5845    .text               c_w.l(indicate_semi.o)
    0x0800068e   0x0800068e   0x00000002   PAD
    0x08000690   0x08000690   0x00000028   Code   RO         5232    i.Append_CRC16_Check_Sum  crc16.o
    0x080006b8   0x080006b8   0x00000020   Code   RO         5189    i.Append_CRC8_Check_Num  crc8.o
    0x080006d8   0x080006d8   0x0000007c   Code   RO         5148    i.Armor_Hurt_Detect  config_judge.o
    0x08000754   0x08000754   0x00000002   Code   RO          534    i.BusFault_Handler  stm32f4xx_it.o
    0x08000756   0x08000756   0x00000002   PAD
    0x08000758   0x08000758   0x000000ac   Code   RO         5045    i.CAN1_Get_Data     config_can.o
    0x08000804   0x08000804   0x00000028   Code   RO         4821    i.CAN1_Init         drv_can.o
    0x0800082c   0x0800082c   0x0000000c   Code   RO          535    i.CAN1_RX0_IRQHandler  stm32f4xx_it.o
    0x08000838   0x08000838   0x0000000c   Code   RO         5046    i.CAN2_Get_Data     config_can.o
    0x08000844   0x08000844   0x00000028   Code   RO         4822    i.CAN2_Init         drv_can.o
    0x0800086c   0x0800086c   0x0000000c   Code   RO          536    i.CAN2_RX0_IRQHandler  stm32f4xx_it.o
    0x08000878   0x08000878   0x0000001a   Code   RO         4823    i.CAN_Filter_ParamsInit  drv_can.o
    0x08000892   0x08000892   0x00000002   PAD
    0x08000894   0x08000894   0x00000038   Code   RO         4824    i.CAN_SendData      drv_can.o
    0x080008cc   0x080008cc   0x00000034   Code   RO         5687    i.Control_Task      tasks_1.o
    0x08000900   0x08000900   0x0000000c   Code   RO          537    i.DMA1_Stream0_IRQHandler  stm32f4xx_it.o
    0x0800090c   0x0800090c   0x0000000c   Code   RO          538    i.DMA1_Stream1_IRQHandler  stm32f4xx_it.o
    0x08000918   0x08000918   0x0000000c   Code   RO          539    i.DMA1_Stream2_IRQHandler  stm32f4xx_it.o
    0x08000924   0x08000924   0x0000000c   Code   RO          540    i.DMA1_Stream3_IRQHandler  stm32f4xx_it.o
    0x08000930   0x08000930   0x0000000c   Code   RO          541    i.DMA1_Stream4_IRQHandler  stm32f4xx_it.o
    0x0800093c   0x0800093c   0x0000000c   Code   RO          542    i.DMA1_Stream5_IRQHandler  stm32f4xx_it.o
    0x08000948   0x08000948   0x0000000c   Code   RO          543    i.DMA1_Stream7_IRQHandler  stm32f4xx_it.o
    0x08000954   0x08000954   0x0000000c   Code   RO          544    i.DMA2_Stream2_IRQHandler  stm32f4xx_it.o
    0x08000960   0x08000960   0x0000000c   Code   RO          545    i.DMA2_Stream7_IRQHandler  stm32f4xx_it.o
    0x0800096c   0x0800096c   0x00000244   Code   RO         4892    i.DMAEx_MultiBufferStart_NoIT  drv_uart.o
    0x08000bb0   0x08000bb0   0x00000028   Code   RO         1453    i.DMA_CalcBaseAndBitshift  stm32f4xx_hal_dma.o
    0x08000bd8   0x08000bd8   0x00000054   Code   RO         1454    i.DMA_CheckFifoParam  stm32f4xx_hal_dma.o
    0x08000c2c   0x08000c2c   0x00000028   Code   RO         1455    i.DMA_SetConfig     stm32f4xx_hal_dma.o
    0x08000c54   0x08000c54   0x00000062   Code   RO         4893    i.DMA_Start         drv_uart.o
    0x08000cb6   0x08000cb6   0x00000014   Code   RO         4894    i.DRV_UART_IRQHandler  drv_uart.o
    0x08000cca   0x08000cca   0x00000002   Code   RO          546    i.DebugMon_Handler  stm32f4xx_it.o
    0x08000ccc   0x08000ccc   0x00000004   Code   RO           13    i.Error_Handler     main.o
    0x08000cd0   0x08000cd0   0x00000018   Code   RO         5007    i.FRICTION_PwmOut   drv_tim.o
    0x08000ce8   0x08000ce8   0x0000002c   Code   RO         5233    i.Get_CRC16_Check_Sum  crc16.o
    0x08000d14   0x08000d14   0x00000020   Code   RO         5190    i.Get_CRC8_Check_Num  crc8.o
    0x08000d34   0x08000d34   0x00000024   Code   RO          761    i.HAL_CAN_ActivateNotification  stm32f4xx_hal_can.o
    0x08000d58   0x08000d58   0x000000c8   Code   RO          762    i.HAL_CAN_AddTxMessage  stm32f4xx_hal_can.o
    0x08000e20   0x08000e20   0x0000010c   Code   RO          763    i.HAL_CAN_ConfigFilter  stm32f4xx_hal_can.o
    0x08000f2c   0x08000f2c   0x00000002   Code   RO          766    i.HAL_CAN_ErrorCallback  stm32f4xx_hal_can.o
    0x08000f2e   0x08000f2e   0x000000e8   Code   RO          769    i.HAL_CAN_GetRxMessage  stm32f4xx_hal_can.o
    0x08001016   0x08001016   0x000001fc   Code   RO          773    i.HAL_CAN_IRQHandler  stm32f4xx_hal_can.o
    0x08001212   0x08001212   0x0000011a   Code   RO          774    i.HAL_CAN_Init      stm32f4xx_hal_can.o
    0x0800132c   0x0800132c   0x000000fc   Code   RO          306    i.HAL_CAN_MspInit   can.o
    0x08001428   0x08001428   0x00000002   Code   RO          781    i.HAL_CAN_RxFifo0FullCallback  stm32f4xx_hal_can.o
    0x0800142a   0x0800142a   0x00000002   PAD
    0x0800142c   0x0800142c   0x00000048   Code   RO         4826    i.HAL_CAN_RxFifo0MsgPendingCallback  drv_can.o
    0x08001474   0x08001474   0x00000002   Code   RO          783    i.HAL_CAN_RxFifo1FullCallback  stm32f4xx_hal_can.o
    0x08001476   0x08001476   0x00000002   Code   RO          784    i.HAL_CAN_RxFifo1MsgPendingCallback  stm32f4xx_hal_can.o
    0x08001478   0x08001478   0x00000002   Code   RO          785    i.HAL_CAN_SleepCallback  stm32f4xx_hal_can.o
    0x0800147a   0x0800147a   0x00000002   PAD
    0x0800147c   0x0800147c   0x00000058   Code   RO          786    i.HAL_CAN_Start     stm32f4xx_hal_can.o
    0x080014d4   0x080014d4   0x00000002   Code   RO          788    i.HAL_CAN_TxMailbox0AbortCallback  stm32f4xx_hal_can.o
    0x080014d6   0x080014d6   0x00000002   Code   RO          789    i.HAL_CAN_TxMailbox0CompleteCallback  stm32f4xx_hal_can.o
    0x080014d8   0x080014d8   0x00000002   Code   RO          790    i.HAL_CAN_TxMailbox1AbortCallback  stm32f4xx_hal_can.o
    0x080014da   0x080014da   0x00000002   Code   RO          791    i.HAL_CAN_TxMailbox1CompleteCallback  stm32f4xx_hal_can.o
    0x080014dc   0x080014dc   0x00000002   Code   RO          792    i.HAL_CAN_TxMailbox2AbortCallback  stm32f4xx_hal_can.o
    0x080014de   0x080014de   0x00000002   Code   RO          793    i.HAL_CAN_TxMailbox2CompleteCallback  stm32f4xx_hal_can.o
    0x080014e0   0x080014e0   0x00000002   Code   RO          795    i.HAL_CAN_WakeUpFromRxMsgCallback  stm32f4xx_hal_can.o
    0x080014e2   0x080014e2   0x00000092   Code   RO         1456    i.HAL_DMA_Abort     stm32f4xx_hal_dma.o
    0x08001574   0x08001574   0x00000024   Code   RO         1457    i.HAL_DMA_Abort_IT  stm32f4xx_hal_dma.o
    0x08001598   0x08001598   0x000001a0   Code   RO         1461    i.HAL_DMA_IRQHandler  stm32f4xx_hal_dma.o
    0x08001738   0x08001738   0x000000d4   Code   RO         1462    i.HAL_DMA_Init      stm32f4xx_hal_dma.o
    0x0800180c   0x0800180c   0x0000006e   Code   RO         1466    i.HAL_DMA_Start_IT  stm32f4xx_hal_dma.o
    0x0800187a   0x0800187a   0x00000002   PAD
    0x0800187c   0x0800187c   0x000001f0   Code   RO         1349    i.HAL_GPIO_Init     stm32f4xx_hal_gpio.o
    0x08001a6c   0x08001a6c   0x0000000c   Code   RO         1881    i.HAL_GetTick       stm32f4xx_hal.o
    0x08001a78   0x08001a78   0x0000005a   Code   RO         2126    i.HAL_IWDG_Init     stm32f4xx_hal_iwdg.o
    0x08001ad2   0x08001ad2   0x0000000c   Code   RO         2127    i.HAL_IWDG_Refresh  stm32f4xx_hal_iwdg.o
    0x08001ade   0x08001ade   0x00000002   PAD
    0x08001ae0   0x08001ae0   0x00000010   Code   RO         1887    i.HAL_IncTick       stm32f4xx_hal.o
    0x08001af0   0x08001af0   0x00000034   Code   RO         1888    i.HAL_Init          stm32f4xx_hal.o
    0x08001b24   0x08001b24   0x00000074   Code   RO          721    i.HAL_InitTick      stm32f4xx_hal_timebase_tim.o
    0x08001b98   0x08001b98   0x00000038   Code   RO          697    i.HAL_MspInit       stm32f4xx_hal_msp.o
    0x08001bd0   0x08001bd0   0x0000001a   Code   RO         1738    i.HAL_NVIC_EnableIRQ  stm32f4xx_hal_cortex.o
    0x08001bea   0x08001bea   0x00000002   PAD
    0x08001bec   0x08001bec   0x00000040   Code   RO         1744    i.HAL_NVIC_SetPriority  stm32f4xx_hal_cortex.o
    0x08001c2c   0x08001c2c   0x00000024   Code   RO         1745    i.HAL_NVIC_SetPriorityGrouping  stm32f4xx_hal_cortex.o
    0x08001c50   0x08001c50   0x00000134   Code   RO          995    i.HAL_RCC_ClockConfig  stm32f4xx_hal_rcc.o
    0x08001d84   0x08001d84   0x00000040   Code   RO          999    i.HAL_RCC_GetClockConfig  stm32f4xx_hal_rcc.o
    0x08001dc4   0x08001dc4   0x00000020   Code   RO         1002    i.HAL_RCC_GetPCLK1Freq  stm32f4xx_hal_rcc.o
    0x08001de4   0x08001de4   0x00000020   Code   RO         1003    i.HAL_RCC_GetPCLK2Freq  stm32f4xx_hal_rcc.o
    0x08001e04   0x08001e04   0x00000064   Code   RO         1004    i.HAL_RCC_GetSysClockFreq  stm32f4xx_hal_rcc.o
    0x08001e68   0x08001e68   0x0000036c   Code   RO         1007    i.HAL_RCC_OscConfig  stm32f4xx_hal_rcc.o
    0x080021d4   0x080021d4   0x00000002   Code   RO         2862    i.HAL_TIMEx_BreakCallback  stm32f4xx_hal_tim_ex.o
    0x080021d6   0x080021d6   0x00000002   Code   RO         2863    i.HAL_TIMEx_CommutCallback  stm32f4xx_hal_tim_ex.o
    0x080021d8   0x080021d8   0x00000054   Code   RO         2865    i.HAL_TIMEx_ConfigBreakDeadTime  stm32f4xx_hal_tim_ex.o
    0x0800222c   0x0800222c   0x00000090   Code   RO         2881    i.HAL_TIMEx_MasterConfigSynchronization  stm32f4xx_hal_tim_ex.o
    0x080022bc   0x080022bc   0x0000005a   Code   RO         2158    i.HAL_TIM_Base_Init  stm32f4xx_hal_tim.o
    0x08002316   0x08002316   0x00000002   PAD
    0x08002318   0x08002318   0x00000060   Code   RO          409    i.HAL_TIM_Base_MspInit  tim.o
    0x08002378   0x08002378   0x00000080   Code   RO         2163    i.HAL_TIM_Base_Start_IT  stm32f4xx_hal_tim.o
    0x080023f8   0x080023f8   0x000000dc   Code   RO         2167    i.HAL_TIM_ConfigClockSource  stm32f4xx_hal_tim.o
    0x080024d4   0x080024d4   0x00000002   Code   RO         2192    i.HAL_TIM_IC_CaptureCallback  stm32f4xx_hal_tim.o
    0x080024d6   0x080024d6   0x00000166   Code   RO         2206    i.HAL_TIM_IRQHandler  stm32f4xx_hal_tim.o
    0x0800263c   0x0800263c   0x000000b4   Code   RO          410    i.HAL_TIM_MspPostInit  tim.o
    0x080026f0   0x080026f0   0x00000002   Code   RO         2209    i.HAL_TIM_OC_DelayElapsedCallback  stm32f4xx_hal_tim.o
    0x080026f2   0x080026f2   0x000000cc   Code   RO         2230    i.HAL_TIM_PWM_ConfigChannel  stm32f4xx_hal_tim.o
    0x080027be   0x080027be   0x0000005a   Code   RO         2233    i.HAL_TIM_PWM_Init  stm32f4xx_hal_tim.o
    0x08002818   0x08002818   0x00000002   Code   RO         2235    i.HAL_TIM_PWM_MspInit  stm32f4xx_hal_tim.o
    0x0800281a   0x0800281a   0x00000002   Code   RO         2236    i.HAL_TIM_PWM_PulseFinishedCallback  stm32f4xx_hal_tim.o
    0x0800281c   0x0800281c   0x000000c8   Code   RO         2238    i.HAL_TIM_PWM_Start  stm32f4xx_hal_tim.o
    0x080028e4   0x080028e4   0x0000000e   Code   RO           14    i.HAL_TIM_PeriodElapsedCallback  main.o
    0x080028f2   0x080028f2   0x00000002   Code   RO         2249    i.HAL_TIM_TriggerCallback  stm32f4xx_hal_tim.o
    0x080028f4   0x080028f4   0x00000002   Code   RO         3140    i.HAL_UARTEx_RxEventCallback  stm32f4xx_hal_uart.o
    0x080028f6   0x080028f6   0x00000002   Code   RO         3154    i.HAL_UART_ErrorCallback  stm32f4xx_hal_uart.o
    0x080028f8   0x080028f8   0x00000268   Code   RO         3157    i.HAL_UART_IRQHandler  stm32f4xx_hal_uart.o
    0x08002b60   0x08002b60   0x00000062   Code   RO         3158    i.HAL_UART_Init     stm32f4xx_hal_uart.o
    0x08002bc2   0x08002bc2   0x00000002   PAD
    0x08002bc4   0x08002bc4   0x00000404   Code   RO          469    i.HAL_UART_MspInit  usart.o
    0x08002fc8   0x08002fc8   0x00000002   Code   RO         3164    i.HAL_UART_RxCpltCallback  stm32f4xx_hal_uart.o
    0x08002fca   0x08002fca   0x00000002   PAD
    0x08002fcc   0x08002fcc   0x0000008c   Code   RO         3167    i.HAL_UART_Transmit_DMA  stm32f4xx_hal_uart.o
    0x08003058   0x08003058   0x00000002   Code   RO         3169    i.HAL_UART_TxCpltCallback  stm32f4xx_hal_uart.o
    0x0800305a   0x0800305a   0x00000002   Code   RO         3170    i.HAL_UART_TxHalfCpltCallback  stm32f4xx_hal_uart.o
    0x0800305c   0x0800305c   0x00000002   Code   RO          547    i.HardFault_Handler  stm32f4xx_it.o
    0x0800305e   0x0800305e   0x00000002   PAD
    0x08003060   0x08003060   0x00000048   Code   RO          307    i.MX_CAN1_Init      can.o
    0x080030a8   0x080030a8   0x00000048   Code   RO          308    i.MX_CAN2_Init      can.o
    0x080030f0   0x080030f0   0x000000bc   Code   RO          354    i.MX_DMA_Init       dma.o
    0x080031ac   0x080031ac   0x0000003c   Code   RO          250    i.MX_FREERTOS_Init  freertos.o
    0x080031e8   0x080031e8   0x0000006c   Code   RO          225    i.MX_GPIO_Init      gpio.o
    0x08003254   0x08003254   0x0000002c   Code   RO          378    i.MX_IWDG_Init      iwdg.o
    0x08003280   0x08003280   0x00000068   Code   RO          411    i.MX_TIM11_Init     tim.o
    0x080032e8   0x080032e8   0x000000cc   Code   RO          412    i.MX_TIM1_Init      tim.o
    0x080033b4   0x080033b4   0x000000a8   Code   RO          413    i.MX_TIM3_Init      tim.o
    0x0800345c   0x0800345c   0x00000038   Code   RO          470    i.MX_UART4_Init     usart.o
    0x08003494   0x08003494   0x00000038   Code   RO          471    i.MX_UART5_Init     usart.o
    0x080034cc   0x080034cc   0x00000038   Code   RO          472    i.MX_USART1_UART_Init  usart.o
    0x08003504   0x08003504   0x00000038   Code   RO          473    i.MX_USART2_UART_Init  usart.o
    0x0800353c   0x0800353c   0x00000038   Code   RO          474    i.MX_USART3_UART_Init  usart.o
    0x08003574   0x08003574   0x00000002   Code   RO          548    i.MemManage_Handler  stm32f4xx_it.o
    0x08003576   0x08003576   0x00000002   Code   RO          549    i.NMI_Handler       stm32f4xx_it.o
    0x08003578   0x08003578   0x0000004c   Code   RO         5008    i.PWM_Init          drv_tim.o
    0x080035c4   0x080035c4   0x00000008   Code   RO          251    i.StartDefaultTask  freertos.o
    0x080035cc   0x080035cc   0x0000002c   Code   RO         4742    i.SysTick_Handler   port.o
    0x080035f8   0x080035f8   0x0000009c   Code   RO           15    i.SystemClock_Config  main.o
    0x08003694   0x08003694   0x00000010   Code   RO         3487    i.SystemInit        system_stm32f4xx.o
    0x080036a4   0x080036a4   0x0000000c   Code   RO          550    i.TIM2_IRQHandler   stm32f4xx_it.o
    0x080036b0   0x080036b0   0x000000c8   Code   RO         2251    i.TIM_Base_SetConfig  stm32f4xx_hal_tim.o
    0x08003778   0x08003778   0x0000001a   Code   RO         2252    i.TIM_CCxChannelCmd  stm32f4xx_hal_tim.o
    0x08003792   0x08003792   0x00000014   Code   RO         2262    i.TIM_ETR_SetConfig  stm32f4xx_hal_tim.o
    0x080037a6   0x080037a6   0x00000010   Code   RO         2263    i.TIM_ITRx_SetConfig  stm32f4xx_hal_tim.o
    0x080037b6   0x080037b6   0x00000002   PAD
    0x080037b8   0x080037b8   0x00000060   Code   RO         2264    i.TIM_OC1_SetConfig  stm32f4xx_hal_tim.o
    0x08003818   0x08003818   0x0000006c   Code   RO         2265    i.TIM_OC2_SetConfig  stm32f4xx_hal_tim.o
    0x08003884   0x08003884   0x00000068   Code   RO         2266    i.TIM_OC3_SetConfig  stm32f4xx_hal_tim.o
    0x080038ec   0x080038ec   0x00000050   Code   RO         2267    i.TIM_OC4_SetConfig  stm32f4xx_hal_tim.o
    0x0800393c   0x0800393c   0x00000022   Code   RO         2269    i.TIM_TI1_ConfigInputStage  stm32f4xx_hal_tim.o
    0x0800395e   0x0800395e   0x00000024   Code   RO         2271    i.TIM_TI2_ConfigInputStage  stm32f4xx_hal_tim.o
    0x08003982   0x08003982   0x00000002   PAD
    0x08003984   0x08003984   0x00000018   Code   RO          551    i.UART4_IRQHandler  stm32f4xx_it.o
    0x0800399c   0x0800399c   0x00000018   Code   RO          552    i.UART5_IRQHandler  stm32f4xx_it.o
    0x080039b4   0x080039b4   0x00000010   Code   RO         3171    i.UART_DMAAbortOnError  stm32f4xx_hal_uart.o
    0x080039c4   0x080039c4   0x0000004a   Code   RO         3172    i.UART_DMAError     stm32f4xx_hal_uart.o
    0x08003a0e   0x08003a0e   0x00000042   Code   RO         3177    i.UART_DMATransmitCplt  stm32f4xx_hal_uart.o
    0x08003a50   0x08003a50   0x0000000a   Code   RO         3179    i.UART_DMATxHalfCplt  stm32f4xx_hal_uart.o
    0x08003a5a   0x08003a5a   0x0000004e   Code   RO         3181    i.UART_EndRxTransfer  stm32f4xx_hal_uart.o
    0x08003aa8   0x08003aa8   0x0000001c   Code   RO         3182    i.UART_EndTxTransfer  stm32f4xx_hal_uart.o
    0x08003ac4   0x08003ac4   0x000000c0   Code   RO         3183    i.UART_Receive_IT   stm32f4xx_hal_uart.o
    0x08003b84   0x08003b84   0x0000010c   Code   RO         3184    i.UART_SetConfig    stm32f4xx_hal_uart.o
    0x08003c90   0x08003c90   0x0000025c   Code   RO         5470    i.UI_send_Group1    my_judge.o
    0x08003eec   0x08003eec   0x000001c4   Code   RO         5471    i.UI_send_Group2    my_judge.o
    0x080040b0   0x080040b0   0x000001d0   Code   RO         5472    i.UI_send_Group3    my_judge.o
    0x08004280   0x08004280   0x000001cc   Code   RO         5473    i.UI_send_Group4    my_judge.o
    0x0800444c   0x0800444c   0x000000ac   Code   RO         5474    i.UI_send_Group5    my_judge.o
    0x080044f8   0x080044f8   0x0000008c   Code   RO         5475    i.UI_send_char_1    my_judge.o
    0x08004584   0x08004584   0x0000008c   Code   RO         5476    i.UI_send_char_2    my_judge.o
    0x08004610   0x08004610   0x0000008c   Code   RO         5477    i.UI_send_char_3    my_judge.o
    0x0800469c   0x0800469c   0x0000008c   Code   RO         5478    i.UI_send_char_4    my_judge.o
    0x08004728   0x08004728   0x000000cc   Code   RO         5479    i.UI_send_char_5    my_judge.o
    0x080047f4   0x080047f4   0x00000018   Code   RO          553    i.USART1_IRQHandler  stm32f4xx_it.o
    0x0800480c   0x0800480c   0x00000038   Code   RO         4895    i.USART1_Init       drv_uart.o
    0x08004844   0x08004844   0x00000002   Code   RO         5093    i.USART1_rxDataHandler  config_uart.o
    0x08004846   0x08004846   0x00000002   PAD
    0x08004848   0x08004848   0x00000018   Code   RO          554    i.USART2_IRQHandler  stm32f4xx_it.o
    0x08004860   0x08004860   0x0000003c   Code   RO         4896    i.USART2_Init       drv_uart.o
    0x0800489c   0x0800489c   0x00000002   Code   RO         5094    i.USART2_rxDataHandler  config_uart.o
    0x0800489e   0x0800489e   0x00000002   PAD
    0x080048a0   0x080048a0   0x00000018   Code   RO          555    i.USART3_IRQHandler  stm32f4xx_it.o
    0x080048b8   0x080048b8   0x00000038   Code   RO         4897    i.USART3_Init       drv_uart.o
    0x080048f0   0x080048f0   0x00000002   Code   RO         5095    i.USART3_rxDataHandler  config_uart.o
    0x080048f2   0x080048f2   0x00000002   PAD
    0x080048f4   0x080048f4   0x00000038   Code   RO         4898    i.USART4_Init       drv_uart.o
    0x0800492c   0x0800492c   0x00000004   Code   RO         5096    i.USART4_rxDataHandler  config_uart.o
    0x08004930   0x08004930   0x00000038   Code   RO         4899    i.USART5_Init       drv_uart.o
    0x08004968   0x08004968   0x00000002   Code   RO         5097    i.USART5_rxDataHandler  config_uart.o
    0x0800496a   0x0800496a   0x00000002   Code   RO          556    i.UsageFault_Handler  stm32f4xx_it.o
    0x0800496c   0x0800496c   0x0000003c   Code   RO         5234    i.Verify_CRC16_Check_Sum  crc16.o
    0x080049a8   0x080049a8   0x0000002a   Code   RO         5191    i.Verify_CRC8_Check_Sum  crc8.o
    0x080049d2   0x080049d2   0x00000020   Code   RO         1751    i.__NVIC_SetPriority  stm32f4xx_hal_cortex.o
    0x080049f2   0x080049f2   0x00000002   PAD
    0x080049f4   0x080049f4   0x00000038   Code   RO         5312    i.cap_2E_send       cap_protocol.o
    0x08004a2c   0x08004a2c   0x00000070   Code   RO         5313    i.cap_2F_send       cap_protocol.o
    0x08004a9c   0x08004a9c   0x00000054   Code   RO         5314    i.cap_receive       cap_protocol.o
    0x08004af0   0x08004af0   0x0000002c   Code   RO         5483    i.client_info_update  my_judge.o
    0x08004b1c   0x08004b1c   0x00000088   Code   RO         5484    i.client_send_char  my_judge.o
    0x08004ba4   0x08004ba4   0x00000078   Code   RO         5487    i.client_send_seven_graphic  my_judge.o
    0x08004c1c   0x08004c1c   0x00000014   Code   RO         4900    i.dma_m0_rxcplt_callback  drv_uart.o
    0x08004c30   0x08004c30   0x00000014   Code   RO         4901    i.dma_m1_rxcplt_callback  drv_uart.o
    0x08004c44   0x08004c44   0x000000b0   Code   RO         5490    i.draw_char         my_judge.o
    0x08004cf4   0x08004cf4   0x000000b4   Code   RO         5491    i.draw_circle       my_judge.o
    0x08004da8   0x08004da8   0x000000c2   Code   RO         5494    i.draw_int          my_judge.o
    0x08004e6a   0x08004e6a   0x000000b0   Code   RO         5495    i.draw_line         my_judge.o
    0x08004f1a   0x08004f1a   0x000000b2   Code   RO         5496    i.draw_rectangle    my_judge.o
    0x08004fcc   0x08004fcc   0x00000026   Code   RO         4978    i.driver_init       drive.o
    0x08004ff2   0x08004ff2   0x00000002   PAD
    0x08004ff4   0x08004ff4   0x00000034   Code   RO         5497    i.global_vary_system  my_judge.o
    0x08005028   0x08005028   0x00000026   Code   RO         5316    i.int16_to_float    cap_protocol.o
    0x0800504e   0x0800504e   0x00000002   PAD
    0x08005050   0x08005050   0x00000068   Code   RO         5272    i.judge_receive     judge_protocol.o
    0x080050b8   0x080050b8   0x000000b8   Code   RO         5149    i.judge_update      config_judge.o
    0x08005170   0x08005170   0x0000004a   Code   RO           16    i.main              main.o
    0x080051ba   0x080051ba   0x0000000c   Code   RO         4307    i.makeFreeRtosPriority  cmsis_os.o
    0x080051c6   0x080051c6   0x0000000e   Code   RO         4309    i.osDelay           cmsis_os.o
    0x080051d4   0x080051d4   0x0000000a   Code   RO         4312    i.osKernelStart     cmsis_os.o
    0x080051de   0x080051de   0x00000054   Code   RO         4346    i.osThreadCreate    cmsis_os.o
    0x08005232   0x08005232   0x00000002   PAD
    0x08005234   0x08005234   0x00000070   Code   RO         3989    i.prvAddCurrentTaskToDelayedList  tasks.o
    0x080052a4   0x080052a4   0x000000d0   Code   RO         3990    i.prvAddNewTaskToReadyList  tasks.o
    0x08005374   0x08005374   0x00000034   Code   RO         3991    i.prvDeleteTCB      tasks.o
    0x080053a8   0x080053a8   0x0000004c   Code   RO         4674    i.prvHeapInit       heap_4.o
    0x080053f4   0x080053f4   0x00000060   Code   RO         3992    i.prvIdleTask       tasks.o
    0x08005454   0x08005454   0x00000098   Code   RO         3993    i.prvInitialiseNewTask  tasks.o
    0x080054ec   0x080054ec   0x0000004c   Code   RO         4675    i.prvInsertBlockIntoFreeList  heap_4.o
    0x08005538   0x08005538   0x00000020   Code   RO         3994    i.prvResetNextTaskUnblockTime  tasks.o
    0x08005558   0x08005558   0x00000028   Code   RO         4743    i.prvTaskExitError  port.o
    0x08005580   0x08005580   0x000000dc   Code   RO         4676    i.pvPortMalloc      heap_4.o
    0x0800565c   0x0800565c   0x0000002c   Code   RO         4744    i.pxPortInitialiseStack  port.o
    0x08005688   0x08005688   0x00000104   Code   RO         5498    i.tick_task         my_judge.o
    0x0800578c   0x0800578c   0x00000044   Code   RO         5367    i.trans_to_master_powerheat  serve_protocol.o
    0x080057d0   0x080057d0   0x00000048   Code   RO         5370    i.trans_to_master_robot_status  serve_protocol.o
    0x08005818   0x08005818   0x00000028   Code   RO         5371    i.trans_to_master_shoot_data  serve_protocol.o
    0x08005840   0x08005840   0x000000f0   Code   RO         4902    i.uart_rx_idle_callback  drv_uart.o
    0x08005930   0x08005930   0x00000010   Code   RO         5499    i.uart_send_data    my_judge.o
    0x08005940   0x08005940   0x00000026   Code   RO         3625    i.uxListRemove      list.o
    0x08005966   0x08005966   0x00000002   PAD
    0x08005968   0x08005968   0x00000014   Code   RO          252    i.vApplicationGetIdleTaskMemory  freertos.o
    0x0800597c   0x0800597c   0x00000016   Code   RO         3626    i.vListInitialise   list.o
    0x08005992   0x08005992   0x00000006   Code   RO         3627    i.vListInitialiseItem  list.o
    0x08005998   0x08005998   0x00000030   Code   RO         3628    i.vListInsert       list.o
    0x080059c8   0x080059c8   0x00000018   Code   RO         3629    i.vListInsertEnd    list.o
    0x080059e0   0x080059e0   0x00000040   Code   RO         4746    i.vPortEnterCritical  port.o
    0x08005a20   0x08005a20   0x00000028   Code   RO         4747    i.vPortExitCritical  port.o
    0x08005a48   0x08005a48   0x00000064   Code   RO         4677    i.vPortFree         heap_4.o
    0x08005aac   0x08005aac   0x00000024   Code   RO         4748    i.vPortSetupTimerInterrupt  port.o
    0x08005ad0   0x08005ad0   0x0000004c   Code   RO         4003    i.vTaskDelay        tasks.o
    0x08005b1c   0x08005b1c   0x0000006c   Code   RO         4016    i.vTaskStartScheduler  tasks.o
    0x08005b88   0x08005b88   0x00000010   Code   RO         4018    i.vTaskSuspendAll   tasks.o
    0x08005b98   0x08005b98   0x0000005c   Code   RO         4019    i.vTaskSwitchContext  tasks.o
    0x08005bf4   0x08005bf4   0x000000f4   Code   RO         4750    i.xPortStartScheduler  port.o
    0x08005ce8   0x08005ce8   0x0000005a   Code   RO         4022    i.xTaskCreate       tasks.o
    0x08005d42   0x08005d42   0x00000056   Code   RO         4023    i.xTaskCreateStatic  tasks.o
    0x08005d98   0x08005d98   0x000000cc   Code   RO         4030    i.xTaskIncrementTick  tasks.o
    0x08005e64   0x08005e64   0x000000c4   Code   RO         4036    i.xTaskResumeAll    tasks.o
    0x08005f28   0x08005f28   0x0000000a   Code   RO         5839    x$fpl$fpinit        fz_wm.l(fpinit.o)
    0x08005f32   0x08005f32   0x00000002   PAD
    0x08005f34   0x08005f34   0x00000038   Data   RO          254    .constdata          freertos.o
    0x08005f6c   0x08005f6c   0x00000008   Data   RO         1468    .constdata          stm32f4xx_hal_dma.o
    0x08005f74   0x08005f74   0x00000010   Data   RO         3488    .constdata          system_stm32f4xx.o
    0x08005f84   0x08005f84   0x00000008   Data   RO         3489    .constdata          system_stm32f4xx.o
    0x08005f8c   0x08005f8c   0x00000100   Data   RO         5193    .constdata          crc8.o
    0x0800608c   0x0800608c   0x00000200   Data   RO         5235    .constdata          crc16.o
    0x0800628c   0x0800628c   0x00000018   Data   RO          255    .conststring        freertos.o
    0x080062a4   0x080062a4   0x00000020   Data   RO         5895    Region$$Table       anon$$obj.o


    Execution Region RW_IRAM1 (Exec base: 0x20000000, Load base: 0x080062c4, Size: 0x00005628, Max: 0x0001c000, ABSOLUTE, COMPRESSED[0x00000058])

    Exec Addr    Load Addr    Size         Type   Attr      Idx    E Section Name        Object

    0x20000000   COMPRESSED   0x00000008   Data   RW          256    .data               freertos.o
    0x20000008   COMPRESSED   0x00000004   Data   RW          310    .data               can.o
    0x2000000c   COMPRESSED   0x0000000c   Data   RW         1895    .data               stm32f4xx_hal.o
    0x20000018   COMPRESSED   0x00000004   Data   RW         3490    .data               system_stm32f4xx.o
    0x2000001c   COMPRESSED   0x0000003c   Data   RW         4039    .data               tasks.o
    0x20000058   COMPRESSED   0x00000020   Data   RW         4683    .data               heap_4.o
    0x20000078   COMPRESSED   0x0000000c   Data   RW         4751    .data               port.o
    0x20000084   COMPRESSED   0x0000000a   Data   RW         5047    .data               config_can.o
    0x2000008e   COMPRESSED   0x00000002   Data   RW         5236    .data               crc16.o
    0x20000090   COMPRESSED   0x00000008   Data   RW         5274    .data               judge_protocol.o
    0x20000098   COMPRESSED   0x00000006   Data   RW         5277    .data               judge_protocol.o
    0x2000009e   COMPRESSED   0x00000010   Data   RW         5318    .data               cap_protocol.o
    0x200000ae   COMPRESSED   0x00000028   Data   RW         5372    .data               serve_protocol.o
    0x200000d6   COMPRESSED   0x00000002   Data   RW         5419    .data               cap.o
    0x200000d8   COMPRESSED   0x00000004   Data   RW         5444    .data               judge.o
    0x200000dc   COMPRESSED   0x0000010c   Data   RW         5501    .data               my_judge.o
    0x200001e8        -       0x00000254   Zero   RW          253    .bss                freertos.o
    0x2000043c        -       0x00000050   Zero   RW          309    .bss                can.o
    0x2000048c        -       0x0000000c   Zero   RW          379    .bss                iwdg.o
    0x20000498        -       0x000000d8   Zero   RW          414    .bss                tim.o
    0x20000570        -       0x000004b4   Zero   RW          475    .bss                usart.o
    0x20000a24        -       0x00000048   Zero   RW          724    .bss                stm32f4xx_hal_timebase_tim.o
    0x20000a6c        -       0x000000f0   Zero   RW         4038    .bss                tasks.o
    0x20000b5c        -       0x00003c00   Zero   RW         4682    .bss                heap_4.o
    0x2000475c        -       0x00000034   Zero   RW         4827    .bss                drv_can.o
    0x20004790        -       0x000003e6   Zero   RW         4903    .bss                drv_uart.o
    0x20004b76   COMPRESSED   0x00000002   PAD
    0x20004b78        -       0x0000000c   Zero   RW         5317    .bss                cap_protocol.o
    0x20004b84   COMPRESSED   0x00000004   PAD
    0x20004b88        -       0x00000060   Zero   RW         5443    .bss                judge.o
    0x20004be8        -       0x000003dd   Zero   RW         5500    .bss                my_judge.o
    0x20004fc5   COMPRESSED   0x00000003   PAD
    0x20004fc8        -       0x00000060   Zero   RW         5769    .bss                c_w.l(libspace.o)
    0x20005028        -       0x00000200   Zero   RW            2    HEAP                startup_stm32f407xx.o
    0x20005228        -       0x00000400   Zero   RW            1    STACK               startup_stm32f407xx.o


    Execution Region RW_IRAM2 (Exec base: 0x2001c000, Load base: 0x0800631c, Size: 0x00000000, Max: 0x00004000, ABSOLUTE)

    **** No section assigned to this execution region ****


==============================================================================

Image component sizes


      Code (inc. data)   RO Data    RW Data    ZI Data      Debug   Object Name

       396         46          0          4         80       2522   can.o
         0          0          0          2          0        582   cap.o
       290         42          0         16         12       3936   cap_protocol.o
       120          0          0          0          0      23357   cmsis_os.o
       184         14          0         10          0       2062   config_can.o
       308         18          0          0          0       2199   config_judge.o
        12          0          0          0          0       7496   config_uart.o
       144         16        512          2          0       2782   crc16.o
       106          6        256          0          0       2650   crc8.o
       188          4          0          0          0        890   dma.o
        38          0          0          0          0        530   drive.o
       234         28          0          0         52       4286   drv_can.o
       100         26          0          0          0       1591   drv_tim.o
      1262        104          0          0        998       7856   drv_uart.o
         0          0          0          0          0      16908   event_groups.o
        88         12         80          8        596       2592   freertos.o
       108          6          0          0          0        959   gpio.o
       472         24          0         32      15360       7467   heap_4.o
        44          8          0          0         12        739   iwdg.o
         0          0          0          4         96        991   judge.o
       104          4          0         14          0       6019   judge_protocol.o
       138          0          0          0          0       3590   list.o
       248          8          0          0          0     736912   main.o
      4448        302          0        268        989      20589   my_judge.o
       702         72          0         12          0      11080   port.o
       180         40          0         40          0       2640   serve_protocol.o
        64         26        392          0       1536        852   startup_stm32f407xx.o
        80         14          0         12          0       8130   stm32f4xx_hal.o
      1638          6          0          0          0      14419   stm32f4xx_hal_can.o
       158         14          0          0          0      33194   stm32f4xx_hal_cortex.o
      1084         16          8          0          0       7418   stm32f4xx_hal_dma.o
       496         46          0          0          0       1548   stm32f4xx_hal_gpio.o
       102          0          0          0          0       1911   stm32f4xx_hal_iwdg.o
        56          4          0          0          0        882   stm32f4xx_hal_msp.o
      1412         86          0          0          0       5953   stm32f4xx_hal_rcc.o
      2020        136          0          0          0      17054   stm32f4xx_hal_tim.o
       232         28          0          0          0       3313   stm32f4xx_hal_tim_ex.o
       116         14          0          0         72       1443   stm32f4xx_hal_timebase_tim.o
      1596         30          0          0          0      12354   stm32f4xx_hal_uart.o
       276        102          0          0          0      11239   stm32f4xx_it.o
         0          0          0          0          0        384   stream_buffer.o
        16          4         24          4          0       1151   system_stm32f4xx.o
      1520        112          0         60        240      19610   tasks.o
        52          6          0          0          0        559   tasks_1.o
       752         74          0          0        216       4076   tim.o
      1308         98          0          0       1204       5481   usart.o

    ----------------------------------------------------------------------
     22936       1596       1304        488      21472    1024196   Object Totals
         0          0         32          0          0          0   (incl. Generated)
        44          0          0          0          9          0   (incl. Padding)

    ----------------------------------------------------------------------

      Code (inc. data)   RO Data    RW Data    ZI Data      Debug   Library Member Name

        90          0          0          0          0          0   __dczerorl2.o
         8          0          0          0          0         68   __main.o
         0          0          0          0          0          0   __rtentry.o
        12          0          0          0          0          0   __rtentry2.o
         6          0          0          0          0          0   __rtentry4.o
        52          8          0          0          0          0   __scatter.o
        28          0          0          0          0          0   __scatter_zi.o
        18          0          0          0          0         80   exit.o
         6          0          0          0          0        152   heapauxi.o
         0          0          0          0          0          0   indicate_semi.o
         2          0          0          0          0          0   libinit.o
         6          0          0          0          0          0   libinit2.o
         2          0          0          0          0          0   libshutdown.o
         2          0          0          0          0          0   libshutdown2.o
         8          4          0          0         96         68   libspace.o
       238          0          0          0          0        100   lludivv7m.o
        68          0          0          0          0         68   rt_memclr.o
        78          0          0          0          0         80   rt_memclr_w.o
       138          0          0          0          0         68   rt_memcpy_v6.o
       100          0          0          0          0         80   rt_memcpy_w.o
         2          0          0          0          0          0   rtexit.o
        10          0          0          0          0          0   rtexit2.o
        62          0          0          0          0         76   strlen.o
        12          4          0          0          0         68   sys_exit.o
        74          0          0          0          0         80   sys_stackheap_outer.o
         2          0          0          0          0         68   use_no_semi.o
        10          0          0          0          0        116   fpinit.o

    ----------------------------------------------------------------------
      1044         16          0          0         96       1172   Library Totals
        10          0          0          0          0          0   (incl. Padding)

    ----------------------------------------------------------------------

      Code (inc. data)   RO Data    RW Data    ZI Data      Debug   Library Name

      1024         16          0          0         96       1056   c_w.l
        10          0          0          0          0        116   fz_wm.l

    ----------------------------------------------------------------------
      1044         16          0          0         96       1172   Library Totals

    ----------------------------------------------------------------------

==============================================================================


      Code (inc. data)   RO Data    RW Data    ZI Data      Debug   

     23980       1612       1304        488      21568    1002600   Grand Totals
     23980       1612       1304         88      21568    1002600   ELF Image Totals (compressed)
     23980       1612       1304         88          0          0   ROM Totals

==============================================================================

    Total RO  Size (Code + RO Data)                25284 (  24.69kB)
    Total RW  Size (RW Data + ZI Data)             22056 (  21.54kB)
    Total ROM Size (Code + RO Data + RW Data)      25372 (  24.78kB)

==============================================================================

