Component: ARM Compiler 5.06 update 2 (build 183) Tool: armlink [4d35b7]

==============================================================================

Section Cross References

    startup_stm32f407xx.o(STACK) refers (Special) to heapauxi.o(.text) for __use_two_region_memory
    startup_stm32f407xx.o(HEAP) refers (Special) to heapauxi.o(.text) for __use_two_region_memory
    startup_stm32f407xx.o(RESET) refers (Special) to heapauxi.o(.text) for __use_two_region_memory
    startup_stm32f407xx.o(RESET) refers to startup_stm32f407xx.o(STACK) for __initial_sp
    startup_stm32f407xx.o(RESET) refers to startup_stm32f407xx.o(.text) for Reset_Handler
    startup_stm32f407xx.o(RESET) refers to stm32f4xx_it.o(i.NMI_Handler) for NMI_Handler
    startup_stm32f407xx.o(RESET) refers to stm32f4xx_it.o(i.HardFault_Handler) for HardFault_Handler
    startup_stm32f407xx.o(RESET) refers to stm32f4xx_it.o(i.MemManage_Handler) for MemManage_Handler
    startup_stm32f407xx.o(RESET) refers to stm32f4xx_it.o(i.BusFault_Handler) for BusFault_Handler
    startup_stm32f407xx.o(RESET) refers to stm32f4xx_it.o(i.UsageFault_Handler) for UsageFault_Handler
    startup_stm32f407xx.o(RESET) refers to port.o(.emb_text) for SVC_Handler
    startup_stm32f407xx.o(RESET) refers to stm32f4xx_it.o(i.DebugMon_Handler) for DebugMon_Handler
    startup_stm32f407xx.o(RESET) refers to port.o(i.SysTick_Handler) for SysTick_Handler
    startup_stm32f407xx.o(RESET) refers to stm32f4xx_it.o(i.DMA1_Stream5_IRQHandler) for DMA1_Stream5_IRQHandler
    startup_stm32f407xx.o(RESET) refers to stm32f4xx_it.o(i.CAN1_RX0_IRQHandler) for CAN1_RX0_IRQHandler
    startup_stm32f407xx.o(RESET) refers to stm32f4xx_it.o(i.TIM2_IRQHandler) for TIM2_IRQHandler
    startup_stm32f407xx.o(RESET) refers to stm32f4xx_it.o(i.USART2_IRQHandler) for USART2_IRQHandler
    startup_stm32f407xx.o(RESET) refers to stm32f4xx_it.o(i.CAN2_RX0_IRQHandler) for CAN2_RX0_IRQHandler
    startup_stm32f407xx.o(.text) refers (Special) to heapauxi.o(.text) for __use_two_region_memory
    startup_stm32f407xx.o(.text) refers to system_stm32f4xx.o(i.SystemInit) for SystemInit
    startup_stm32f407xx.o(.text) refers to __main.o(!!!main) for __main
    startup_stm32f407xx.o(.text) refers to startup_stm32f407xx.o(HEAP) for Heap_Mem
    startup_stm32f407xx.o(.text) refers to startup_stm32f407xx.o(STACK) for Stack_Mem
    main.o(i.HAL_TIM_PeriodElapsedCallback) refers to stm32f4xx_hal.o(i.HAL_IncTick) for HAL_IncTick
    main.o(i.SystemClock_Config) refers to rt_memclr_w.o(.text) for __aeabi_memclr4
    main.o(i.SystemClock_Config) refers to stm32f4xx_hal_rcc.o(i.HAL_RCC_OscConfig) for HAL_RCC_OscConfig
    main.o(i.SystemClock_Config) refers to stm32f4xx_hal_rcc.o(i.HAL_RCC_ClockConfig) for HAL_RCC_ClockConfig
    main.o(i.main) refers to stm32f4xx_hal.o(i.HAL_Init) for HAL_Init
    main.o(i.main) refers to main.o(i.SystemClock_Config) for SystemClock_Config
    main.o(i.main) refers to gpio.o(i.MX_GPIO_Init) for MX_GPIO_Init
    main.o(i.main) refers to dma.o(i.MX_DMA_Init) for MX_DMA_Init
    main.o(i.main) refers to can.o(i.MX_CAN1_Init) for MX_CAN1_Init
    main.o(i.main) refers to can.o(i.MX_CAN2_Init) for MX_CAN2_Init
    main.o(i.main) refers to usart.o(i.MX_USART2_UART_Init) for MX_USART2_UART_Init
    main.o(i.main) refers to iwdg.o(i.MX_IWDG_Init) for MX_IWDG_Init
    main.o(i.main) refers to drv_all.o(i.init_all) for init_all
    main.o(i.main) refers to freertos.o(i.MX_FREERTOS_Init) for MX_FREERTOS_Init
    main.o(i.main) refers to cmsis_os.o(i.osKernelStart) for osKernelStart
    freertos.o(i.MX_FREERTOS_Init) refers to rt_memcpy_w.o(.text) for __aeabi_memcpy4
    freertos.o(i.MX_FREERTOS_Init) refers to cmsis_os.o(i.osThreadCreate) for osThreadCreate
    freertos.o(i.MX_FREERTOS_Init) refers to freertos.o(.constdata) for .constdata
    freertos.o(i.MX_FREERTOS_Init) refers to freertos.o(.data) for .data
    freertos.o(i.StartDefaultTask) refers to cmsis_os.o(i.osDelay) for osDelay
    freertos.o(i.control_task) refers to cmsis_os.o(i.osDelay) for osDelay
    freertos.o(i.vApplicationGetIdleTaskMemory) refers to freertos.o(.bss) for .bss
    freertos.o(.constdata) refers to freertos.o(.conststring) for .conststring
    freertos.o(.constdata) refers to freertos.o(i.StartDefaultTask) for StartDefaultTask
    freertos.o(.constdata) refers to control_task.o(i.control_task) for control_task
    can.o(i.HAL_CAN_MspDeInit) refers to stm32f4xx_hal_gpio.o(i.HAL_GPIO_DeInit) for HAL_GPIO_DeInit
    can.o(i.HAL_CAN_MspDeInit) refers to stm32f4xx_hal_cortex.o(i.HAL_NVIC_DisableIRQ) for HAL_NVIC_DisableIRQ
    can.o(i.HAL_CAN_MspDeInit) refers to can.o(.data) for .data
    can.o(i.HAL_CAN_MspInit) refers to rt_memclr_w.o(.text) for __aeabi_memclr4
    can.o(i.HAL_CAN_MspInit) refers to stm32f4xx_hal_gpio.o(i.HAL_GPIO_Init) for HAL_GPIO_Init
[...]
    i.Error_Handler                          0x0800093e   Section        0  main.o(i.Error_Handler)
    i.HAL_CAN_ActivateNotification           0x08000942   Section        0  stm32f4xx_hal_can.o(i.HAL_CAN_ActivateNotification)
    i.HAL_CAN_AddTxMessage                   0x08000966   Section        0  stm32f4xx_hal_can.o(i.HAL_CAN_AddTxMessage)
    i.HAL_CAN_ConfigFilter                   0x08000a30   Section        0  stm32f4xx_hal_can.o(i.HAL_CAN_ConfigFilter)
    i.HAL_CAN_ErrorCallback                  0x08000b3c   Section        0  stm32f4xx_hal_can.o(i.HAL_CAN_ErrorCallback)
    i.HAL_CAN_GetRxMessage                   0x08000b3e   Section        0  stm32f4xx_hal_can.o(i.HAL_CAN_GetRxMessage)
    i.HAL_CAN_IRQHandler                     0x08000c26   Section        0  stm32f4xx_hal_can.o(i.HAL_CAN_IRQHandler)
    i.HAL_CAN_Init                           0x08000e22   Section        0  stm32f4xx_hal_can.o(i.HAL_CAN_Init)
    i.HAL_CAN_MspInit                        0x08000f3c   Section        0  can.o(i.HAL_CAN_MspInit)
    i.HAL_CAN_RxFifo0FullCallback            0x08001038   Section        0  stm32f4xx_hal_can.o(i.HAL_CAN_RxFifo0FullCallback)
    i.HAL_CAN_RxFifo0MsgPendingCallback      0x0800103c   Section        0  drv_can.o(i.HAL_CAN_RxFifo0MsgPendingCallback)
    i.HAL_CAN_RxFifo1FullCallback            0x08001098   Section        0  stm32f4xx_hal_can.o(i.HAL_CAN_RxFifo1FullCallback)
    i.HAL_CAN_RxFifo1MsgPendingCallback      0x0800109a   Section        0  stm32f4xx_hal_can.o(i.HAL_CAN_RxFifo1MsgPendingCallback)
    i.HAL_CAN_SleepCallback                  0x0800109c   Section        0  stm32f4xx_hal_can.o(i.HAL_CAN_SleepCallback)
    i.HAL_CAN_Start                          0x080010a0   Section        0  stm32f4xx_hal_can.o(i.HAL_CAN_Start)
    i.HAL_CAN_TxMailbox0AbortCallback        0x080010f8   Section        0  stm32f4xx_hal_can.o(i.HAL_CAN_TxMailbox0AbortCallback)
    i.HAL_CAN_TxMailbox0CompleteCallback     0x080010fa   Section        0  stm32f4xx_hal_can.o(i.HAL_CAN_TxMailbox0CompleteCallback)
    i.HAL_CAN_TxMailbox1AbortCallback        0x080010fc   Section        0  stm32f4xx_hal_can.o(i.HAL_CAN_TxMailbox1AbortCallback)
    i.HAL_CAN_TxMailbox1CompleteCallback     0x080010fe   Section        0  stm32f4xx_hal_can.o(i.HAL_CAN_TxMailbox1CompleteCallback)
    i.HAL_CAN_TxMailbox2AbortCallback        0x08001100   Section        0  stm32f4xx_hal_can.o(i.HAL_CAN_TxMailbox2AbortCallback)
    i.HAL_CAN_TxMailbox2CompleteCallback     0x08001102   Section        0  stm32f4xx_hal_can.o(i.HAL_CAN_TxMailbox2CompleteCallback)
    i.HAL_CAN_WakeUpFromRxMsgCallback        0x08001104   Section        0  stm32f4xx_hal_can.o(i.HAL_CAN_WakeUpFromRxMsgCallback)
    i.HAL_DMA_Abort                          0x08001106   Section        0  stm32f4xx_hal_dma.o(i.HAL_DMA_Abort)
    i.HAL_DMA_Abort_IT                       0x08001198   Section        0  stm32f4xx_hal_dma.o(i.HAL_DMA_Abort_IT)
    i.HAL_DMA_IRQHandler                     0x080011bc   Section        0  stm32f4xx_hal_dma.o(i.HAL_DMA_IRQHandler)
    i.HAL_DMA_Init                           0x0800135c   Section        0  stm32f4xx_hal_dma.o(i.HAL_DMA_Init)
    i.HAL_GPIO_Init                          0x08001430   Section        0  stm32f4xx_hal_gpio.o(i.HAL_GPIO_Init)
    i.HAL_GetTick                            0x08001620   Section        0  stm32f4xx_hal.o(i.HAL_GetTick)
    i.HAL_IWDG_Init                          0x0800162c   Section        0  stm32f4xx_hal_iwdg.o(i.HAL_IWDG_Init)
    i.HAL_IWDG_Refresh                       0x08001686   Section        0  stm32f4xx_hal_iwdg.o(i.HAL_IWDG_Refresh)
    i.HAL_IncTick                            0x08001694   Section        0  stm32f4xx_hal.o(i.HAL_IncTick)
    i.HAL_Init                               0x080016a4   Section        0  stm32f4xx_hal.o(i.HAL_Init)
    i.HAL_InitTick                           0x080016d8   Section        0  stm32f4xx_hal_timebase_tim.o(i.HAL_InitTick)
    i.HAL_MspInit                            0x0800174c   Section        0  stm32f4xx_hal_msp.o(i.HAL_MspInit)
    i.HAL_NVIC_EnableIRQ                     0x08001784   Section        0  stm32f4xx_hal_cortex.o(i.HAL_NVIC_EnableIRQ)
    i.HAL_NVIC_SetPriority                   0x080017a0   Section        0  stm32f4xx_hal_cortex.o(i.HAL_NVIC_SetPriority)
    i.HAL_NVIC_SetPriorityGrouping           0x080017e0   Section        0  stm32f4xx_hal_cortex.o(i.HAL_NVIC_SetPriorityGrouping)
    i.HAL_RCC_ClockConfig                    0x08001804   Section        0  stm32f4xx_hal_rcc.o(i.HAL_RCC_ClockConfig)
    i.HAL_RCC_GetClockConfig                 0x08001938   Section        0  stm32f4xx_hal_rcc.o(i.HAL_RCC_GetClockConfig)
    i.HAL_RCC_GetPCLK1Freq                   0x08001978   Section        0  stm32f4xx_hal_rcc.o(i.HAL_RCC_GetPCLK1Freq)
    i.HAL_RCC_GetPCLK2Freq                   0x08001998   Section        0  stm32f4xx_hal_rcc.o(i.HAL_RCC_GetPCLK2Freq)
    i.HAL_RCC_GetSysClockFreq                0x080019b8   Section        0  stm32f4xx_hal_rcc.o(i.HAL_RCC_GetSysClockFreq)
    i.HAL_RCC_OscConfig                      0x08001a1c   Section        0  stm32f4xx_hal_rcc.o(i.HAL_RCC_OscConfig)
    i.HAL_TIMEx_BreakCallback                0x08001d88   Section        0  stm32f4xx_hal_tim_ex.o(i.HAL_TIMEx_BreakCallback)
    i.HAL_TIMEx_CommutCallback               0x08001d8a   Section        0  stm32f4xx_hal_tim_ex.o(i.HAL_TIMEx_CommutCallback)
    i.HAL_TIM_Base_Init                      0x08001d8c   Section        0  stm32f4xx_hal_tim.o(i.HAL_TIM_Base_Init)
    i.HAL_TIM_Base_MspInit                   0x08001de6   Section        0  stm32f4xx_hal_tim.o(i.HAL_TIM_Base_MspInit)
    i.HAL_TIM_Base_Start_IT                  0x08001de8   Section        0  stm32f4xx_hal_tim.o(i.HAL_TIM_Base_Start_IT)
    i.HAL_TIM_IC_CaptureCallback             0x08001e68   Section        0  stm32f4xx_hal_tim.o(i.HAL_TIM_IC_CaptureCallback)
    i.HAL_TIM_IRQHandler                     0x08001e6a   Section        0  stm32f4xx_hal_tim.o(i.HAL_TIM_IRQHandler)
    i.HAL_TIM_OC_DelayElapsedCallback        0x08001fd0   Section        0  stm32f4xx_hal_tim.o(i.HAL_TIM_OC_DelayElapsedCallback)
    i.HAL_TIM_PWM_PulseFinishedCallback      0x08001fd2   Section        0  stm32f4xx_hal_tim.o(i.HAL_TIM_PWM_PulseFinishedCallback)
    i.HAL_TIM_PeriodElapsedCallback          0x08001fd4   Section        0  main.o(i.HAL_TIM_PeriodElapsedCallback)
    i.HAL_TIM_TriggerCallback                0x08001fe2   Section        0  stm32f4xx_hal_tim.o(i.HAL_TIM_TriggerCallback)
    i.HAL_UARTEx_RxEventCallback             0x08001fe4   Section        0  stm32f4xx_hal_uart.o(i.HAL_UARTEx_RxEventCallback)
    i.HAL_UART_ErrorCallback                 0x08001fe6   Section        0  stm32f4xx_hal_uart.o(i.HAL_UART_ErrorCallback)
    i.HAL_UART_IRQHandler                    0x08001fe8   Section        0  stm32f4xx_hal_uart.o(i.HAL_UART_IRQHandler)
    i.HAL_UART_Init                          0x08002250   Section        0  stm32f4xx_hal_uart.o(i.HAL_UART_Init)
    i.HAL_UART_MspInit                       0x080022b4   Section        0  usart.o(i.HAL_UART_MspInit)
    i.HAL_UART_RxCpltCallback                0x08002364   Section        0  stm32f4xx_hal_uart.o(i.HAL_UART_RxCpltCallback)
    i.HAL_UART_TxCpltCallback                0x08002366   Section        0  stm32f4xx_hal_uart.o(i.HAL_UART_TxCpltCallback)
    i.HardFault_Handler                      0x08002368   Section        0  stm32f4xx_it.o(i.HardFault_Handler)
    i.MX_CAN1_Init                           0x0800236c   Section        0  can.o(i.MX_CAN1_Init)
    i.MX_CAN2_Init                           0x080023b4   Section        0  can.o(i.MX_CAN2_Init)
    i.MX_DMA_Init                            0x080023fc   Section        0  dma.o(i.MX_DMA_Init)
    i.MX_FREERTOS_Init                       0x08002428   Section        0  freertos.o(i.MX_FREERTOS_Init)
    i.MX_GPIO_Init                           0x08002464   Section        0  gpio.o(i.MX_GPIO_Init)
    i.MX_IWDG_Init                           0x080024b0   Section        0  iwdg.o(i.MX_IWDG_Init)
    i.MX_USART2_UART_Init                    0x080024dc   Section        0  usart.o(i.MX_USART2_UART_Init)
    i.MemManage_Handler                      0x0800251c   Section        0  stm32f4xx_it.o(i.MemManage_Handler)
    i.NMI_Handler                            0x0800251e   Section        0  stm32f4xx_it.o(i.NMI_Handler)
    i.StartDefaultTask                       0x08002520   Section        0  freertos.o(i.StartDefaultTask)
    i.SysTick_Handler                        0x08002528   Section        0  port.o(i.SysTick_Handler)
    i.SystemClock_Config                     0x08002554   Section        0  main.o(i.SystemClock_Config)
    i.SystemInit                             0x080025f0   Section        0  system_stm32f4xx.o(i.SystemInit)
    i.TIM2_IRQHandler                        0x08002600   Section        0  stm32f4xx_it.o(i.TIM2_IRQHandler)
    i.TIM_Base_SetConfig                     0x0800260c   Section        0  stm32f4xx_hal_tim.o(i.TIM_Base_SetConfig)
    i.UART_DMAAbortOnError                   0x080026d4   Section        0  stm32f4xx_hal_uart.o(i.UART_DMAAbortOnError)
    UART_DMAAbortOnError                     0x080026d5   Thumb Code    16  stm32f4xx_hal_uart.o(i.UART_DMAAbortOnError)
    i.UART_EndRxTransfer                     0x080026e4   Section        0  stm32f4xx_hal_uart.o(i.UART_EndRxTransfer)
    UART_EndRxTransfer                       0x080026e5   Thumb Code    78  stm32f4xx_hal_uart.o(i.UART_EndRxTransfer)
    i.UART_Receive_IT                        0x08002732   Section        0  stm32f4xx_hal_uart.o(i.UART_Receive_IT)
    UART_Receive_IT                          0x08002733   Thumb Code   192  stm32f4xx_hal_uart.o(i.UART_Receive_IT)
    i.UART_SetConfig                         0x080027f4   Section        0  stm32f4xx_hal_uart.o(i.UART_SetConfig)
    UART_SetConfig                           0x080027f5   Thumb Code   258  stm32f4xx_hal_uart.o(i.UART_SetConfig)
    i.USART2_IRQHandler                      0x08002900   Section        0  stm32f4xx_it.o(i.USART2_IRQHandler)
    i.USART2_Init                            0x0800290c   Section        0  drv_uart.o(i.USART2_Init)
    i.USART2_rxDataHandler                   0x08002948   Section        0  config_uart.o(i.USART2_rxDataHandler)
    i.UsageFault_Handler                     0x0800294a   Section        0  stm32f4xx_it.o(i.UsageFault_Handler)
    i.__NVIC_SetPriority                     0x0800294c   Section        0  stm32f4xx_hal_cortex.o(i.__NVIC_SetPriority)
    __NVIC_SetPriority                       0x0800294d   Thumb Code    32  stm32f4xx_hal_cortex.o(i.__NVIC_SetPriority)
    i.armer_control                          0x0800296c   Section        0  armer.o(i.armer_control)
    i.armer_init                             0x080029b8   Section        0  armer.o(i.armer_init)
    i.control_task                           0x080029d8   Section        0  control_task.o(i.control_task)
    i.dma_m0_rxcplt_callback                 0x080029f4   Section        0  drv_uart.o(i.dma_m0_rxcplt_callback)
    dma_m0_rxcplt_callback                   0x080029f5   Thumb Code    16  drv_uart.o(i.dma_m0_rxcplt_callback)
    i.dma_m1_rxcplt_callback                 0x08002a08   Section        0  drv_uart.o(i.dma_m1_rxcplt_callback)
    dma_m1_rxcplt_callback                   0x08002a09   Thumb Code    16  drv_uart.o(i.dma_m1_rxcplt_callback)
    i.init_all                               0x08002a1c   Section        0  drv_all.o(i.init_all)
    i.main                                   0x08002a2e   Section        0  main.o(i.main)
    i.makeFreeRtosPriority                   0x08002a5c   Section        0  cmsis_os.o(i.makeFreeRtosPriority)
    makeFreeRtosPriority                     0x08002a5d   Thumb Code    12  cmsis_os.o(i.makeFreeRtosPriority)
    i.osDelay                                0x08002a68   Section        0  cmsis_os.o(i.osDelay)
    i.osKernelStart                          0x08002a76   Section        0  cmsis_os.o(i.osKernelStart)
    i.osThreadCreate                         0x08002a80   Section        0  cmsis_os.o(i.osThreadCreate)
    i.pid_init                               0x08002ad4   Section        0  pid.o(i.pid_init)
    i.prvAddCurrentTaskToDelayedList         0x08002b14   Section        0  tasks.o(i.prvAddCurrentTaskToDelayedList)
    prvAddCurrentTaskToDelayedList           0x08002b15   Thumb Code   102  tasks.o(i.prvAddCurrentTaskToDelayedList)
    i.prvAddNewTaskToReadyList               0x08002b84   Section        0  tasks.o(i.prvAddNewTaskToReadyList)
    prvAddNewTaskToReadyList                 0x08002b85   Thumb Code   194  tasks.o(i.prvAddNewTaskToReadyList)
    i.prvDeleteTCB                           0x08002c54   Section        0  tasks.o(i.prvDeleteTCB)
    prvDeleteTCB                             0x08002c55   Thumb Code    52  tasks.o(i.prvDeleteTCB)
    i.prvHeapInit                            0x08002c88   Section        0  heap_4.o(i.prvHeapInit)
    prvHeapInit                              0x08002c89   Thumb Code    66  heap_4.o(i.prvHeapInit)
    i.prvIdleTask                            0x08002cd4   Section        0  tasks.o(i.prvIdleTask)
    prvIdleTask                              0x08002cd5   Thumb Code    82  tasks.o(i.prvIdleTask)
    i.prvInitialiseNewTask                   0x08002d34   Section        0  tasks.o(i.prvInitialiseNewTask)
    prvInitialiseNewTask                     0x08002d35   Thumb Code   152  tasks.o(i.prvInitialiseNewTask)
    i.prvInsertBlockIntoFreeList             0x08002dcc   Section        0  heap_4.o(i.prvInsertBlockIntoFreeList)
    prvInsertBlockIntoFreeList               0x08002dcd   Thumb Code    72  heap_4.o(i.prvInsertBlockIntoFreeList)
    i.prvResetNextTaskUnblockTime            0x08002e18   Section        0  tasks.o(i.prvResetNextTaskUnblockTime)
    prvResetNextTaskUnblockTime              0x08002e19   Thumb Code    26  tasks.o(i.prvResetNextTaskUnblockTime)
    i.prvTaskExitError                       0x08002e38   Section        0  port.o(i.prvTaskExitError)
    prvTaskExitError                         0x08002e39   Thumb Code    36  port.o(i.prvTaskExitError)
    i.pvPortMalloc                           0x08002e60   Section        0  heap_4.o(i.pvPortMalloc)
    i.pxPortInitialiseStack                  0x08002f3c   Section        0  port.o(i.pxPortInitialiseStack)
    i.single_pid_cal                         0x08002f68   Section        0  pid.o(i.single_pid_cal)
    i.uxListRemove                           0x0800303c   Section        0  list.o(i.uxListRemove)
    i.vApplicationGetIdleTaskMemory          0x08003064   Section        0  freertos.o(i.vApplicationGetIdleTaskMemory)
    i.vListInitialise                        0x08003078   Section        0  list.o(i.vListInitialise)
    i.vListInitialiseItem                    0x0800308e   Section        0  list.o(i.vListInitialiseItem)
    i.vListInsert                            0x08003094   Section        0  list.o(i.vListInsert)
    i.vListInsertEnd                         0x080030c4   Section        0  list.o(i.vListInsertEnd)
    i.vPortEnterCritical                     0x080030dc   Section        0  port.o(i.vPortEnterCritical)
    i.vPortExitCritical                      0x0800311c   Section        0  port.o(i.vPortExitCritical)
    i.vPortFree                              0x08003144   Section        0  heap_4.o(i.vPortFree)
    i.vPortSetupTimerInterrupt               0x080031a8   Section        0  port.o(i.vPortSetupTimerInterrupt)
    i.vTaskDelay                             0x080031cc   Section        0  tasks.o(i.vTaskDelay)
    i.vTaskStartScheduler                    0x08003218   Section        0  tasks.o(i.vTaskStartScheduler)
    i.vTaskSuspendAll                        0x08003284   Section        0  tasks.o(i.vTaskSuspendAll)
    i.vTaskSwitchContext                     0x08003294   Section        0  tasks.o(i.vTaskSwitchContext)
    i.xPortStartScheduler                    0x080032f0   Section        0  port.o(i.xPortStartScheduler)
    i.xTaskCreate                            0x080033e4   Section        0  tasks.o(i.xTaskCreate)
    i.xTaskCreateStatic                      0x0800343e   Section        0  tasks.o(i.xTaskCreateStatic)
    i.xTaskIncrementTick                     0x08003494   Section        0  tasks.o(i.xTaskIncrementTick)
    i.xTaskResumeAll                         0x08003560   Section        0  tasks.o(i.xTaskResumeAll)
    x$fpl$fpinit                             0x08003624   Section       10  fpinit.o(x$fpl$fpinit)
    $v0                                      0x08003624   Number         0  fpinit.o(x$fpl$fpinit)
    .constdata                               0x08003630   Section       56  freertos.o(.constdata)
    .constdata                               0x08003668   Section        8  stm32f4xx_hal_dma.o(.constdata)
    flagBitshiftOffset                       0x08003668   Data           8  stm32f4xx_hal_dma.o(.constdata)
    .constdata                               0x08003670   Section       16  system_stm32f4xx.o(.constdata)
    .constdata                               0x08003680   Section        8  system_stm32f4xx.o(.constdata)
    .conststring                             0x08003688   Section       28  freertos.o(.conststring)
    .data                                    0x20000000   Section        8  freertos.o(.data)
    .data                                    0x20000008   Section        4  can.o(.data)
    HAL_RCC_CAN1_CLK_ENABLED                 0x20000008   Data           4  can.o(.data)
    .data                                    0x2000000c   Section       12  stm32f4xx_hal.o(.data)
    .data                                    0x20000018   Section        4  system_stm32f4xx.o(.data)
    .data                                    0x2000001c   Section       60  tasks.o(.data)
    uxDeletedTasksWaitingCleanUp             0x20000020   Data           4  tasks.o(.data)
    uxCurrentNumberOfTasks                   0x20000024   Data           4  tasks.o(.data)
    xTickCount                               0x20000028   Data           4  tasks.o(.data)
    uxTopReadyPriority                       0x2000002c   Data           4  tasks.o(.data)
    xSchedulerRunning                        0x20000030   Data           4  tasks.o(.data)
    xPendedTicks                             0x20000034   Data           4  tasks.o(.data)
    xYieldPending                            0x20000038   Data           4  tasks.o(.data)
    xNumOfOverflows                          0x2000003c   Data           4  tasks.o(.data)
    uxTaskNumber                             0x20000040   Data           4  tasks.o(.data)
    xNextTaskUnblockTime                     0x20000044   Data           4  tasks.o(.data)
    xIdleTaskHandle                          0x20000048   Data           4  tasks.o(.data)
    uxSchedulerSuspended                     0x2000004c   Data           4  tasks.o(.data)
    pxDelayedTaskList                        0x20000050   Data           4  tasks.o(.data)
    pxOverflowDelayedTaskList                0x20000054   Data           4  tasks.o(.data)
    .data                                    0x20000058   Section       32  heap_4.o(.data)
    pxEnd                                    0x20000058   Data           4  heap_4.o(.data)
    xFreeBytesRemaining                      0x2000005c   Data           4  heap_4.o(.data)
    xMinimumEverFreeBytesRemaining           0x20000060   Data           4  heap_4.o(.data)
    xNumberOfSuccessfulAllocations           0x20000064   Data           4  heap_4.o(.data)
    xNumberOfSuccessfulFrees                 0x20000068   Data           4  heap_4.o(.data)
    xBlockAllocatedBit                       0x2000006c   Data           4  heap_4.o(.data)
    xStart                                   0x20000070   Data           8  heap_4.o(.data)
    .data                                    0x20000078   Section       12  port.o(.data)
    ucMaxSysCallPriority                     0x20000078   Data           1  port.o(.data)
    uxCriticalNesting                        0x2000007c   Data           4  port.o(.data)
    ulMaxPRIGROUPValue                       0x20000080   Data           4  port.o(.data)
    .data                                    0x20000084   Section       12  config_can.o(.data)
    .data                                    0x20000090   Section        8  config_can.o(.data)
    .data                                    0x20000098   Section       64  config_motor.o(.data)
    .data                                    0x200000d8   Section        4  config_motor.o(.data)
    .data                                    0x200000dc   Section       12  armer.o(.data)
    .bss                                     0x200000e8   Section      596  freertos.o(.bss)
    xIdleTaskTCBBuffer                       0x200000e8   Data          84  freertos.o(.bss)
    xIdleStack                               0x2000013c   Data         512  freertos.o(.bss)
    .bss                                     0x2000033c   Section       80  can.o(.bss)
    .bss                                     0x2000038c   Section       12  iwdg.o(.bss)
    .bss                                     0x20000398   Section      164  usart.o(.bss)
    .bss                                     0x2000043c   Section       72  stm32f4xx_hal_timebase_tim.o(.bss)
    .bss                                     0x20000484   Section      240  tasks.o(.bss)
    pxReadyTasksLists                        0x20000484   Data         140  tasks.o(.bss)
    xDelayedTaskList1                        0x20000510   Data          20  tasks.o(.bss)
    xDelayedTaskList2                        0x20000524   Data          20  tasks.o(.bss)
    xPendingReadyList                        0x20000538   Data          20  tasks.o(.bss)
    xTasksWaitingTermination                 0x2000054c   Data          20  tasks.o(.bss)
    xSuspendedTaskList                       0x20000560   Data          20  tasks.o(.bss)
    .bss                                     0x20000574   Section    15360  heap_4.o(.bss)
    ucHeap                                   0x20000574   Data       15360  heap_4.o(.bss)
    .bss                                     0x20004174   Section      104  drv_can.o(.bss)
    .bss                                     0x200041dc   Section       48  drv_uart.o(.bss)
    .bss                                     0x2000420c   Section       96  libspace.o(.bss)
    HEAP                                     0x20004270   Section      512  startup_stm32f407xx.o(HEAP)
    Heap_Mem                                 0x20004270   Data         512  startup_stm32f407xx.o(HEAP)
    STACK                                    0x20004470   Section     1024  startup_stm32f407xx.o(STACK)
    Stack_Mem                                0x20004470   Data        1024  startup_stm32f407xx.o(STACK)
    __initial_sp                             0x20004870   Data           0  startup_stm32f407xx.o(STACK)

    Global Symbols

    Symbol Name                              Value     Ov Type        Size  Object(Section)

    BuildAttributes$$THM_ISAv4$E$P$D$K$B$S$7EM$VFPi3$EXTD16$VFPS$VFMA$PE$A:L22UL41UL21$X:L11$S22US41US21$IEEE1$IW$USESV6$~STKCKD$USESV7$~SHL$OSPACE$ROPI$EBA8$UX$STANDARDLIB$REQ8$PRES8$EABIv2 0x00000000   Number         0  anon$$obj.o ABSOLUTE
    __ARM_use_no_argv                        0x00000000   Number         0  main.o ABSOLUTE
    __ARM_exceptions_init                     - Undefined Weak Reference
    __alloca_initialize                       - Undefined Weak Reference
    __arm_preinit_                            - Undefined Weak Reference
    __cpp_initialize__aeabi_                  - Undefined Weak Reference
    __cxa_finalize                            - Undefined Weak Reference
    __rt_locale                               - Undefined Weak Reference
    __sigvec_lookup                           - Undefined Weak Reference
    _atexit_init                              - Undefined Weak Reference
    _call_atexit_fns                          - Undefined Weak Reference
    _clock_init                               - Undefined Weak Reference
    _fp_trap_init                             - Undefined Weak Reference
    _fp_trap_shutdown                         - Undefined Weak Reference
    _get_lc_collate                           - Undefined Weak Reference
    _get_lc_ctype                             - Undefined Weak Reference
    _get_lc_monetary                          - Undefined Weak Reference
    _get_lc_numeric                           - Undefined Weak Reference
    _get_lc_time                              - Undefined Weak Reference
    _getenv_init                              - Undefined Weak Reference
    _handle_redirection                       - Undefined Weak Reference
    _init_alloc                               - Undefined Weak Reference
    _init_user_alloc                          - Undefined Weak Reference
    _initio                                   - Undefined Weak Reference
    _rand_init                                - Undefined Weak Reference
    _signal_finish                            - Undefined Weak Reference
    _signal_init                              - Undefined Weak Reference
    _terminate_alloc                          - Undefined Weak Reference
    _terminate_user_alloc                     - Undefined Weak Reference
    _terminateio                              - Undefined Weak Reference
    __Vectors_Size                           0x00000188   Number         0  startup_stm32f407xx.o ABSOLUTE
    __Vectors                                0x08000000   Data           4  startup_stm32f407xx.o(RESET)
    __Vectors_End                            0x08000188   Data           0  startup_stm32f407xx.o(RESET)
    __main                                   0x08000189   Thumb Code     8  __main.o(!!!main)
    __scatterload                            0x08000191   Thumb Code     0  __scatter.o(!!!scatter)
    __scatterload_rt2                        0x08000191   Thumb Code    44  __scatter.o(!!!scatter)
    __scatterload_rt2_thumb_only             0x08000191   Thumb Code     0  __scatter.o(!!!scatter)
    __scatterload_null                       0x0800019f   Thumb Code     0  __scatter.o(!!!scatter)
    __scatterload_copy                       0x080001c5   Thumb Code    26  __scatter_copy.o(!!handler_copy)
    __scatterload_zeroinit                   0x080001e1   Thumb Code    28  __scatter_zi.o(!!handler_zi)
    __rt_lib_init                            0x080001fd   Thumb Code     0  libinit.o(.ARM.Collect$$libinit$$00000000)
    __rt_lib_init_fp_1                       0x080001ff   Thumb Code     0  libinit2.o(.ARM.Collect$$libinit$$00000001)
    __rt_lib_init_alloca_1                   0x08000203   Thumb Code     0  libinit2.o(.ARM.Collect$$libinit$$0000002E)
    __rt_lib_init_argv_1                     0x08000203   Thumb Code     0  libinit2.o(.ARM.Collect$$libinit$$0000002C)
    __rt_lib_init_atexit_1                   0x08000203   Thumb Code     0  libinit2.o(.ARM.Collect$$libinit$$0000001B)
    __rt_lib_init_clock_1                    0x08000203   Thumb Code     0  libinit2.o(.ARM.Collect$$libinit$$00000021)
    __rt_lib_init_cpp_1                      0x08000203   Thumb Code     0  libinit2.o(.ARM.Collect$$libinit$$00000032)
    __rt_lib_init_exceptions_1               0x08000203   Thumb Code     0  libinit2.o(.ARM.Collect$$libinit$$00000030)
    __rt_lib_init_fp_trap_1                  0x08000203   Thumb Code     0  libinit2.o(.ARM.Collect$$libinit$$0000001F)
    __rt_lib_init_getenv_1                   0x08000203   Thumb Code     0  libinit2.o(.ARM.Collect$$libinit$$00000023)
    __rt_lib_init_heap_1                     0x08000203   Thumb Code     0  libinit2.o(.ARM.Collect$$libinit$$0000000A)
    __rt_lib_init_lc_collate_1               0x08000203   Thumb Code     0  libinit2.o(.ARM.Collect$$libinit$$00000011)
    __rt_lib_init_lc_ctype_1                 0x08000203   Thumb Code     0  libinit2.o(.ARM.Collect$$libinit$$00000013)
    __rt_lib_init_lc_monetary_1              0x08000203   Thumb Code     0  libinit2.o(.ARM.Collect$$libinit$$00000015)
    __rt_lib_init_lc_numeric_1               0x08000203   Thumb Code     0  libinit2.o(.ARM.Collect$$libinit$$00000017)
    __rt_lib_init_lc_time_1                  0x08000203   Thumb Code     0  libinit2.o(.ARM.Collect$$libinit$$00000019)
    __rt_lib_init_preinit_1                  0x08000203   Thumb Code     0  libinit2.o(.ARM.Collect$$libinit$$00000004)
    __rt_lib_init_rand_1                     0x08000203   Thumb Code     0  libinit2.o(.ARM.Collect$$libinit$$0000000E)
    __rt_lib_init_return                     0x08000203   Thumb Code     0  libinit2.o(.ARM.Collect$$libinit$$00000033)
    __rt_lib_init_signal_1                   0x08000203   Thumb Code     0  libinit2.o(.ARM.Collect$$libinit$$0000001D)
    __rt_lib_init_stdio_1                    0x08000203   Thumb Code     0  libinit2.o(.ARM.Collect$$libinit$$00000025)
    __rt_lib_init_user_alloc_1               0x08000203   Thumb Code     0  libinit2.o(.ARM.Collect$$libinit$$0000000C)
    __rt_lib_shutdown                        0x08000205   Thumb Code     0  libshutdown.o(.ARM.Collect$$libshutdown$$00000000)
    __rt_lib_shutdown_cpp_1                  0x08000207   Thumb Code     0  libshutdown2.o(.ARM.Collect$$libshutdown$$00000002)
    __rt_lib_shutdown_fp_trap_1              0x08000207   Thumb Code     0  libshutdown2.o(.ARM.Collect$$libshutdown$$00000007)
    __rt_lib_shutdown_heap_1                 0x08000207   Thumb Code     0  libshutdown2.o(.ARM.Collect$$libshutdown$$0000000F)
    __rt_lib_shutdown_return                 0x08000207   Thumb Code     0  libshutdown2.o(.ARM.Collect$$libshutdown$$00000010)
    __rt_lib_shutdown_signal_1               0x08000207   Thumb Code     0  libshutdown2.o(.ARM.Collect$$libshutdown$$0000000A)
    __rt_lib_shutdown_stdio_1                0x08000207   Thumb Code     0  libshutdown2.o(.ARM.Collect$$libshutdown$$00000004)
    __rt_lib_shutdown_user_alloc_1           0x08000207   Thumb Code     0  libshutdown2.o(.ARM.Collect$$libshutdown$$0000000C)
    __rt_entry                               0x08000209   Thumb Code     0  __rtentry.o(.ARM.Collect$$rtentry$$00000000)
    __rt_entry_presh_1                       0x08000209   Thumb Code     0  __rtentry2.o(.ARM.Collect$$rtentry$$00000002)
    __rt_entry_sh                            0x08000209   Thumb Code     0  __rtentry4.o(.ARM.Collect$$rtentry$$00000004)
    __rt_entry_li                            0x0800020f   Thumb Code     0  __rtentry2.o(.ARM.Collect$$rtentry$$0000000A)
    __rt_entry_postsh_1                      0x0800020f   Thumb Code     0  __rtentry2.o(.ARM.Collect$$rtentry$$00000009)
    __rt_entry_main                          0x08000213   Thumb Code     0  __rtentry2.o(.ARM.Collect$$rtentry$$0000000D)
    __rt_entry_postli_1                      0x08000213   Thumb Code     0  __rtentry2.o(.ARM.Collect$$rtentry$$0000000C)
    __rt_exit                                0x0800021b   Thumb Code     0  rtexit.o(.ARM.Collect$$rtexit$$00000000)
    __rt_exit_ls                             0x0800021d   Thumb Code     0  rtexit2.o(.ARM.Collect$$rtexit$$00000003)
    __rt_exit_prels_1                        0x0800021d   Thumb Code     0  rtexit2.o(.ARM.Collect$$rtexit$$00000002)
    __rt_exit_exit                           0x08000221   Thumb Code     0  rtexit2.o(.ARM.Collect$$rtexit$$00000004)
    SVC_Handler                              0x08000229   Thumb Code    28  port.o(.emb_text)
    __asm___6_port_c_39a90d8d__prvStartFirstTask 0x08000249   Thumb Code    36  port.o(.emb_text)
    __asm___6_port_c_39a90d8d__prvEnableVFP  0x08000271   Thumb Code    16  port.o(.emb_text)
    PendSV_Handler                           0x08000285   Thumb Code    88  port.o(.emb_text)
    vPortGetIPSR                             0x080002e1   Thumb Code     6  port.o(.emb_text)
    Reset_Handler                            0x080002e9   Thumb Code     8  startup_stm32f407xx.o(.text)
    ADC_IRQHandler                           0x08000303   Thumb Code     0  startup_stm32f407xx.o(.text)
    CAN1_RX1_IRQHandler                      0x08000303   Thumb Code     0  startup_stm32f407xx.o(.text)
    CAN1_SCE_IRQHandler                      0x08000303   Thumb Code     0  startup_stm32f407xx.o(.text)
    CAN1_TX_IRQHandler                       0x08000303   Thumb Code     0  startup_stm32f407xx.o(.text)
    CAN2_RX1_IRQHandler                      0x08000303   Thumb Code     0  startup_stm32f407xx.o(.text)
    CAN2_SCE_IRQHandler                      0x08000303   Thumb Code     0  startup_stm32f407xx.o(.text)
    CAN2_TX_IRQHandler                       0x08000303   Thumb Code     0  startup_stm32f407xx.o(.text)
    DCMI_IRQHandler                          0x08000303   Thumb Code     0  startup_stm32f407xx.o(.text)
    DMA1_Stream0_IRQHandler                  0x08000303   Thumb Code     0  startup_stm32f407xx.o(.text)
    DMA1_Stream1_IRQHandler                  0x08000303   Thumb Code     0  startup_stm32f407xx.o(.text)
    DMA1_Stream2_IRQHandler                  0x08000303   Thumb Code     0  startup_stm32f407xx.o(.text)
    DMA1_Stream3_IRQHandler                  0x08000303   Thumb Code     0  startup_stm32f407xx.o(.text)
    DMA1_Stream4_IRQHandler                  0x08000303   Thumb Code     0  startup_stm32f407xx.o(.text)
    DMA1_Stream6_IRQHandler                  0x08000303   Thumb Code     0  startup_stm32f407xx.o(.text)
    DMA1_Stream7_IRQHandler                  0x08000303   Thumb Code     0  startup_stm32f407xx.o(.text)
    DMA2_Stream0_IRQHandler                  0x08000303   Thumb Code     0  startup_stm32f407xx.o(.text)
    DMA2_Stream1_IRQHandler                  0x08000303   Thumb Code     0  startup_stm32f407xx.o(.text)
    DMA2_Stream2_IRQHandler                  0x08000303   Thumb Code     0  startup_stm32f407xx.o(.text)
    DMA2_Stream3_IRQHandler                  0x08000303   Thumb Code     0  startup_stm32f407xx.o(.text)
    DMA2_Stream4_IRQHandler                  0x08000303   Thumb Code     0  startup_stm32f407xx.o(.text)
    DMA2_Stream5_IRQHandler                  0x08000303   Thumb Code     0  startup_stm32f407xx.o(.text)
    DMA2_Stream6_IRQHandler                  0x08000303   Thumb Code     0  startup_stm32f407xx.o(.text)
    DMA2_Stream7_IRQHandler                  0x08000303   Thumb Code     0  startup_stm32f407xx.o(.text)
    ETH_IRQHandler                           0x08000303   Thumb Code     0  startup_stm32f407xx.o(.text)
    ETH_WKUP_IRQHandler                      0x08000303   Thumb Code     0  startup_stm32f407xx.o(.text)
    EXTI0_IRQHandler                         0x08000303   Thumb Code     0  startup_stm32f407xx.o(.text)
    EXTI15_10_IRQHandler                     0x08000303   Thumb Code     0  startup_stm32f407xx.o(.text)
    EXTI1_IRQHandler                         0x08000303   Thumb Code     0  startup_stm32f407xx.o(.text)
    EXTI2_IRQHandler                         0x08000303   Thumb Code     0  startup_stm32f407xx.o(.text)
    EXTI3_IRQHandler                         0x08000303   Thumb Code     0  startup_stm32f407xx.o(.text)
    EXTI4_IRQHandler                         0x08000303   Thumb Code     0  startup_stm32f407xx.o(.text)
    EXTI9_5_IRQHandler                       0x08000303   Thumb Code     0  startup_stm32f407xx.o(.text)
    FLASH_IRQHandler                         0x08000303   Thumb Code     0  startup_stm32f407xx.o(.text)
    FMC_IRQHandler                           0x08000303   Thumb Code     0  startup_stm32f407xx.o(.text)
    FPU_IRQHandler                           0x08000303   Thumb Code     0  startup_stm32f407xx.o(.text)
    HASH_RNG_IRQHandler                      0x08000303   Thumb Code     0  startup_stm32f407xx.o(.text)
    I2C1_ER_IRQHandler                       0x08000303   Thumb Code     0  startup_stm32f407xx.o(.text)
    I2C1_EV_IRQHandler                       0x08000303   Thumb Code     0  startup_stm32f407xx.o(.text)
    I2C2_ER_IRQHandler                       0x08000303   Thumb Code     0  startup_stm32f407xx.o(.text)
    I2C2_EV_IRQHandler                       0x08000303   Thumb Code     0  startup_stm32f407xx.o(.text)
    I2C3_ER_IRQHandler                       0x08000303   Thumb Code     0  startup_stm32f407xx.o(.text)
    I2C3_EV_IRQHandler                       0x08000303   Thumb Code     0  startup_stm32f407xx.o(.text)
    OTG_FS_IRQHandler                        0x08000303   Thumb Code     0  startup_stm32f407xx.o(.text)
    OTG_FS_WKUP_IRQHandler                   0x08000303   Thumb Code     0  startup_stm32f407xx.o(.text)
    OTG_HS_EP1_IN_IRQHandler                 0x08000303   Thumb Code     0  startup_stm32f407xx.o(.text)
    OTG_HS_EP1_OUT_IRQHandler                0x08000303   Thumb Code     0  startup_stm32f407xx.o(.text)
    OTG_HS_IRQHandler                        0x08000303   Thumb Code     0  startup_stm32f407xx.o(.text)
    OTG_HS_WKUP_IRQHandler                   0x08000303   Thumb Code     0  startup_stm32f407xx.o(.text)
    PVD_IRQHandler                           0x08000303   Thumb Code     0  startup_stm32f407xx.o(.text)
    RCC_IRQHandler                           0x08000303   Thumb Code     0  startup_stm32f407xx.o(.text)
    RTC_Alarm_IRQHandler                     0x08000303   Thumb Code     0  startup_stm32f407xx.o(.text)
    RTC_WKUP_IRQHandler                      0x08000303   Thumb Code     0  startup_stm32f407xx.o(.text)
    SDIO_IRQHandler                          0x08000303   Thumb Code     0  startup_stm32f407xx.o(.text)
    SPI1_IRQHandler                          0x08000303   Thumb Code     0  startup_stm32f407xx.o(.text)
    SPI2_IRQHandler                          0x08000303   Thumb Code     0  startup_stm32f407xx.o(.text)
    SPI3_IRQHandler                          0x08000303   Thumb Code     0  startup_stm32f407xx.o(.text)
    TAMP_STAMP_IRQHandler                    0x08000303   Thumb Code     0  startup_stm32f407xx.o(.text)
    TIM1_BRK_TIM9_IRQHandler                 0x08000303   Thumb Code     0  startup_stm32f407xx.o(.text)
    TIM1_CC_IRQHandler                       0x08000303   Thumb Code     0  startup_stm32f407xx.o(.text)
    TIM1_TRG_COM_TIM11_IRQHandler            0x08000303   Thumb Code     0  startup_stm32f407xx.o(.text)
    TIM1_UP_TIM10_IRQHandler                 0x08000303   Thumb Code     0  startup_stm32f407xx.o(.text)
    TIM3_IRQHandler                          0x08000303   Thumb Code     0  startup_stm32f407xx.o(.text)
    TIM4_IRQHandler                          0x08000303   Thumb Code     0  startup_stm32f407xx.o(.text)
    TIM5_IRQHandler                          0x08000303   Thumb Code     0  startup_stm32f407xx.o(.text)
    TIM6_DAC_IRQHandler                      0x08000303   Thumb Code     0  startup_stm32f407xx.o(.text)
    TIM7_IRQHandler                          0x08000303   Thumb Code     0  startup_stm32f407xx.o(.text)
    TIM8_BRK_TIM12_IRQHandler                0x08000303   Thumb Code     0  startup_stm32f407xx.o(.text)
    TIM8_CC_IRQHandler                       0x08000303   Thumb Code     0  startup_stm32f407xx.o(.text)
    TIM8_TRG_COM_TIM14_IRQHandler            0x08000303   Thumb Code     0  startup_stm32f407xx.o(.text)
    TIM8_UP_TIM13_IRQHandler                 0x08000303   Thumb Code     0  startup_stm32f407xx.o(.text)
    UART4_IRQHandler                         0x08000303   Thumb Code     0  startup_stm32f407xx.o(.text)
    UART5_IRQHandler                         0x08000303   Thumb Code     0  startup_stm32f407xx.o(.text)
    USART1_IRQHandler                        0x08000303   Thumb Code     0  startup_stm32f407xx.o(.text)
    USART3_IRQHandler                        0x08000303   Thumb Code     0  startup_stm32f407xx.o(.text)
    USART6_IRQHandler                        0x08000303   Thumb Code     0  startup_stm32f407xx.o(.text)
    WWDG_IRQHandler                          0x08000303   Thumb Code     0  startup_stm32f407xx.o(.text)
    __user_initial_stackheap                 0x08000305   Thumb Code     0  startup_stm32f407xx.o(.text)
    __aeabi_uldivmod                         0x08000329   Thumb Code     0  lludivv7m.o(.text)
    _ll_udiv                                 0x08000329   Thumb Code   238  lludivv7m.o(.text)
    __aeabi_memcpy4                          0x08000417   Thumb Code     0  rt_memcpy_w.o(.text)
    __aeabi_memcpy8                          0x08000417   Thumb Code     0  rt_memcpy_w.o(.text)
    __rt_memcpy_w                            0x08000417   Thumb Code   100  rt_memcpy_w.o(.text)
    _memcpy_lastbytes_aligned                0x0800045f   Thumb Code     0  rt_memcpy_w.o(.text)
    __aeabi_memclr4                          0x0800047b   Thumb Code     0  rt_memclr_w.o(.text)
    __aeabi_memclr8                          0x0800047b   Thumb Code     0  rt_memclr_w.o(.text)
    __rt_memclr_w                            0x0800047b   Thumb Code    78  rt_memclr_w.o(.text)
    _memset_w                                0x0800047f   Thumb Code     0  rt_memclr_w.o(.text)
    __use_two_region_memory                  0x080004c9   Thumb Code     2  heapauxi.o(.text)
    __rt_heap_escrow$2region                 0x080004cb   Thumb Code     2  heapauxi.o(.text)
    __rt_heap_expand$2region                 0x080004cd   Thumb Code     2  heapauxi.o(.text)
    __user_setup_stackheap                   0x080004cf   Thumb Code    74  sys_stackheap_outer.o(.text)
    exit                                     0x08000519   Thumb Code    18  exit.o(.text)
    __user_libspace                          0x0800052d   Thumb Code     8  libspace.o(.text)
    __user_perproc_libspace                  0x0800052d   Thumb Code     0  libspace.o(.text)
    __user_perthread_libspace                0x0800052d   Thumb Code     0  libspace.o(.text)
    _sys_exit                                0x08000535   Thumb Code     8  sys_exit.o(.text)
    __I$use$semihosting                      0x08000541   Thumb Code     0  use_no_semi.o(.text)
    __use_no_semihosting_swi                 0x08000541   Thumb Code     2  use_no_semi.o(.text)
    BusFault_Handler                         0x08000543   Thumb Code     2  stm32f4xx_it.o(i.BusFault_Handler)
    __semihosting_library_function           0x08000543   Thumb Code     0  indicate_semi.o(.text)
    CAN1_Init                                0x08000545   Thumb Code    36  drv_can.o(i.CAN1_Init)
    CAN1_RX0_IRQHandler                      0x0800056d   Thumb Code     6  stm32f4xx_it.o(i.CAN1_RX0_IRQHandler)
    CAN1_Send_With_int16_to_uint8            0x08000579   Thumb Code    70  drv_can.o(i.CAN1_Send_With_int16_to_uint8)
    CAN1_rxDataHandler                       0x080005c5   Thumb Code    30  config_can.o(i.CAN1_rxDataHandler)
    CAN2_Init                                0x080005e9   Thumb Code    36  drv_can.o(i.CAN2_Init)
    CAN2_RX0_IRQHandler                      0x08000611   Thumb Code     6  stm32f4xx_it.o(i.CAN2_RX0_IRQHandler)
    CAN2_rxDataHandler                       0x0800061d   Thumb Code     2  config_can.o(i.CAN2_rxDataHandler)
    CAN_Filter_ParamsInit                    0x0800061f   Thumb Code    26  drv_can.o(i.CAN_Filter_ParamsInit)
    CAN_SendData                             0x08000639   Thumb Code    48  drv_can.o(i.CAN_SendData)
    DMA1_Stream5_IRQHandler                  0x08000671   Thumb Code     6  stm32f4xx_it.o(i.DMA1_Stream5_IRQHandler)
    DebugMon_Handler                         0x0800093d   Thumb Code     2  stm32f4xx_it.o(i.DebugMon_Handler)
    Error_Handler                            0x0800093f   Thumb Code     4  main.o(i.Error_Handler)
    HAL_CAN_ActivateNotification             0x08000943   Thumb Code    36  stm32f4xx_hal_can.o(i.HAL_CAN_ActivateNotification)
    HAL_CAN_AddTxMessage                     0x08000967   Thumb Code   200  stm32f4xx_hal_can.o(i.HAL_CAN_AddTxMessage)
    HAL_CAN_ConfigFilter                     0x08000a31   Thumb Code   262  stm32f4xx_hal_can.o(i.HAL_CAN_ConfigFilter)
    HAL_CAN_ErrorCallback                    0x08000b3d   Thumb Code     2  stm32f4xx_hal_can.o(i.HAL_CAN_ErrorCallback)
    HAL_CAN_GetRxMessage                     0x08000b3f   Thumb Code   232  stm32f4xx_hal_can.o(i.HAL_CAN_GetRxMessage)
    HAL_CAN_IRQHandler                       0x08000c27   Thumb Code   508  stm32f4xx_hal_can.o(i.HAL_CAN_IRQHandler)
    HAL_CAN_Init                             0x08000e23   Thumb Code   282  stm32f4xx_hal_can.o(i.HAL_CAN_Init)
    HAL_CAN_MspInit                          0x08000f3d   Thumb Code   226  can.o(i.HAL_CAN_MspInit)
    HAL_CAN_RxFifo0FullCallback              0x08001039   Thumb Code     2  stm32f4xx_hal_can.o(i.HAL_CAN_RxFifo0FullCallback)
    HAL_CAN_RxFifo0MsgPendingCallback        0x0800103d   Thumb Code    78  drv_can.o(i.HAL_CAN_RxFifo0MsgPendingCallback)
    HAL_CAN_RxFifo1FullCallback              0x08001099   Thumb Code     2  stm32f4xx_hal_can.o(i.HAL_CAN_RxFifo1FullCallback)
    HAL_CAN_RxFifo1MsgPendingCallback        0x0800109b   Thumb Code     2  stm32f4xx_hal_can.o(i.HAL_CAN_RxFifo1MsgPendingCallback)
    HAL_CAN_SleepCallback                    0x0800109d   Thumb Code     2  stm32f4xx_hal_can.o(i.HAL_CAN_SleepCallback)
    HAL_CAN_Start                            0x080010a1   Thumb Code    88  stm32f4xx_hal_can.o(i.HAL_CAN_Start)
    HAL_CAN_TxMailbox0AbortCallback          0x080010f9   Thumb Code     2  stm32f4xx_hal_can.o(i.HAL_CAN_TxMailbox0AbortCallback)
    HAL_CAN_TxMailbox0CompleteCallback       0x080010fb   Thumb Code     2  stm32f4xx_hal_can.o(i.HAL_CAN_TxMailbox0CompleteCallback)
    HAL_CAN_TxMailbox1AbortCallback          0x080010fd   Thumb Code     2  stm32f4xx_hal_can.o(i.HAL_CAN_TxMailbox1AbortCallback)
    HAL_CAN_TxMailbox1CompleteCallback       0x080010ff   Thumb Code     2  stm32f4xx_hal_can.o(i.HAL_CAN_TxMailbox1CompleteCallback)
    HAL_CAN_TxMailbox2AbortCallback          0x08001101   Thumb Code     2  stm32f4xx_hal_can.o(i.HAL_CAN_TxMailbox2AbortCallback)
    HAL_CAN_TxMailbox2CompleteCallback       0x08001103   Thumb Code     2  stm32f4xx_hal_can.o(i.HAL_CAN_TxMailbox2CompleteCallback)
    HAL_CAN_WakeUpFromRxMsgCallback          0x08001105   Thumb Code     2  stm32f4xx_hal_can.o(i.HAL_CAN_WakeUpFromRxMsgCallback)
    HAL_DMA_Abort                            0x08001107   Thumb Code   146  stm32f4xx_hal_dma.o(i.HAL_DMA_Abort)
    HAL_DMA_Abort_IT                         0x08001199   Thumb Code    36  stm32f4xx_hal_dma.o(i.HAL_DMA_Abort_IT)
    HAL_DMA_IRQHandler                       0x080011bd   Thumb Code   412  stm32f4xx_hal_dma.o(i.HAL_DMA_IRQHandler)
    HAL_DMA_Init                             0x0800135d   Thumb Code   206  stm32f4xx_hal_dma.o(i.HAL_DMA_Init)
    HAL_GPIO_Init                            0x08001431   Thumb Code   450  stm32f4xx_hal_gpio.o(i.HAL_GPIO_Init)
    HAL_GetTick                              0x08001621   Thumb Code     6  stm32f4xx_hal.o(i.HAL_GetTick)
    HAL_IWDG_Init                            0x0800162d   Thumb Code    90  stm32f4xx_hal_iwdg.o(i.HAL_IWDG_Init)
    HAL_IWDG_Refresh                         0x08001687   Thumb Code    12  stm32f4xx_hal_iwdg.o(i.HAL_IWDG_Refresh)
    HAL_IncTick                              0x08001695   Thumb Code    12  stm32f4xx_hal.o(i.HAL_IncTick)
    HAL_Init                                 0x080016a5   Thumb Code    48  stm32f4xx_hal.o(i.HAL_Init)
    HAL_InitTick                             0x080016d9   Thumb Code   102  stm32f4xx_hal_timebase_tim.o(i.HAL_InitTick)
    HAL_MspInit                              0x0800174d   Thumb Code    52  stm32f4xx_hal_msp.o(i.HAL_MspInit)
    HAL_NVIC_EnableIRQ                       0x08001785   Thumb Code    26  stm32f4xx_hal_cortex.o(i.HAL_NVIC_EnableIRQ)
    HAL_NVIC_SetPriority                     0x080017a1   Thumb Code    60  stm32f4xx_hal_cortex.o(i.HAL_NVIC_SetPriority)
    HAL_NVIC_SetPriorityGrouping             0x080017e1   Thumb Code    26  stm32f4xx_hal_cortex.o(i.HAL_NVIC_SetPriorityGrouping)
    HAL_RCC_ClockConfig                      0x08001805   Thumb Code   288  stm32f4xx_hal_rcc.o(i.HAL_RCC_ClockConfig)
    HAL_RCC_GetClockConfig                   0x08001939   Thumb Code    54  stm32f4xx_hal_rcc.o(i.HAL_RCC_GetClockConfig)
    HAL_RCC_GetPCLK1Freq                     0x08001979   Thumb Code    20  stm32f4xx_hal_rcc.o(i.HAL_RCC_GetPCLK1Freq)
    HAL_RCC_GetPCLK2Freq                     0x08001999   Thumb Code    20  stm32f4xx_hal_rcc.o(i.HAL_RCC_GetPCLK2Freq)
    HAL_RCC_GetSysClockFreq                  0x080019b9   Thumb Code    88  stm32f4xx_hal_rcc.o(i.HAL_RCC_GetSysClockFreq)
    HAL_RCC_OscConfig                        0x08001a1d   Thumb Code   856  stm32f4xx_hal_rcc.o(i.HAL_RCC_OscConfig)
    HAL_TIMEx_BreakCallback                  0x08001d89   Thumb Code     2  stm32f4xx_hal_tim_ex.o(i.HAL_TIMEx_BreakCallback)
    HAL_TIMEx_CommutCallback                 0x08001d8b   Thumb Code     2  stm32f4xx_hal_tim_ex.o(i.HAL_TIMEx_CommutCallback)
    HAL_TIM_Base_Init                        0x08001d8d   Thumb Code    90  stm32f4xx_hal_tim.o(i.HAL_TIM_Base_Init)
    HAL_TIM_Base_MspInit                     0x08001de7   Thumb Code     2  stm32f4xx_hal_tim.o(i.HAL_TIM_Base_MspInit)
    HAL_TIM_Base_Start_IT                    0x08001de9   Thumb Code   100  stm32f4xx_hal_tim.o(i.HAL_TIM_Base_Start_IT)
    HAL_TIM_IC_CaptureCallback               0x08001e69   Thumb Code     2  stm32f4xx_hal_tim.o(i.HAL_TIM_IC_CaptureCallback)
    HAL_TIM_IRQHandler                       0x08001e6b   Thumb Code   358  stm32f4xx_hal_tim.o(i.HAL_TIM_IRQHandler)
    HAL_TIM_OC_DelayElapsedCallback          0x08001fd1   Thumb Code     2  stm32f4xx_hal_tim.o(i.HAL_TIM_OC_DelayElapsedCallback)
    HAL_TIM_PWM_PulseFinishedCallback        0x08001fd3   Thumb Code     2  stm32f4xx_hal_tim.o(i.HAL_TIM_PWM_PulseFinishedCallback)
    HAL_TIM_PeriodElapsedCallback            0x08001fd5   Thumb Code    14  main.o(i.HAL_TIM_PeriodElapsedCallback)
    HAL_TIM_TriggerCallback                  0x08001fe3   Thumb Code     2  stm32f4xx_hal_tim.o(i.HAL_TIM_TriggerCallback)
    HAL_UARTEx_RxEventCallback               0x08001fe5   Thumb Code     2  stm32f4xx_hal_uart.o(i.HAL_UARTEx_RxEventCallback)
    HAL_UART_ErrorCallback                   0x08001fe7   Thumb Code     2  stm32f4xx_hal_uart.o(i.HAL_UART_ErrorCallback)
    HAL_UART_IRQHandler                      0x08001fe9   Thumb Code   610  stm32f4xx_hal_uart.o(i.HAL_UART_IRQHandler)
    HAL_UART_Init                            0x08002251   Thumb Code    98  stm32f4xx_hal_uart.o(i.HAL_UART_Init)
    HAL_UART_MspInit                         0x080022b5   Thumb Code   156  usart.o(i.HAL_UART_MspInit)
    HAL_UART_RxCpltCallback                  0x08002365   Thumb Code     2  stm32f4xx_hal_uart.o(i.HAL_UART_RxCpltCallback)
    HAL_UART_TxCpltCallback                  0x08002367   Thumb Code     2  stm32f4xx_hal_uart.o(i.HAL_UART_TxCpltCallback)
    HardFault_Handler                        0x08002369   Thumb Code     2  stm32f4xx_it.o(i.HardFault_Handler)
    MX_CAN1_Init                             0x0800236d   Thumb Code    62  can.o(i.MX_CAN1_Init)
    MX_CAN2_Init                             0x080023b5   Thumb Code    62  can.o(i.MX_CAN2_Init)
    MX_DMA_Init                              0x080023fd   Thumb Code    40  dma.o(i.MX_DMA_Init)
    MX_FREERTOS_Init                         0x08002429   Thumb Code    52  freertos.o(i.MX_FREERTOS_Init)
    MX_GPIO_Init                             0x08002465   Thumb Code    70  gpio.o(i.MX_GPIO_Init)
    MX_IWDG_Init                             0x080024b1   Thumb Code    36  iwdg.o(i.MX_IWDG_Init)
    MX_USART2_UART_Init                      0x080024dd   Thumb Code    50  usart.o(i.MX_USART2_UART_Init)
    MemManage_Handler                        0x0800251d   Thumb Code     2  stm32f4xx_it.o(i.MemManage_Handler)
    NMI_Handler                              0x0800251f   Thumb Code     2  stm32f4xx_it.o(i.NMI_Handler)
    StartDefaultTask                         0x08002521   Thumb Code     8  freertos.o(i.StartDefaultTask)
    SysTick_Handler                          0x08002529   Thumb Code    38  port.o(i.SysTick_Handler)
    SystemClock_Config                       0x08002555   Thumb Code   148  main.o(i.SystemClock_Config)
    SystemInit                               0x080025f1   Thumb Code    12  system_stm32f4xx.o(i.SystemInit)
    TIM2_IRQHandler                          0x08002601   Thumb Code     6  stm32f4xx_it.o(i.TIM2_IRQHandler)
    TIM_Base_SetConfig                       0x0800260d   Thumb Code   156  stm32f4xx_hal_tim.o(i.TIM_Base_SetConfig)
    USART2_IRQHandler                        0x08002901   Thumb Code     6  stm32f4xx_it.o(i.USART2_IRQHandler)
    USART2_Init                              0x0800290d   Thumb Code    52  drv_uart.o(i.USART2_Init)
    USART2_rxDataHandler                     0x08002949   Thumb Code     2  config_uart.o(i.USART2_rxDataHandler)
    UsageFault_Handler                       0x0800294b   Thumb Code     2  stm32f4xx_it.o(i.UsageFault_Handler)
    armer_control                            0x0800296d   Thumb Code    60  armer.o(i.armer_control)
    armer_init                               0x080029b9   Thumb Code    20  armer.o(i.armer_init)
    control_task                             0x080029d9   Thumb Code    22  control_task.o(i.control_task)
    init_all                                 0x08002a1d   Thumb Code    18  drv_all.o(i.init_all)
    main                                     0x08002a2f   Thumb Code    46  main.o(i.main)
    osDelay                                  0x08002a69   Thumb Code    14  cmsis_os.o(i.osDelay)
    osKernelStart                            0x08002a77   Thumb Code    10  cmsis_os.o(i.osKernelStart)
    osThreadCreate                           0x08002a81   Thumb Code    84  cmsis_os.o(i.osThreadCreate)
    pid_init                                 0x08002ad5   Thumb Code    60  pid.o(i.pid_init)
    pvPortMalloc                             0x08002e61   Thumb Code   216  heap_4.o(i.pvPortMalloc)
    pxPortInitialiseStack                    0x08002f3d   Thumb Code    40  port.o(i.pxPortInitialiseStack)
    single_pid_cal                           0x08002f69   Thumb Code   206  pid.o(i.single_pid_cal)
    uxListRemove                             0x0800303d   Thumb Code    38  list.o(i.uxListRemove)
    vApplicationGetIdleTaskMemory            0x08003065   Thumb Code    16  freertos.o(i.vApplicationGetIdleTaskMemory)
    vListInitialise                          0x08003079   Thumb Code    22  list.o(i.vListInitialise)
    vListInitialiseItem                      0x0800308f   Thumb Code     6  list.o(i.vListInitialiseItem)
    vListInsert                              0x08003095   Thumb Code    48  list.o(i.vListInsert)
    vListInsertEnd                           0x080030c5   Thumb Code    24  list.o(i.vListInsertEnd)
    vPortEnterCritical                       0x080030dd   Thumb Code    54  port.o(i.vPortEnterCritical)
    vPortExitCritical                        0x0800311d   Thumb Code    34  port.o(i.vPortExitCritical)
    vPortFree                                0x08003145   Thumb Code    94  heap_4.o(i.vPortFree)
    vPortSetupTimerInterrupt                 0x080031a9   Thumb Code    32  port.o(i.vPortSetupTimerInterrupt)
    vTaskDelay                               0x080031cd   Thumb Code    66  tasks.o(i.vTaskDelay)
    vTaskStartScheduler                      0x08003219   Thumb Code    90  tasks.o(i.vTaskStartScheduler)
    vTaskSuspendAll                          0x08003285   Thumb Code    10  tasks.o(i.vTaskSuspendAll)
    vTaskSwitchContext                       0x08003295   Thumb Code    82  tasks.o(i.vTaskSwitchContext)
    xPortStartScheduler                      0x080032f1   Thumb Code   222  port.o(i.xPortStartScheduler)
    xTaskCreate                              0x080033e5   Thumb Code    90  tasks.o(i.xTaskCreate)
    xTaskCreateStatic                        0x0800343f   Thumb Code    86  tasks.o(i.xTaskCreateStatic)
    xTaskIncrementTick                       0x08003495   Thumb Code   194  tasks.o(i.xTaskIncrementTick)
    xTaskResumeAll                           0x08003561   Thumb Code   182  tasks.o(i.xTaskResumeAll)
    _fp_init                                 0x08003625   Thumb Code    10  fpinit.o(x$fpl$fpinit)
    __fplib_config_fpu_vfp                   0x0800362d   Thumb Code     0  fpinit.o(x$fpl$fpinit)
    __fplib_config_pureend_doubles           0x0800362d   Thumb Code     0  fpinit.o(x$fpl$fpinit)
    AHBPrescTable                            0x08003670   Data          16  system_stm32f4xx.o(.constdata)
    APBPrescTable                            0x08003680   Data           8  system_stm32f4xx.o(.constdata)
    Region$$Table$$Base                      0x080036a4   Number         0  anon$$obj.o(Region$$Table)
    Region$$Table$$Limit                     0x080036c4   Number         0  anon$$obj.o(Region$$Table)
    defaultTaskHandle                        0x20000000   Data           4  freertos.o(.data)
    Control_TaskHandle                       0x20000004   Data           4  freertos.o(.data)
    uwTickFreq                               0x2000000c   Data           1  stm32f4xx_hal.o(.data)
    uwTickPrio                               0x20000010   Data           4  stm32f4xx_hal.o(.data)
    uwTick                                   0x20000014   Data           4  stm32f4xx_hal.o(.data)
    SystemCoreClock                          0x20000018   Data           4  system_stm32f4xx.o(.data)
    pxCurrentTCB                             0x2000001c   Data           4  tasks.o(.data)
    post_angle                               0x20000084   Data           2  config_can.o(.data)
    post_speed                               0x20000086   Data           2  config_can.o(.data)
    outpost_motor_rxBuf                      0x20000088   Data           8  config_can.o(.data)
    can1_0x200_send_buff                     0x20000090   Data           8  config_can.o(.data)
    post_pid_info                            0x20000098   Data          64  config_motor.o(.data)
    post_pid                                 0x200000d8   Data           4  config_motor.o(.data)
    post_output                              0x200000dc   Data           2  armer.o(.data)
    num_cnt                                  0x200000e0   Data           4  armer.o(.data)
    period_buff                              0x200000e4   Data           4  armer.o(.data)
    hcan1                                    0x2000033c   Data          40  can.o(.bss)
    hcan2                                    0x20000364   Data          40  can.o(.bss)
    hiwdg                                    0x2000038c   Data          12  iwdg.o(.bss)
    huart2                                   0x20000398   Data          68  usart.o(.bss)
    hdma_usart2_rx                           0x200003dc   Data          96  usart.o(.bss)
    htim2                                    0x2000043c   Data          72  stm32f4xx_hal_timebase_tim.o(.bss)
    hcan1RxFrame                             0x20004174   Data          36  drv_can.o(.bss)
    hcan2RxFrame                             0x20004198   Data          36  drv_can.o(.bss)
    can1_tx_buf                              0x200041bc   Data          16  drv_can.o(.bss)
    can2_tx_buf                              0x200041cc   Data          16  drv_can.o(.bss)
    usart2_dma_rxbuf                         0x200041dc   Data          48  drv_uart.o(.bss)
    __libspace_start                         0x2000420c   Data          96  libspace.o(.bss)
    __temporary_stack_top$libspace           0x2000426c   Data           0  libspace.o(.bss)



==============================================================================

Memory Map of the image

  Image Entry point : 0x08000189

  Load Region LR_IROM1 (Base: 0x08000000, Size: 0x000037ac, Max: 0x00080000, ABSOLUTE)

    Execution Region ER_IROM1 (Exec base: 0x08000000, Load base: 0x08000000, Size: 0x000036c4, Max: 0x00080000, ABSOLUTE)

    Exec Addr    Load Addr    Size         Type   Attr      Idx    E Section Name        Object

    0x08000000   0x08000000   0x00000188   Data   RO            3    RESET               startup_stm32f407xx.o
    0x08000188   0x08000188   0x00000008   Code   RO         5289  * !!!main             c_w.l(__main.o)
    0x08000190   0x08000190   0x00000034   Code   RO         5458    !!!scatter          c_w.l(__scatter.o)
    0x080001c4   0x080001c4   0x0000001a   Code   RO         5460    !!handler_copy      c_w.l(__scatter_copy.o)
    0x080001de   0x080001de   0x00000002   PAD
    0x080001e0   0x080001e0   0x0000001c   Code   RO         5462    !!handler_zi        c_w.l(__scatter_zi.o)
    0x080001fc   0x080001fc   0x00000002   Code   RO         5328    .ARM.Collect$$libinit$$00000000  c_w.l(libinit.o)
    0x080001fe   0x080001fe   0x00000004   Code   RO         5340    .ARM.Collect$$libinit$$00000001  c_w.l(libinit2.o)
    0x08000202   0x08000202   0x00000000   Code   RO         5343    .ARM.Collect$$libinit$$00000004  c_w.l(libinit2.o)
    0x08000202   0x08000202   0x00000000   Code   RO         5346    .ARM.Collect$$libinit$$0000000A  c_w.l(libinit2.o)
    0x08000202   0x08000202   0x00000000   Code   RO         5348    .ARM.Collect$$libinit$$0000000C  c_w.l(libinit2.o)
    0x08000202   0x08000202   0x00000000   Code   RO         5350    .ARM.Collect$$libinit$$0000000E  c_w.l(libinit2.o)
    0x08000202   0x08000202   0x00000000   Code   RO         5353    .ARM.Collect$$libinit$$00000011  c_w.l(libinit2.o)
    0x08000202   0x08000202   0x00000000   Code   RO         5355    .ARM.Collect$$libinit$$00000013  c_w.l(libinit2.o)
    0x08000202   0x08000202   0x00000000   Code   RO         5357    .ARM.Collect$$libinit$$00000015  c_w.l(libinit2.o)
    0x08000202   0x08000202   0x00000000   Code   RO         5359    .ARM.Collect$$libinit$$00000017  c_w.l(libinit2.o)
    0x08000202   0x08000202   0x00000000   Code   RO         5361    .ARM.Collect$$libinit$$00000019  c_w.l(libinit2.o)
    0x08000202   0x08000202   0x00000000   Code   RO         5363    .ARM.Collect$$libinit$$0000001B  c_w.l(libinit2.o)
    0x08000202   0x08000202   0x00000000   Code   RO         5365    .ARM.Collect$$libinit$$0000001D  c_w.l(libinit2.o)
    0x08000202   0x08000202   0x00000000   Code   RO         5367    .ARM.Collect$$libinit$$0000001F  c_w.l(libinit2.o)
    0x08000202   0x08000202   0x00000000   Code   RO         5369    .ARM.Collect$$libinit$$00000021  c_w.l(libinit2.o)
    0x08000202   0x08000202   0x00000000   Code   RO         5371    .ARM.Collect$$libinit$$00000023  c_w.l(libinit2.o)
    0x08000202   0x08000202   0x00000000   Code   RO         5373    .ARM.Collect$$libinit$$00000025  c_w.l(libinit2.o)
    0x08000202   0x08000202   0x00000000   Code   RO         5377    .ARM.Collect$$libinit$$0000002C  c_w.l(libinit2.o)
    0x08000202   0x08000202   0x00000000   Code   RO         5379    .ARM.Collect$$libinit$$0000002E  c_w.l(libinit2.o)
    0x08000202   0x08000202   0x00000000   Code   RO         5381    .ARM.Collect$$libinit$$00000030  c_w.l(libinit2.o)
    0x08000202   0x08000202   0x00000000   Code   RO         5383    .ARM.Collect$$libinit$$00000032  c_w.l(libinit2.o)
    0x08000202   0x08000202   0x00000002   Code   RO         5384    .ARM.Collect$$libinit$$00000033  c_w.l(libinit2.o)
    0x08000204   0x08000204   0x00000002   Code   RO         5415    .ARM.Collect$$libshutdown$$00000000  c_w.l(libshutdown.o)
    0x08000206   0x08000206   0x00000000   Code   RO         5441    .ARM.Collect$$libshutdown$$00000002  c_w.l(libshutdown2.o)
    0x08000206   0x08000206   0x00000000   Code   RO         5443    .ARM.Collect$$libshutdown$$00000004  c_w.l(libshutdown2.o)
    0x08000206   0x08000206   0x00000000   Code   RO         5446    .ARM.Collect$$libshutdown$$00000007  c_w.l(libshutdown2.o)
    0x08000206   0x08000206   0x00000000   Code   RO         5449    .ARM.Collect$$libshutdown$$0000000A  c_w.l(libshutdown2.o)
    0x08000206   0x08000206   0x00000000   Code   RO         5451    .ARM.Collect$$libshutdown$$0000000C  c_w.l(libshutdown2.o)
    0x08000206   0x08000206   0x00000000   Code   RO         5454    .ARM.Collect$$libshutdown$$0000000F  c_w.l(libshutdown2.o)
    0x08000206   0x08000206   0x00000002   Code   RO         5455    .ARM.Collect$$libshutdown$$00000010  c_w.l(libshutdown2.o)
    0x08000208   0x08000208   0x00000000   Code   RO         5291    .ARM.Collect$$rtentry$$00000000  c_w.l(__rtentry.o)
    0x08000208   0x08000208   0x00000000   Code   RO         5299    .ARM.Collect$$rtentry$$00000002  c_w.l(__rtentry2.o)
    0x08000208   0x08000208   0x00000006   Code   RO         5311    .ARM.Collect$$rtentry$$00000004  c_w.l(__rtentry4.o)
    0x0800020e   0x0800020e   0x00000000   Code   RO         5301    .ARM.Collect$$rtentry$$00000009  c_w.l(__rtentry2.o)
    0x0800020e   0x0800020e   0x00000004   Code   RO         5302    .ARM.Collect$$rtentry$$0000000A  c_w.l(__rtentry2.o)
    0x08000212   0x08000212   0x00000000   Code   RO         5304    .ARM.Collect$$rtentry$$0000000C  c_w.l(__rtentry2.o)
    0x08000212   0x08000212   0x00000008   Code   RO         5305    .ARM.Collect$$rtentry$$0000000D  c_w.l(__rtentry2.o)
    0x0800021a   0x0800021a   0x00000002   Code   RO         5332    .ARM.Collect$$rtexit$$00000000  c_w.l(rtexit.o)
    0x0800021c   0x0800021c   0x00000000   Code   RO         5388    .ARM.Collect$$rtexit$$00000002  c_w.l(rtexit2.o)
    0x0800021c   0x0800021c   0x00000004   Code   RO         5389    .ARM.Collect$$rtexit$$00000003  c_w.l(rtexit2.o)
    0x08000220   0x08000220   0x00000006   Code   RO         5390    .ARM.Collect$$rtexit$$00000004  c_w.l(rtexit2.o)
    0x08000226   0x08000226   0x00000002   PAD
    0x08000228   0x08000228   0x000000be   Code   RO         4584    .emb_text           port.o
    0x080002e6   0x080002e6   0x00000002   PAD
    0x080002e8   0x080002e8   0x00000040   Code   RO            4    .text               startup_stm32f407xx.o
    0x08000328   0x08000328   0x000000ee   Code   RO         5277    .text               c_w.l(lludivv7m.o)
    0x08000416   0x08000416   0x00000064   Code   RO         5281    .text               c_w.l(rt_memcpy_w.o)
    0x0800047a   0x0800047a   0x0000004e   Code   RO         5285    .text               c_w.l(rt_memclr_w.o)
    0x080004c8   0x080004c8   0x00000006   Code   RO         5287    .text               c_w.l(heapauxi.o)
    0x080004ce   0x080004ce   0x0000004a   Code   RO         5315    .text               c_w.l(sys_stackheap_outer.o)
    0x08000518   0x08000518   0x00000012   Code   RO         5317    .text               c_w.l(exit.o)
    0x0800052a   0x0800052a   0x00000002   PAD
    0x0800052c   0x0800052c   0x00000008   Code   RO         5329    .text               c_w.l(libspace.o)
    0x08000534   0x08000534   0x0000000c   Code   RO         5385    .text               c_w.l(sys_exit.o)
    0x08000540   0x08000540   0x00000002   Code   RO         5404    .text               c_w.l(use_no_semi.o)
    0x08000542   0x08000542   0x00000000   Code   RO         5406    .text               c_w.l(indicate_semi.o)
    0x08000542   0x08000542   0x00000002   Code   RO          452    i.BusFault_Handler  stm32f4xx_it.o
    0x08000544   0x08000544   0x00000028   Code   RO         4664    i.CAN1_Init         drv_can.o
    0x0800056c   0x0800056c   0x0000000c   Code   RO          453    i.CAN1_RX0_IRQHandler  stm32f4xx_it.o
    0x08000578   0x08000578   0x0000004c   Code   RO         4665    i.CAN1_Send_With_int16_to_uint8  drv_can.o
    0x080005c4   0x080005c4   0x00000024   Code   RO         4873    i.CAN1_rxDataHandler  config_can.o
    0x080005e8   0x080005e8   0x00000028   Code   RO         4666    i.CAN2_Init         drv_can.o
    0x08000610   0x08000610   0x0000000c   Code   RO          454    i.CAN2_RX0_IRQHandler  stm32f4xx_it.o
    0x0800061c   0x0800061c   0x00000002   Code   RO         4874    i.CAN2_rxDataHandler  config_can.o
    0x0800061e   0x0800061e   0x0000001a   Code   RO         4668    i.CAN_Filter_ParamsInit  drv_can.o
    0x08000638   0x08000638   0x00000038   Code   RO         4669    i.CAN_SendData      drv_can.o
    0x08000670   0x08000670   0x0000000c   Code   RO          455    i.DMA1_Stream5_IRQHandler  stm32f4xx_it.o
    0x0800067c   0x0800067c   0x00000244   Code   RO         4782    i.DMAEx_MultiBufferStart_NoIT  drv_uart.o
    0x080008c0   0x080008c0   0x00000028   Code   RO         1296    i.DMA_CalcBaseAndBitshift  stm32f4xx_hal_dma.o
    0x080008e8   0x080008e8   0x00000054   Code   RO         1297    i.DMA_CheckFifoParam  stm32f4xx_hal_dma.o
    0x0800093c   0x0800093c   0x00000002   Code   RO          456    i.DebugMon_Handler  stm32f4xx_it.o
    0x0800093e   0x0800093e   0x00000004   Code   RO           13    i.Error_Handler     main.o
    0x08000942   0x08000942   0x00000024   Code   RO          604    i.HAL_CAN_ActivateNotification  stm32f4xx_hal_can.o
    0x08000966   0x08000966   0x000000c8   Code   RO          605    i.HAL_CAN_AddTxMessage  stm32f4xx_hal_can.o
    0x08000a2e   0x08000a2e   0x00000002   PAD
    0x08000a30   0x08000a30   0x0000010c   Code   RO          606    i.HAL_CAN_ConfigFilter  stm32f4xx_hal_can.o
    0x08000b3c   0x08000b3c   0x00000002   Code   RO          609    i.HAL_CAN_ErrorCallback  stm32f4xx_hal_can.o
    0x08000b3e   0x08000b3e   0x000000e8   Code   RO          612    i.HAL_CAN_GetRxMessage  stm32f4xx_hal_can.o
    0x08000c26   0x08000c26   0x000001fc   Code   RO          616    i.HAL_CAN_IRQHandler  stm32f4xx_hal_can.o
    0x08000e22   0x08000e22   0x0000011a   Code   RO          617    i.HAL_CAN_Init      stm32f4xx_hal_can.o
    0x08000f3c   0x08000f3c   0x000000fc   Code   RO          308    i.HAL_CAN_MspInit   can.o
    0x08001038   0x08001038   0x00000002   Code   RO          624    i.HAL_CAN_RxFifo0FullCallback  stm32f4xx_hal_can.o
    0x0800103a   0x0800103a   0x00000002   PAD
    0x0800103c   0x0800103c   0x0000005c   Code   RO         4671    i.HAL_CAN_RxFifo0MsgPendingCallback  drv_can.o
    0x08001098   0x08001098   0x00000002   Code   RO          626    i.HAL_CAN_RxFifo1FullCallback  stm32f4xx_hal_can.o
    0x0800109a   0x0800109a   0x00000002   Code   RO          627    i.HAL_CAN_RxFifo1MsgPendingCallback  stm32f4xx_hal_can.o
    0x0800109c   0x0800109c   0x00000002   Code   RO          628    i.HAL_CAN_SleepCallback  stm32f4xx_hal_can.o
    0x0800109e   0x0800109e   0x00000002   PAD
    0x080010a0   0x080010a0   0x00000058   Code   RO          629    i.HAL_CAN_Start     stm32f4xx_hal_can.o
    0x080010f8   0x080010f8   0x00000002   Code   RO          631    i.HAL_CAN_TxMailbox0AbortCallback  stm32f4xx_hal_can.o
    0x080010fa   0x080010fa   0x00000002   Code   RO          632    i.HAL_CAN_TxMailbox0CompleteCallback  stm32f4xx_hal_can.o
    0x080010fc   0x080010fc   0x00000002   Code   RO          633    i.HAL_CAN_TxMailbox1AbortCallback  stm32f4xx_hal_can.o
    0x080010fe   0x080010fe   0x00000002   Code   RO          634    i.HAL_CAN_TxMailbox1CompleteCallback  stm32f4xx_hal_can.o
    0x08001100   0x08001100   0x00000002   Code   RO          635    i.HAL_CAN_TxMailbox2AbortCallback  stm32f4xx_hal_can.o
    0x08001102   0x08001102   0x00000002   Code   RO          636    i.HAL_CAN_TxMailbox2CompleteCallback  stm32f4xx_hal_can.o
    0x08001104   0x08001104   0x00000002   Code   RO          638    i.HAL_CAN_WakeUpFromRxMsgCallback  stm32f4xx_hal_can.o
    0x08001106   0x08001106   0x00000092   Code   RO         1299    i.HAL_DMA_Abort     stm32f4xx_hal_dma.o
    0x08001198   0x08001198   0x00000024   Code   RO         1300    i.HAL_DMA_Abort_IT  stm32f4xx_hal_dma.o
    0x080011bc   0x080011bc   0x000001a0   Code   RO         1304    i.HAL_DMA_IRQHandler  stm32f4xx_hal_dma.o
    0x0800135c   0x0800135c   0x000000d4   Code   RO         1305    i.HAL_DMA_Init      stm32f4xx_hal_dma.o
    0x08001430   0x08001430   0x000001f0   Code   RO         1192    i.HAL_GPIO_Init     stm32f4xx_hal_gpio.o
    0x08001620   0x08001620   0x0000000c   Code   RO         1724    i.HAL_GetTick       stm32f4xx_hal.o
    0x0800162c   0x0800162c   0x0000005a   Code   RO         1969    i.HAL_IWDG_Init     stm32f4xx_hal_iwdg.o
    0x08001686   0x08001686   0x0000000c   Code   RO         1970    i.HAL_IWDG_Refresh  stm32f4xx_hal_iwdg.o
    0x08001692   0x08001692   0x00000002   PAD
    0x08001694   0x08001694   0x00000010   Code   RO         1730    i.HAL_IncTick       stm32f4xx_hal.o
    0x080016a4   0x080016a4   0x00000034   Code   RO         1731    i.HAL_Init          stm32f4xx_hal.o
    0x080016d8   0x080016d8   0x00000074   Code   RO          564    i.HAL_InitTick      stm32f4xx_hal_timebase_tim.o
    0x0800174c   0x0800174c   0x00000038   Code   RO          540    i.HAL_MspInit       stm32f4xx_hal_msp.o
    0x08001784   0x08001784   0x0000001a   Code   RO         1581    i.HAL_NVIC_EnableIRQ  stm32f4xx_hal_cortex.o
    0x0800179e   0x0800179e   0x00000002   PAD
    0x080017a0   0x080017a0   0x00000040   Code   RO         1587    i.HAL_NVIC_SetPriority  stm32f4xx_hal_cortex.o
    0x080017e0   0x080017e0   0x00000024   Code   RO         1588    i.HAL_NVIC_SetPriorityGrouping  stm32f4xx_hal_cortex.o
    0x08001804   0x08001804   0x00000134   Code   RO          838    i.HAL_RCC_ClockConfig  stm32f4xx_hal_rcc.o
    0x08001938   0x08001938   0x00000040   Code   RO          842    i.HAL_RCC_GetClockConfig  stm32f4xx_hal_rcc.o
    0x08001978   0x08001978   0x00000020   Code   RO          845    i.HAL_RCC_GetPCLK1Freq  stm32f4xx_hal_rcc.o
    0x08001998   0x08001998   0x00000020   Code   RO          846    i.HAL_RCC_GetPCLK2Freq  stm32f4xx_hal_rcc.o
    0x080019b8   0x080019b8   0x00000064   Code   RO          847    i.HAL_RCC_GetSysClockFreq  stm32f4xx_hal_rcc.o
    0x08001a1c   0x08001a1c   0x0000036c   Code   RO          850    i.HAL_RCC_OscConfig  stm32f4xx_hal_rcc.o
    0x08001d88   0x08001d88   0x00000002   Code   RO         2705    i.HAL_TIMEx_BreakCallback  stm32f4xx_hal_tim_ex.o
    0x08001d8a   0x08001d8a   0x00000002   Code   RO         2706    i.HAL_TIMEx_CommutCallback  stm32f4xx_hal_tim_ex.o
    0x08001d8c   0x08001d8c   0x0000005a   Code   RO         2001    i.HAL_TIM_Base_Init  stm32f4xx_hal_tim.o
    0x08001de6   0x08001de6   0x00000002   Code   RO         2003    i.HAL_TIM_Base_MspInit  stm32f4xx_hal_tim.o
    0x08001de8   0x08001de8   0x00000080   Code   RO         2006    i.HAL_TIM_Base_Start_IT  stm32f4xx_hal_tim.o
    0x08001e68   0x08001e68   0x00000002   Code   RO         2035    i.HAL_TIM_IC_CaptureCallback  stm32f4xx_hal_tim.o
    0x08001e6a   0x08001e6a   0x00000166   Code   RO         2049    i.HAL_TIM_IRQHandler  stm32f4xx_hal_tim.o
    0x08001fd0   0x08001fd0   0x00000002   Code   RO         2052    i.HAL_TIM_OC_DelayElapsedCallback  stm32f4xx_hal_tim.o
    0x08001fd2   0x08001fd2   0x00000002   Code   RO         2079    i.HAL_TIM_PWM_PulseFinishedCallback  stm32f4xx_hal_tim.o
    0x08001fd4   0x08001fd4   0x0000000e   Code   RO           14    i.HAL_TIM_PeriodElapsedCallback  main.o
    0x08001fe2   0x08001fe2   0x00000002   Code   RO         2092    i.HAL_TIM_TriggerCallback  stm32f4xx_hal_tim.o
    0x08001fe4   0x08001fe4   0x00000002   Code   RO         2983    i.HAL_UARTEx_RxEventCallback  stm32f4xx_hal_uart.o
    0x08001fe6   0x08001fe6   0x00000002   Code   RO         2997    i.HAL_UART_ErrorCallback  stm32f4xx_hal_uart.o
    0x08001fe8   0x08001fe8   0x00000268   Code   RO         3000    i.HAL_UART_IRQHandler  stm32f4xx_hal_uart.o
    0x08002250   0x08002250   0x00000062   Code   RO         3001    i.HAL_UART_Init     stm32f4xx_hal_uart.o
    0x080022b2   0x080022b2   0x00000002   PAD
    0x080022b4   0x080022b4   0x000000b0   Code   RO          411    i.HAL_UART_MspInit  usart.o
    0x08002364   0x08002364   0x00000002   Code   RO         3007    i.HAL_UART_RxCpltCallback  stm32f4xx_hal_uart.o
    0x08002366   0x08002366   0x00000002   Code   RO         3012    i.HAL_UART_TxCpltCallback  stm32f4xx_hal_uart.o
    0x08002368   0x08002368   0x00000002   Code   RO          457    i.HardFault_Handler  stm32f4xx_it.o
    0x0800236a   0x0800236a   0x00000002   PAD
    0x0800236c   0x0800236c   0x00000048   Code   RO          309    i.MX_CAN1_Init      can.o
    0x080023b4   0x080023b4   0x00000048   Code   RO          310    i.MX_CAN2_Init      can.o
    0x080023fc   0x080023fc   0x0000002c   Code   RO          356    i.MX_DMA_Init       dma.o
    0x08002428   0x08002428   0x0000003c   Code   RO          251    i.MX_FREERTOS_Init  freertos.o
    0x08002464   0x08002464   0x0000004c   Code   RO          227    i.MX_GPIO_Init      gpio.o
    0x080024b0   0x080024b0   0x0000002c   Code   RO          380    i.MX_IWDG_Init      iwdg.o
    0x080024dc   0x080024dc   0x00000040   Code   RO          412    i.MX_USART2_UART_Init  usart.o
    0x0800251c   0x0800251c   0x00000002   Code   RO          458    i.MemManage_Handler  stm32f4xx_it.o
    0x0800251e   0x0800251e   0x00000002   Code   RO          459    i.NMI_Handler       stm32f4xx_it.o
    0x08002520   0x08002520   0x00000008   Code   RO          252    i.StartDefaultTask  freertos.o
    0x08002528   0x08002528   0x0000002c   Code   RO         4585    i.SysTick_Handler   port.o
    0x08002554   0x08002554   0x0000009c   Code   RO           15    i.SystemClock_Config  main.o
    0x080025f0   0x080025f0   0x00000010   Code   RO         3330    i.SystemInit        system_stm32f4xx.o
    0x08002600   0x08002600   0x0000000c   Code   RO          460    i.TIM2_IRQHandler   stm32f4xx_it.o
    0x0800260c   0x0800260c   0x000000c8   Code   RO         2094    i.TIM_Base_SetConfig  stm32f4xx_hal_tim.o
    0x080026d4   0x080026d4   0x00000010   Code   RO         3014    i.UART_DMAAbortOnError  stm32f4xx_hal_uart.o
    0x080026e4   0x080026e4   0x0000004e   Code   RO         3024    i.UART_EndRxTransfer  stm32f4xx_hal_uart.o
    0x08002732   0x08002732   0x000000c0   Code   RO         3026    i.UART_Receive_IT   stm32f4xx_hal_uart.o
    0x080027f2   0x080027f2   0x00000002   PAD
    0x080027f4   0x080027f4   0x0000010c   Code   RO         3027    i.UART_SetConfig    stm32f4xx_hal_uart.o
    0x08002900   0x08002900   0x0000000c   Code   RO          461    i.USART2_IRQHandler  stm32f4xx_it.o
    0x0800290c   0x0800290c   0x0000003c   Code   RO         4784    i.USART2_Init       drv_uart.o
    0x08002948   0x08002948   0x00000002   Code   RO         4921    i.USART2_rxDataHandler  config_uart.o
    0x0800294a   0x0800294a   0x00000002   Code   RO          462    i.UsageFault_Handler  stm32f4xx_it.o
    0x0800294c   0x0800294c   0x00000020   Code   RO         1594    i.__NVIC_SetPriority  stm32f4xx_hal_cortex.o
    0x0800296c   0x0800296c   0x0000004c   Code   RO         5043    i.armer_control     armer.o
    0x080029b8   0x080029b8   0x00000020   Code   RO         5044    i.armer_init        armer.o
    0x080029d8   0x080029d8   0x0000001c   Code   RO         5083    i.control_task      control_task.o
    0x080029f4   0x080029f4   0x00000014   Code   RO         4785    i.dma_m0_rxcplt_callback  drv_uart.o
    0x08002a08   0x08002a08   0x00000014   Code   RO         4786    i.dma_m1_rxcplt_callback  drv_uart.o
    0x08002a1c   0x08002a1c   0x00000012   Code   RO         4839    i.init_all          drv_all.o
    0x08002a2e   0x08002a2e   0x0000002e   Code   RO           16    i.main              main.o
    0x08002a5c   0x08002a5c   0x0000000c   Code   RO         4150    i.makeFreeRtosPriority  cmsis_os.o
    0x08002a68   0x08002a68   0x0000000e   Code   RO         4152    i.osDelay           cmsis_os.o
    0x08002a76   0x08002a76   0x0000000a   Code   RO         4155    i.osKernelStart     cmsis_os.o
    0x08002a80   0x08002a80   0x00000054   Code   RO         4189    i.osThreadCreate    cmsis_os.o
    0x08002ad4   0x08002ad4   0x00000040   Code   RO         4970    i.pid_init          pid.o
    0x08002b14   0x08002b14   0x00000070   Code   RO         3832    i.prvAddCurrentTaskToDelayedList  tasks.o
    0x08002b84   0x08002b84   0x000000d0   Code   RO         3833    i.prvAddNewTaskToReadyList  tasks.o
    0x08002c54   0x08002c54   0x00000034   Code   RO         3834    i.prvDeleteTCB      tasks.o
    0x08002c88   0x08002c88   0x0000004c   Code   RO         4517    i.prvHeapInit       heap_4.o
    0x08002cd4   0x08002cd4   0x00000060   Code   RO         3835    i.prvIdleTask       tasks.o
    0x08002d34   0x08002d34   0x00000098   Code   RO         3836    i.prvInitialiseNewTask  tasks.o
    0x08002dcc   0x08002dcc   0x0000004c   Code   RO         4518    i.prvInsertBlockIntoFreeList  heap_4.o
    0x08002e18   0x08002e18   0x00000020   Code   RO         3837    i.prvResetNextTaskUnblockTime  tasks.o
    0x08002e38   0x08002e38   0x00000028   Code   RO         4586    i.prvTaskExitError  port.o
    0x08002e60   0x08002e60   0x000000dc   Code   RO         4519    i.pvPortMalloc      heap_4.o
    0x08002f3c   0x08002f3c   0x0000002c   Code   RO         4587    i.pxPortInitialiseStack  port.o
    0x08002f68   0x08002f68   0x000000d4   Code   RO         4971    i.single_pid_cal    pid.o
    0x0800303c   0x0800303c   0x00000026   Code   RO         3468    i.uxListRemove      list.o
    0x08003062   0x08003062   0x00000002   PAD
    0x08003064   0x08003064   0x00000014   Code   RO          254    i.vApplicationGetIdleTaskMemory  freertos.o
    0x08003078   0x08003078   0x00000016   Code   RO         3469    i.vListInitialise   list.o
    0x0800308e   0x0800308e   0x00000006   Code   RO         3470    i.vListInitialiseItem  list.o
    0x08003094   0x08003094   0x00000030   Code   RO         3471    i.vListInsert       list.o
    0x080030c4   0x080030c4   0x00000018   Code   RO         3472    i.vListInsertEnd    list.o
    0x080030dc   0x080030dc   0x00000040   Code   RO         4589    i.vPortEnterCritical  port.o
    0x0800311c   0x0800311c   0x00000028   Code   RO         4590    i.vPortExitCritical  port.o
    0x08003144   0x08003144   0x00000064   Code   RO         4520    i.vPortFree         heap_4.o
    0x080031a8   0x080031a8   0x00000024   Code   RO         4591    i.vPortSetupTimerInterrupt  port.o
    0x080031cc   0x080031cc   0x0000004c   Code   RO         3846    i.vTaskDelay        tasks.o
    0x08003218   0x08003218   0x0000006c   Code   RO         3859    i.vTaskStartScheduler  tasks.o
    0x08003284   0x08003284   0x00000010   Code   RO         3861    i.vTaskSuspendAll   tasks.o
    0x08003294   0x08003294   0x0000005c   Code   RO         3862    i.vTaskSwitchContext  tasks.o
    0x080032f0   0x080032f0   0x000000f4   Code   RO         4593    i.xPortStartScheduler  port.o
    0x080033e4   0x080033e4   0x0000005a   Code   RO         3865    i.xTaskCreate       tasks.o
    0x0800343e   0x0800343e   0x00000056   Code   RO         3866    i.xTaskCreateStatic  tasks.o
    0x08003494   0x08003494   0x000000cc   Code   RO         3873    i.xTaskIncrementTick  tasks.o
    0x08003560   0x08003560   0x000000c4   Code   RO         3879    i.xTaskResumeAll    tasks.o
    0x08003624   0x08003624   0x0000000a   Code   RO         5400    x$fpl$fpinit        fz_wm.l(fpinit.o)
    0x0800362e   0x0800362e   0x00000002   PAD
    0x08003630   0x08003630   0x00000038   Data   RO          256    .constdata          freertos.o
    0x08003668   0x08003668   0x00000008   Data   RO         1311    .constdata          stm32f4xx_hal_dma.o
    0x08003670   0x08003670   0x00000010   Data   RO         3331    .constdata          system_stm32f4xx.o
    0x08003680   0x08003680   0x00000008   Data   RO         3332    .constdata          system_stm32f4xx.o
    0x08003688   0x08003688   0x0000001c   Data   RO          257    .conststring        freertos.o
    0x080036a4   0x080036a4   0x00000020   Data   RO         5456    Region$$Table       anon$$obj.o


    Execution Region RW_IRAM1 (Exec base: 0x20000000, Load base: 0x080036c4, Size: 0x00004870, Max: 0x0001c000, ABSOLUTE)

    Exec Addr    Load Addr    Size         Type   Attr      Idx    E Section Name        Object

    0x20000000   0x080036c4   0x00000008   Data   RW          258    .data               freertos.o
    0x20000008   0x080036cc   0x00000004   Data   RW          312    .data               can.o
    0x2000000c   0x080036d0   0x0000000c   Data   RW         1738    .data               stm32f4xx_hal.o
    0x20000018   0x080036dc   0x00000004   Data   RW         3333    .data               system_stm32f4xx.o
    0x2000001c   0x080036e0   0x0000003c   Data   RW         3882    .data               tasks.o
    0x20000058   0x0800371c   0x00000020   Data   RW         4526    .data               heap_4.o
    0x20000078   0x0800373c   0x0000000c   Data   RW         4594    .data               port.o
    0x20000084   0x08003748   0x0000000c   Data   RW         4875    .data               config_can.o
    0x20000090   0x08003754   0x00000008   Data   RW         4876    .data               config_can.o
    0x20000098   0x0800375c   0x00000040   Data   RW         4945    .data               config_motor.o
    0x200000d8   0x0800379c   0x00000004   Data   RW         4946    .data               config_motor.o
    0x200000dc   0x080037a0   0x0000000c   Data   RW         5046    .data               armer.o
    0x200000e8        -       0x00000254   Zero   RW          255    .bss                freertos.o
    0x2000033c        -       0x00000050   Zero   RW          311    .bss                can.o
    0x2000038c        -       0x0000000c   Zero   RW          381    .bss                iwdg.o
    0x20000398        -       0x000000a4   Zero   RW          413    .bss                usart.o
    0x2000043c        -       0x00000048   Zero   RW          567    .bss                stm32f4xx_hal_timebase_tim.o
    0x20000484        -       0x000000f0   Zero   RW         3881    .bss                tasks.o
    0x20000574        -       0x00003c00   Zero   RW         4525    .bss                heap_4.o
    0x20004174        -       0x00000068   Zero   RW         4672    .bss                drv_can.o
    0x200041dc        -       0x00000030   Zero   RW         4788    .bss                drv_uart.o
    0x2000420c        -       0x00000060   Zero   RW         5330    .bss                c_w.l(libspace.o)
    0x2000426c   0x080037ac   0x00000004   PAD
    0x20004270        -       0x00000200   Zero   RW            2    HEAP                startup_stm32f407xx.o
    0x20004470        -       0x00000400   Zero   RW            1    STACK               startup_stm32f407xx.o


    Execution Region RW_IRAM2 (Exec base: 0x2001c000, Load base: 0x080037ac, Size: 0x00000000, Max: 0x00004000, ABSOLUTE)

    **** No section assigned to this execution region ****


==============================================================================

Image component sizes


      Code (inc. data)   RO Data    RW Data    ZI Data      Debug   Object Name

       108         28          0         12          0       1328   armer.o
       396         46          0          4         80       2514   can.o
       120          0          0          0          0      23333   cmsis_os.o
        38          6          0         20          0       1970   config_can.o
         0          0          0         68          0        269   config_motor.o
         2          0          0          0          0        795   config_uart.o
        28          6          0          0          0        515   control_task.o
        44          4          0          0          0        786   dma.o
        18          0          0          0          0       1027   drv_all.o
       330         36          0          0        104       4609   drv_can.o
       680         32          0          0         48       3458   drv_uart.o
         0          0          0          0          0      16896   event_groups.o
        88         12         84          8        596       2593   freertos.o
        76          6          0          0          0        883   gpio.o
       472         24          0         32      15360       7451   heap_4.o
        44          8          0          0         12        735   iwdg.o
       138          0          0          0          0       3578   list.o
       220          8          0          0          0     736816   main.o
       276         10          0          0          0       1440   pid.o
       702         72          0         12          0      11056   port.o
        64         26        392          0       1536        848   startup_stm32f407xx.o
        80         14          0         12          0       8114   stm32f4xx_hal.o
      1638          6          0          0          0      14383   stm32f4xx_hal_can.o
       158         14          0          0          0      33182   stm32f4xx_hal_cortex.o
       934         16          8          0          0       5659   stm32f4xx_hal_dma.o
       496         46          0          0          0       1548   stm32f4xx_hal_gpio.o
       102          0          0          0          0       1907   stm32f4xx_hal_iwdg.o
        56          4          0          0          0        878   stm32f4xx_hal_msp.o
      1412         86          0          0          0       5941   stm32f4xx_hal_rcc.o
       786         72          0          0          0       7416   stm32f4xx_hal_tim.o
         4          0          0          0          0       1621   stm32f4xx_hal_tim_ex.o
       116         14          0          0         72       1439   stm32f4xx_hal_timebase_tim.o
      1276         16          0          0          0       8356   stm32f4xx_hal_uart.o
        72         30          0          0          0       5209   stm32f4xx_it.o
         0          0          0          0          0        384   stream_buffer.o
        16          4         24          4          0       1147   system_stm32f4xx.o
      1520        112          0         60        240      19574   tasks.o
       240         34          0          0        164       1829   usart.o

    ----------------------------------------------------------------------
     12770        792        540        232      18212     941487   Object Totals
         0          0         32          0          0          0   (incl. Generated)
        20          0          0          0          0          0   (incl. Padding)

    ----------------------------------------------------------------------

      Code (inc. data)   RO Data    RW Data    ZI Data      Debug   Library Member Name

         8          0          0          0          0         68   __main.o
         0          0          0          0          0          0   __rtentry.o
        12          0          0          0          0          0   __rtentry2.o
         6          0          0          0          0          0   __rtentry4.o
        52          8          0          0          0          0   __scatter.o
        26          0          0          0          0          0   __scatter_copy.o
        28          0          0          0          0          0   __scatter_zi.o
        18          0          0          0          0         80   exit.o
         6          0          0          0          0        152   heapauxi.o
         0          0          0          0          0          0   indicate_semi.o
         2          0          0          0          0          0   libinit.o
         6          0          0          0          0          0   libinit2.o
         2          0          0          0          0          0   libshutdown.o
         2          0          0          0          0          0   libshutdown2.o
         8          4          0          0         96         68   libspace.o
       238          0          0          0          0        100   lludivv7m.o
        78          0          0          0          0         80   rt_memclr_w.o
       100          0          0          0          0         80   rt_memcpy_w.o
         2          0          0          0          0          0   rtexit.o
        10          0          0          0          0          0   rtexit2.o
        12          4          0          0          0         68   sys_exit.o
        74          0          0          0          0         80   sys_stackheap_outer.o
         2          0          0          0          0         68   use_no_semi.o
        10          0          0          0          0        116   fpinit.o

    ----------------------------------------------------------------------
       710         16          0          0        100        960   Library Totals
         8          0          0          0          4          0   (incl. Padding)

    ----------------------------------------------------------------------

      Code (inc. data)   RO Data    RW Data    ZI Data      Debug   Library Name

       692         16          0          0         96        844   c_w.l
        10          0          0          0          0        116   fz_wm.l

    ----------------------------------------------------------------------
       710         16          0          0        100        960   Library Totals

    ----------------------------------------------------------------------

==============================================================================


      Code (inc. data)   RO Data    RW Data    ZI Data      Debug   

     13480        808        540        232      18312     928635   Grand Totals
     13480        808        540        232      18312     928635   ELF Image Totals
     13480        808        540        232          0          0   ROM Totals

==============================================================================

    Total RO  Size (Code + RO Data)                14020 (  13.69kB)
    Total RW  Size (RW Data + ZI Data)             18544 (  18.11kB)
    Total ROM Size (Code + RO Data + RW Data)      14252 (  13.92kB)

==============================================================================

