Component: ARM Compiler 5.06 update 2 (build 183) Tool: armlink [4d35b7]

==============================================================================

Section Cross References

    startup_stm32f407xx.o(STACK) refers (Special) to heapauxi.o(.text) for __use_two_region_memory
    startup_stm32f407xx.o(HEAP) refers (Special) to heapauxi.o(.text) for __use_two_region_memory
    startup_stm32f407xx.o(RESET) refers (Special) to heapauxi.o(.text) for __use_two_region_memory
    startup_stm32f407xx.o(RESET) refers to startup_stm32f407xx.o(STACK) for __initial_sp
    startup_stm32f407xx.o(RESET) refers to startup_stm32f407xx.o(.text) for Reset_Handler
    startup_stm32f407xx.o(RESET) refers to stm32f4xx_it.o(i.NMI_Handler) for NMI_Handler
    startup_stm32f407xx.o(RESET) refers to stm32f4xx_it.o(i.HardFault_Handler) for HardFault_Handler
    startup_stm32f407xx.o(RESET) refers to stm32f4xx_it.o(i.MemManage_Handler) for MemManage_Handler
    startup_stm32f407xx.o(RESET) refers to stm32f4xx_it.o(i.BusFault_Handler) for BusFault_Handler
    startup_stm32f407xx.o(RESET) refers to stm32f4xx_it.o(i.UsageFault_Handler) for UsageFault_Handler
    startup_stm32f407xx.o(RESET) refers to port.o(.emb_text) for SVC_Handler
    startup_stm32f407xx.o(RESET) refers to stm32f4xx_it.o(i.DebugMon_Handler) for DebugMon_Handler
    startup_stm32f407xx.o(RESET) refers to port.o(i.SysTick_Handler) for SysTick_Handler
    startup_stm32f407xx.o(RESET) refers to stm32f4xx_it.o(i.DMA1_Stream0_IRQHandler) for DMA1_Stream0_IRQHandler
    startup_stm32f407xx.o(RESET) refers to stm32f4xx_it.o(i.DMA1_Stream1_IRQHandler) for DMA1_Stream1_IRQHandler
    startup_stm32f407xx.o(RESET) refers to stm32f4xx_it.o(i.DMA1_Stream2_IRQHandler) for DMA1_Stream2_IRQHandler
    startup_stm32f407xx.o(RESET) refers to stm32f4xx_it.o(i.DMA1_Stream3_IRQHandler) for DMA1_Stream3_IRQHandler
    startup_stm32f407xx.o(RESET) refers to stm32f4xx_it.o(i.DMA1_Stream4_IRQHandler) for DMA1_Stream4_IRQHandler
    startup_stm32f407xx.o(RESET) refers to stm32f4xx_it.o(i.DMA1_Stream5_IRQHandler) for DMA1_Stream5_IRQHandler
    startup_stm32f407xx.o(RESET) refers to stm32f4xx_it.o(i.CAN1_RX0_IRQHandler) for CAN1_RX0_IRQHandler
    startup_stm32f407xx.o(RESET) refers to stm32f4xx_it.o(i.TIM2_IRQHandler) for TIM2_IRQHandler
    startup_stm32f407xx.o(RESET) refers to stm32f4xx_it.o(i.USART1_IRQHandler) for USART1_IRQHandler
    startup_stm32f407xx.o(RESET) refers to stm32f4xx_it.o(i.USART2_IRQHandler) for USART2_IRQHandler
    startup_stm32f407xx.o(RESET) refers to stm32f4xx_it.o(i.USART3_IRQHandler) for USART3_IRQHandler
    startup_stm32f407xx.o(RESET) refers to stm32f4xx_it.o(i.DMA1_Stream7_IRQHandler) for DMA1_Stream7_IRQHandler
    startup_stm32f407xx.o(RESET) refers to stm32f4xx_it.o(i.UART4_IRQHandler) for UART4_IRQHandler
    startup_stm32f407xx.o(RESET) refers to stm32f4xx_it.o(i.UART5_IRQHandler) for UART5_IRQHandler
    startup_stm32f407xx.o(RESET) refers to stm32f4xx_it.o(i.DMA2_Stream2_IRQHandler) for DMA2_Stream2_IRQHandler
    startup_stm32f407xx.o(RESET) refers to stm32f4xx_it.o(i.CAN2_RX0_IRQHandler) for CAN2_RX0_IRQHandler
    startup_stm32f407xx.o(RESET) refers to stm32f4xx_it.o(i.DMA2_Stream7_IRQHandler) for DMA2_Stream7_IRQHandler
    startup_stm32f407xx.o(.text) refers (Special) to heapauxi.o(.text) for __use_two_region_memory
    startup_stm32f407xx.o(.text) refers to system_stm32f4xx.o(i.SystemInit) for SystemInit
    startup_stm32f407xx.o(.text) refers to __main.o(!!!main) for __main
    startup_stm32f407xx.o(.text) refers to startup_stm32f407xx.o(HEAP) for Heap_Mem
    startup_stm32f407xx.o(.text) refers to startup_stm32f407xx.o(STACK) for Stack_Mem
    main.o(i.HAL_TIM_PeriodElapsedCallback) refers to stm32f4xx_hal.o(i.HAL_IncTick) for HAL_IncTick
    main.o(i.SystemClock_Config) refers to rt_memclr_w.o(.text) for __aeabi_memclr4
    main.o(i.SystemClock_Config) refers to stm32f4xx_hal_rcc.o(i.HAL_RCC_OscConfig) for HAL_RCC_OscConfig
    main.o(i.SystemClock_Config) refers to stm32f4xx_hal_rcc.o(i.HAL_RCC_ClockConfig) for HAL_RCC_ClockConfig
    main.o(i.main) refers to stm32f4xx_hal.o(i.HAL_Init) for HAL_Init
    main.o(i.main) refers to main.o(i.SystemClock_Config) for SystemClock_Config
    main.o(i.main) refers to gpio.o(i.MX_GPIO_Init) for MX_GPIO_Init
    main.o(i.main) refers to stm32f4xx_hal_gpio.o(i.HAL_GPIO_WritePin) for HAL_GPIO_WritePin
    main.o(i.main) refers to stm32f4xx_hal.o(i.HAL_Delay) for HAL_Delay
    main.o(i.main) refers to bmi.o(i.BMI_Init) for BMI_Init
    main.o(i.main) refers to dma.o(i.MX_DMA_Init) for MX_DMA_Init
    main.o(i.main) refers to can.o(i.MX_CAN1_Init) for MX_CAN1_Init
    main.o(i.main) refers to can.o(i.MX_CAN2_Init) for MX_CAN2_Init
    main.o(i.main) refers to iwdg.o(i.MX_IWDG_Init) for MX_IWDG_Init
    main.o(i.main) refers to usart.o(i.MX_UART4_Init) for MX_UART4_Init
    main.o(i.main) refers to usart.o(i.MX_UART5_Init) for MX_UART5_Init
[...]
    r_fric_speed_test                        0x20001f78   Data           2  my_launch.o(.data)
    cnt_test                                 0x20001f7a   Data           2  my_launch.o(.data)
    fire_rate_now                            0x20001f84   Data           4  my_launch.o(.data)
    fire_rate_last                           0x20001f88   Data           4  my_launch.o(.data)
    dial_motor_position_in_pid_param         0x20001f8c   Data          28  my_launch.o(.data)
    dial_motor_position_pid_param            0x20001fa8   Data          28  my_launch.o(.data)
    dial_motor_speed_pid_param               0x20001fc4   Data          28  my_launch.o(.data)
    position_motor_speed_pid_param           0x20001fe0   Data          28  my_launch.o(.data)
    position_motor_position_in_param         0x20001ffc   Data          28  my_launch.o(.data)
    position_motor_position_param            0x20002018   Data          28  my_launch.o(.data)
    friction_left_motor_speed_pid_param      0x20002034   Data          28  my_launch.o(.data)
    friction_right_motor_speed_pid_param     0x20002050   Data          28  my_launch.o(.data)
    My_Launch                                0x2000206c   Data          28  my_launch.o(.data)
    Launch_Info                              0x20002088   Data          48  my_launch.o(.data)
    Launch_Command                           0x200020b8   Data           7  my_hero.o(.data)
    Hero_Command                             0x200020c0   Data          24  my_hero.o(.data)
    HERO                                     0x200020dc   Data           8  my_hero.o(.data)
    Chassis_Command                          0x200020e4   Data           3  my_hero.o(.data)
    Gimbal_Command                           0x200020e7   Data           8  my_hero.o(.data)
    Vision_Command                           0x200020ef   Data           2  my_hero.o(.data)
    Judge_Command                            0x200020f1   Data           2  my_hero.o(.data)
    Judge_Status                             0x200020f4   Data           6  my_judge.o(.data)
    My_Judge                                 0x200020fc   Data           8  my_judge.o(.data)
    Vision_Config                            0x20002104   Data           2  my_vision.o(.data)
    cnt_test_1                               0x20002108   Data           2  my_vision.o(.data)
    My_Vision                                0x2000210c   Data          24  my_vision.o(.data)
    Vision_Info                              0x20002124   Data           4  my_vision.o(.data)
    slave_code_1                             0x20002128   Data           1  my_slave.o(.data)
    slave_code_2                             0x20002129   Data           1  my_slave.o(.data)
    can_send_delay_cnt                       0x2000212c   Data           4  my_slave.o(.data)
    Slave_Buff_1                             0x20002130   Data           8  my_slave.o(.data)
    Slave_Buff_2                             0x20002138   Data           8  my_slave.o(.data)
    hcan1                                    0x20002394   Data          40  can.o(.bss)
    hcan2                                    0x200023bc   Data          40  can.o(.bss)
    hiwdg                                    0x200023e4   Data          12  iwdg.o(.bss)
    huart4                                   0x200023f0   Data          68  usart.o(.bss)
    huart5                                   0x20002434   Data          68  usart.o(.bss)
    huart1                                   0x20002478   Data          68  usart.o(.bss)
    huart2                                   0x200024bc   Data          68  usart.o(.bss)
    huart3                                   0x20002500   Data          68  usart.o(.bss)
    hdma_uart4_rx                            0x20002544   Data          96  usart.o(.bss)
    hdma_uart4_tx                            0x200025a4   Data          96  usart.o(.bss)
    hdma_uart5_rx                            0x20002604   Data          96  usart.o(.bss)
    hdma_uart5_tx                            0x20002664   Data          96  usart.o(.bss)
    hdma_usart1_rx                           0x200026c4   Data          96  usart.o(.bss)
    hdma_usart1_tx                           0x20002724   Data          96  usart.o(.bss)
    hdma_usart2_rx                           0x20002784   Data          96  usart.o(.bss)
    hdma_usart3_rx                           0x200027e4   Data          96  usart.o(.bss)
    hdma_usart3_tx                           0x20002844   Data          96  usart.o(.bss)
    htim2                                    0x200028a4   Data          72  stm32f4xx_hal_timebase_tim.o(.bss)
    usart1_dma_rxbuf                         0x200065dc   Data         350  drv_uart.o(.bss)
    usart2_dma_rxbuf                         0x2000673a   Data          48  drv_uart.o(.bss)
    usart3_dma_rxbuf                         0x2000676a   Data         200  drv_uart.o(.bss)
    usart4_dma_rxbuf                         0x20006832   Data         200  drv_uart.o(.bss)
    usart5_dma_rxbuf                         0x200068fa   Data         200  drv_uart.o(.bss)
    hcan1RxFrame                             0x200069c4   Data          36  drv_can.o(.bss)
    hcan2RxFrame                             0x200069e8   Data          36  drv_can.o(.bss)
    Vision_Rx_Info                           0x20006a0c   Data          21  vision_protocol.o(.bss)
    Vision_TxBuf                             0x20006a21   Data          30  vision_protocol.o(.bss)
    rc_base_info                             0x20006a68   Data         134  remote.o(.bss)
    rc_info                                  0x20006af0   Data          20  remote.o(.bss)
    imu_base_info                            0x20006b04   Data         100  imu.o(.bss)
    imu_pitch_dif_speed_ave_filter           0x20006b68   Data         132  imu.o(.bss)
    imu_roll_dif_speed_ave_filter            0x20006bec   Data         132  imu.o(.bss)
    imu_yaw_dif_speed_ave_filter             0x20006c70   Data         132  imu.o(.bss)
    bmi2_dev                                 0x20006cf8   Data         104  bmi.o(.bss)
    Chassis_All                              0x20006d60   Data          20  my_chassis.o(.bss)
    Chassis_RC_Input                         0x20006d74   Data          12  my_chassis.o(.bss)
    Gimbal_Target                            0x20006d80   Data          16  my_gimbal.o(.bss)
    Gimbal_Measure                           0x20006d90   Data          24  my_gimbal.o(.bss)
    Gimbal_Cnt                               0x20006da8   Data          12  my_gimbal.o(.bss)
    Launch_Cnt                               0x20006db4   Data          60  my_launch.o(.bss)
    Launch_Measure                           0x20006df0   Data          12  my_launch.o(.bss)
    Launch_Target                            0x20006dfc   Data          12  my_launch.o(.bss)
    Launch_Status_Flag                       0x20006e08   Data          10  my_launch.o(.bss)
    test_rate                                0x20006e14   Data        1200  my_launch.o(.bss)
    Judge_Info                               0x200072c4   Data          32  my_judge.o(.bss)
    Vision_Base_Info                         0x200072e4   Data          24  my_vision.o(.bss)
    Vision_Transla_Info                      0x200072fc   Data          20  my_vision.o(.bss)
    __libspace_start                         0x20007310   Data          96  libspace.o(.bss)
    __temporary_stack_top$libspace           0x20007370   Data           0  libspace.o(.bss)



==============================================================================

Memory Map of the image

  Image Entry point : 0x08000189

  Load Region LR_IROM1 (Base: 0x08000000, Size: 0x00013200, Max: 0x00080000, ABSOLUTE, COMPRESSED[0x000112fc])

    Execution Region ER_IROM1 (Exec base: 0x08000000, Load base: 0x08000000, Size: 0x000110c0, Max: 0x00080000, ABSOLUTE)

    Exec Addr    Load Addr    Size         Type   Attr      Idx    E Section Name        Object

    0x08000000   0x08000000   0x00000188   Data   RO            3    RESET               startup_stm32f407xx.o
    0x08000188   0x08000188   0x00000008   Code   RO         8207  * !!!main             c_w.l(__main.o)
    0x08000190   0x08000190   0x00000034   Code   RO         8609    !!!scatter          c_w.l(__scatter.o)
    0x080001c4   0x080001c4   0x0000005a   Code   RO         8607    !!dczerorl2         c_w.l(__dczerorl2.o)
    0x0800021e   0x0800021e   0x00000002   PAD
    0x08000220   0x08000220   0x0000001c   Code   RO         8611    !!handler_zi        c_w.l(__scatter_zi.o)
    0x0800023c   0x0800023c   0x00000002   Code   RO         8540    .ARM.Collect$$libinit$$00000000  c_w.l(libinit.o)
    0x0800023e   0x0800023e   0x00000004   Code   RO         8331    .ARM.Collect$$libinit$$00000001  c_w.l(libinit2.o)
    0x08000242   0x08000242   0x00000000   Code   RO         8334    .ARM.Collect$$libinit$$00000004  c_w.l(libinit2.o)
    0x08000242   0x08000242   0x00000008   Code   RO         8335    .ARM.Collect$$libinit$$00000005  c_w.l(libinit2.o)
    0x0800024a   0x0800024a   0x00000000   Code   RO         8337    .ARM.Collect$$libinit$$0000000A  c_w.l(libinit2.o)
    0x0800024a   0x0800024a   0x00000000   Code   RO         8339    .ARM.Collect$$libinit$$0000000C  c_w.l(libinit2.o)
    0x0800024a   0x0800024a   0x00000000   Code   RO         8341    .ARM.Collect$$libinit$$0000000E  c_w.l(libinit2.o)
    0x0800024a   0x0800024a   0x00000000   Code   RO         8344    .ARM.Collect$$libinit$$00000011  c_w.l(libinit2.o)
    0x0800024a   0x0800024a   0x00000000   Code   RO         8346    .ARM.Collect$$libinit$$00000013  c_w.l(libinit2.o)
    0x0800024a   0x0800024a   0x00000000   Code   RO         8348    .ARM.Collect$$libinit$$00000015  c_w.l(libinit2.o)
    0x0800024a   0x0800024a   0x00000000   Code   RO         8350    .ARM.Collect$$libinit$$00000017  c_w.l(libinit2.o)
    0x0800024a   0x0800024a   0x00000000   Code   RO         8352    .ARM.Collect$$libinit$$00000019  c_w.l(libinit2.o)
    0x0800024a   0x0800024a   0x00000000   Code   RO         8354    .ARM.Collect$$libinit$$0000001B  c_w.l(libinit2.o)
    0x0800024a   0x0800024a   0x00000000   Code   RO         8356    .ARM.Collect$$libinit$$0000001D  c_w.l(libinit2.o)
    0x0800024a   0x0800024a   0x00000000   Code   RO         8358    .ARM.Collect$$libinit$$0000001F  c_w.l(libinit2.o)
    0x0800024a   0x0800024a   0x00000000   Code   RO         8360    .ARM.Collect$$libinit$$00000021  c_w.l(libinit2.o)
    0x0800024a   0x0800024a   0x00000000   Code   RO         8362    .ARM.Collect$$libinit$$00000023  c_w.l(libinit2.o)
    0x0800024a   0x0800024a   0x00000000   Code   RO         8364    .ARM.Collect$$libinit$$00000025  c_w.l(libinit2.o)
    0x0800024a   0x0800024a   0x00000000   Code   RO         8368    .ARM.Collect$$libinit$$0000002C  c_w.l(libinit2.o)
    0x0800024a   0x0800024a   0x00000000   Code   RO         8370    .ARM.Collect$$libinit$$0000002E  c_w.l(libinit2.o)
    0x0800024a   0x0800024a   0x00000000   Code   RO         8372    .ARM.Collect$$libinit$$00000030  c_w.l(libinit2.o)
    0x0800024a   0x0800024a   0x00000000   Code   RO         8374    .ARM.Collect$$libinit$$00000032  c_w.l(libinit2.o)
    0x0800024a   0x0800024a   0x00000002   Code   RO         8375    .ARM.Collect$$libinit$$00000033  c_w.l(libinit2.o)
    0x0800024c   0x0800024c   0x00000002   Code   RO         8604    .ARM.Collect$$libshutdown$$00000000  c_w.l(libshutdown.o)
    0x0800024e   0x0800024e   0x00000000   Code   RO         8560    .ARM.Collect$$libshutdown$$00000002  c_w.l(libshutdown2.o)
    0x0800024e   0x0800024e   0x00000000   Code   RO         8562    .ARM.Collect$$libshutdown$$00000004  c_w.l(libshutdown2.o)
    0x0800024e   0x0800024e   0x00000000   Code   RO         8565    .ARM.Collect$$libshutdown$$00000007  c_w.l(libshutdown2.o)
    0x0800024e   0x0800024e   0x00000000   Code   RO         8568    .ARM.Collect$$libshutdown$$0000000A  c_w.l(libshutdown2.o)
    0x0800024e   0x0800024e   0x00000000   Code   RO         8570    .ARM.Collect$$libshutdown$$0000000C  c_w.l(libshutdown2.o)
    0x0800024e   0x0800024e   0x00000000   Code   RO         8573    .ARM.Collect$$libshutdown$$0000000F  c_w.l(libshutdown2.o)
    0x0800024e   0x0800024e   0x00000002   Code   RO         8574    .ARM.Collect$$libshutdown$$00000010  c_w.l(libshutdown2.o)
    0x08000250   0x08000250   0x00000000   Code   RO         8297    .ARM.Collect$$rtentry$$00000000  c_w.l(__rtentry.o)
    0x08000250   0x08000250   0x00000000   Code   RO         8466    .ARM.Collect$$rtentry$$00000002  c_w.l(__rtentry2.o)
    0x08000250   0x08000250   0x00000006   Code   RO         8478    .ARM.Collect$$rtentry$$00000004  c_w.l(__rtentry4.o)
    0x08000256   0x08000256   0x00000000   Code   RO         8468    .ARM.Collect$$rtentry$$00000009  c_w.l(__rtentry2.o)
    0x08000256   0x08000256   0x00000004   Code   RO         8469    .ARM.Collect$$rtentry$$0000000A  c_w.l(__rtentry2.o)
    0x0800025a   0x0800025a   0x00000000   Code   RO         8471    .ARM.Collect$$rtentry$$0000000C  c_w.l(__rtentry2.o)
    0x0800025a   0x0800025a   0x00000008   Code   RO         8472    .ARM.Collect$$rtentry$$0000000D  c_w.l(__rtentry2.o)
    0x08000262   0x08000262   0x00000002   Code   RO         8547    .ARM.Collect$$rtexit$$00000000  c_w.l(rtexit.o)
    0x08000264   0x08000264   0x00000000   Code   RO         8580    .ARM.Collect$$rtexit$$00000002  c_w.l(rtexit2.o)
    0x08000264   0x08000264   0x00000004   Code   RO         8581    .ARM.Collect$$rtexit$$00000003  c_w.l(rtexit2.o)
    0x08000268   0x08000268   0x00000006   Code   RO         8582    .ARM.Collect$$rtexit$$00000004  c_w.l(rtexit2.o)
    0x0800026e   0x0800026e   0x00000002   PAD
    0x08000270   0x08000270   0x000000be   Code   RO         4705    .emb_text           port.o
    0x0800032e   0x0800032e   0x00000002   PAD
    0x08000330   0x08000330   0x00000000   Code   RO         8489    .emb_text           c_w.l(maybetermalloc1.o)
    0x08000330   0x08000330   0x00000040   Code   RO            4    .text               startup_stm32f407xx.o
    0x08000370   0x08000370   0x0000005e   Code   RO         8135    .text               c_w.l(h1_alloc.o)
    0x080003ce   0x080003ce   0x0000004e   Code   RO         8137    .text               c_w.l(h1_free.o)
    0x0800041c   0x0800041c   0x000000ee   Code   RO         8193    .text               c_w.l(lludivv7m.o)
    0x0800050a   0x0800050a   0x0000008a   Code   RO         8195    .text               c_w.l(rt_memcpy_v6.o)
    0x08000594   0x08000594   0x00000064   Code   RO         8197    .text               c_w.l(rt_memcpy_w.o)
    0x080005f8   0x080005f8   0x00000044   Code   RO         8201    .text               c_w.l(rt_memclr.o)
    0x0800063c   0x0800063c   0x0000004e   Code   RO         8203    .text               c_w.l(rt_memclr_w.o)
    0x0800068a   0x0800068a   0x00000006   Code   RO         8205    .text               c_w.l(heapauxi.o)
    0x08000690   0x08000690   0x00000008   Code   RO         8305    .text               c_w.l(rt_heap_descriptor_intlibspace.o)
    0x08000698   0x08000698   0x00000004   Code   RO         8307    .text               c_w.l(hguard.o)
    0x0800069c   0x0800069c   0x0000008a   Code   RO         8309    .text               c_w.l(init_alloc.o)
    0x08000726   0x08000726   0x0000000e   Code   RO         8313    .text               c_w.l(h1_init.o)
    0x08000734   0x08000734   0x00000016   Code   RO         8327    .text               c_w.l(_rserrno.o)
    0x0800074a   0x0800074a   0x00000002   PAD
    0x0800074c   0x0800074c   0x00000008   Code   RO         8462    .text               c_w.l(libspace.o)
    0x08000754   0x08000754   0x00000008   Code   RO         8485    .text               c_w.l(rt_errno_addr_intlibspace.o)
    0x0800075c   0x0800075c   0x00000034   Code   RO         8491    .text               c_w.l(h1_extend.o)
    0x08000790   0x08000790   0x0000000e   Code   RO         8495    .text               c_w.l(defsig_rtmem_outer.o)
    0x0800079e   0x0800079e   0x00000002   Code   RO         8512    .text               c_w.l(use_no_semi.o)
    0x080007a0   0x080007a0   0x00000000   Code   RO         8514    .text               c_w.l(indicate_semi.o)
    0x080007a0   0x080007a0   0x0000004a   Code   RO         8515    .text               c_w.l(sys_stackheap_outer.o)
    0x080007ea   0x080007ea   0x00000012   Code   RO         8521    .text               c_w.l(exit.o)
    0x080007fc   0x080007fc   0x0000000a   Code   RO         8523    .text               c_w.l(defsig_exit.o)
    0x08000806   0x08000806   0x00000002   PAD
    0x08000808   0x08000808   0x00000050   Code   RO         8529    .text               c_w.l(defsig_rtmem_inner.o)
    0x08000858   0x08000858   0x0000000c   Code   RO         8545    .text               c_w.l(sys_exit.o)
    0x08000864   0x08000864   0x00000032   Code   RO         8555    .text               c_w.l(defsig_general.o)
    0x08000896   0x08000896   0x0000000e   Code   RO         8577    .text               c_w.l(sys_wrch.o)
    0x080008a4   0x080008a4   0x00000028   Code   RO         5242    i.Append_CRC16_Check_Sum  crc16.o
    0x080008cc   0x080008cc   0x00000020   Code   RO         5199    i.Append_CRC8_Check_Num  crc8.o
    0x080008ec   0x080008ec   0x00000628   Code   RO         5854    i.BMI_Get_EulerAngle  bmi.o
    0x08000f14   0x08000f14   0x00000048   Code   RO         5856    i.BMI_Get_RawData   bmi.o
    0x08000f5c   0x08000f5c   0x0000006c   Code   RO         5857    i.BMI_Init          bmi.o
    0x08000fc8   0x08000fc8   0x00000002   Code   RO          495    i.BusFault_Handler  stm32f4xx_it.o
    0x08000fca   0x08000fca   0x00000002   PAD
    0x08000fcc   0x08000fcc   0x00000028   Code   RO         4915    i.CAN1_Init         drv_can.o
    0x08000ff4   0x08000ff4   0x0000000c   Code   RO          496    i.CAN1_RX0_IRQHandler  stm32f4xx_it.o
    0x08001000   0x08001000   0x0000004c   Code   RO         4916    i.CAN1_Send_With_int16_to_uint8  drv_can.o
    0x0800104c   0x0800104c   0x000000e0   Code   RO         5136    i.CAN1_rxDataHandler  config_can.o
    0x0800112c   0x0800112c   0x00000028   Code   RO         4917    i.CAN2_Init         drv_can.o
    0x08001154   0x08001154   0x0000000c   Code   RO          497    i.CAN2_RX0_IRQHandler  stm32f4xx_it.o
    0x08001160   0x08001160   0x0000004c   Code   RO         4918    i.CAN2_Send_With_int16_to_uint8  drv_can.o
    0x080011ac   0x080011ac   0x00000054   Code   RO         5137    i.CAN2_rxDataHandler  config_can.o
    0x08001200   0x08001200   0x0000001a   Code   RO         4919    i.CAN_Filter_ParamsInit  drv_can.o
    0x0800121a   0x0800121a   0x00000002   PAD
    0x0800121c   0x0800121c   0x00000038   Code   RO         4920    i.CAN_SendData      drv_can.o
    0x08001254   0x08001254   0x00000014   Code   RO         5771    i.Chassis_Config_power_limit  rp_chassis.o
    0x08001268   0x08001268   0x00000002   Code   RO         5772    i.Chassis_Config_rotation_ratio  rp_chassis.o
    0x0800126a   0x0800126a   0x00000052   Code   RO         5773    i.Chassis_Init      rp_chassis.o
    0x080012bc   0x080012bc   0x00000208   Code   RO         5774    i.Chassis_Pid_Calculating  rp_chassis.o
    0x080014c4   0x080014c4   0x000000f4   Code   RO         5775    i.Chassis_Power_Limit  rp_chassis.o
    0x080015b8   0x080015b8   0x000000a4   Code   RO         5776    i.Chassis_Speed_Calculating  rp_chassis.o
    0x0800165c   0x0800165c   0x00000096   Code   RO         5777    i.Chassis_Speed_Limit  rp_chassis.o
    0x080016f2   0x080016f2   0x00000002   PAD
    0x080016f4   0x080016f4   0x00000040   Code   RO         5779    i.Chassis_Work      rp_chassis.o
    0x08001734   0x08001734   0x00000014   Code   RO         5780    i.Chassis_config_top_calc  rp_chassis.o
    0x08001748   0x08001748   0x0000000c   Code   RO          498    i.DMA1_Stream0_IRQHandler  stm32f4xx_it.o
    0x08001754   0x08001754   0x0000000c   Code   RO          499    i.DMA1_Stream1_IRQHandler  stm32f4xx_it.o
    0x08001760   0x08001760   0x0000000c   Code   RO          500    i.DMA1_Stream2_IRQHandler  stm32f4xx_it.o
    0x0800176c   0x0800176c   0x0000000c   Code   RO          501    i.DMA1_Stream3_IRQHandler  stm32f4xx_it.o
    0x08001778   0x08001778   0x0000000c   Code   RO          502    i.DMA1_Stream4_IRQHandler  stm32f4xx_it.o
    0x08001784   0x08001784   0x0000000c   Code   RO          503    i.DMA1_Stream5_IRQHandler  stm32f4xx_it.o
    0x08001790   0x08001790   0x0000000c   Code   RO          504    i.DMA1_Stream7_IRQHandler  stm32f4xx_it.o
    0x0800179c   0x0800179c   0x0000000c   Code   RO          505    i.DMA2_Stream2_IRQHandler  stm32f4xx_it.o
    0x080017a8   0x080017a8   0x0000000c   Code   RO          506    i.DMA2_Stream7_IRQHandler  stm32f4xx_it.o
    0x080017b4   0x080017b4   0x00000244   Code   RO         4826    i.DMAEx_MultiBufferStart_NoIT  drv_uart.o
    0x080019f8   0x080019f8   0x00000028   Code   RO         1417    i.DMA_CalcBaseAndBitshift  stm32f4xx_hal_dma.o
    0x08001a20   0x08001a20   0x00000054   Code   RO         1418    i.DMA_CheckFifoParam  stm32f4xx_hal_dma.o
    0x08001a74   0x08001a74   0x00000028   Code   RO         1419    i.DMA_SetConfig     stm32f4xx_hal_dma.o
    0x08001a9c   0x08001a9c   0x00000062   Code   RO         4827    i.DMA_Start         drv_uart.o
    0x08001afe   0x08001afe   0x00000014   Code   RO         4828    i.DRV_UART_IRQHandler  drv_uart.o
    0x08001b12   0x08001b12   0x00000002   Code   RO          507    i.DebugMon_Handler  stm32f4xx_it.o
    0x08001b14   0x08001b14   0x00000030   Code   RO         4983    i.Device_Init       drv_all.o
    0x08001b44   0x08001b44   0x00000030   Code   RO         7641    i.Dial_Position_Ctrl  my_launch.o
    0x08001b74   0x08001b74   0x00000034   Code   RO         7642    i.Dial_Speed_Ctrl   my_launch.o
    0x08001ba8   0x08001ba8   0x00000022   Code   RO         4984    i.Driver_Init       drv_all.o
    0x08001bca   0x08001bca   0x00000004   Code   RO           13    i.Error_Handler     main.o
    0x08001bce   0x08001bce   0x00000002   PAD
    0x08001bd0   0x08001bd0   0x0000002c   Code   RO         5243    i.Get_CRC16_Check_Sum  crc16.o
    0x08001bfc   0x08001bfc   0x00000020   Code   RO         5200    i.Get_CRC8_Check_Num  crc8.o
    0x08001c1c   0x08001c1c   0x0000003e   Code   RO         7514    i.Gimbal_Data_Transform  my_gimbal.o
    0x08001c5a   0x08001c5a   0x00000002   PAD
    0x08001c5c   0x08001c5c   0x00000044   Code   RO         7515    i.Gimbal_Pitch_Imu_Ctrl  my_gimbal.o
    0x08001ca0   0x08001ca0   0x00000054   Code   RO         7516    i.Gimbal_Pitch_Mec_Ctrl  my_gimbal.o
    0x08001cf4   0x08001cf4   0x00000044   Code   RO         7517    i.Gimbal_Yaw_Imu_Ctrl  my_gimbal.o
    0x08001d38   0x08001d38   0x00000054   Code   RO         7518    i.Gimbal_Yaw_Mec_Ctrl  my_gimbal.o
    0x08001d8c   0x08001d8c   0x00000024   Code   RO          725    i.HAL_CAN_ActivateNotification  stm32f4xx_hal_can.o
    0x08001db0   0x08001db0   0x000000c8   Code   RO          726    i.HAL_CAN_AddTxMessage  stm32f4xx_hal_can.o
    0x08001e78   0x08001e78   0x0000010c   Code   RO          727    i.HAL_CAN_ConfigFilter  stm32f4xx_hal_can.o
    0x08001f84   0x08001f84   0x00000002   Code   RO          730    i.HAL_CAN_ErrorCallback  stm32f4xx_hal_can.o
    0x08001f86   0x08001f86   0x000000e8   Code   RO          733    i.HAL_CAN_GetRxMessage  stm32f4xx_hal_can.o
    0x0800206e   0x0800206e   0x000001fc   Code   RO          737    i.HAL_CAN_IRQHandler  stm32f4xx_hal_can.o
    0x0800226a   0x0800226a   0x0000011a   Code   RO          738    i.HAL_CAN_Init      stm32f4xx_hal_can.o
    0x08002384   0x08002384   0x000000fc   Code   RO          327    i.HAL_CAN_MspInit   can.o
    0x08002480   0x08002480   0x00000002   Code   RO          745    i.HAL_CAN_RxFifo0FullCallback  stm32f4xx_hal_can.o
    0x08002482   0x08002482   0x00000002   PAD
    0x08002484   0x08002484   0x0000005c   Code   RO         4921    i.HAL_CAN_RxFifo0MsgPendingCallback  drv_can.o
    0x080024e0   0x080024e0   0x00000002   Code   RO          747    i.HAL_CAN_RxFifo1FullCallback  stm32f4xx_hal_can.o
    0x080024e2   0x080024e2   0x00000002   Code   RO          748    i.HAL_CAN_RxFifo1MsgPendingCallback  stm32f4xx_hal_can.o
    0x080024e4   0x080024e4   0x00000002   Code   RO          749    i.HAL_CAN_SleepCallback  stm32f4xx_hal_can.o
    0x080024e6   0x080024e6   0x00000002   PAD
    0x080024e8   0x080024e8   0x00000058   Code   RO          750    i.HAL_CAN_Start     stm32f4xx_hal_can.o
    0x08002540   0x08002540   0x00000002   Code   RO          752    i.HAL_CAN_TxMailbox0AbortCallback  stm32f4xx_hal_can.o
    0x08002542   0x08002542   0x00000002   Code   RO          753    i.HAL_CAN_TxMailbox0CompleteCallback  stm32f4xx_hal_can.o
    0x08002544   0x08002544   0x00000002   Code   RO          754    i.HAL_CAN_TxMailbox1AbortCallback  stm32f4xx_hal_can.o
    0x08002546   0x08002546   0x00000002   Code   RO          755    i.HAL_CAN_TxMailbox1CompleteCallback  stm32f4xx_hal_can.o
    0x08002548   0x08002548   0x00000002   Code   RO          756    i.HAL_CAN_TxMailbox2AbortCallback  stm32f4xx_hal_can.o
    0x0800254a   0x0800254a   0x00000002   Code   RO          757    i.HAL_CAN_TxMailbox2CompleteCallback  stm32f4xx_hal_can.o
    0x0800254c   0x0800254c   0x00000002   Code   RO          759    i.HAL_CAN_WakeUpFromRxMsgCallback  stm32f4xx_hal_can.o
    0x0800254e   0x0800254e   0x00000092   Code   RO         1420    i.HAL_DMA_Abort     stm32f4xx_hal_dma.o
    0x080025e0   0x080025e0   0x00000024   Code   RO         1421    i.HAL_DMA_Abort_IT  stm32f4xx_hal_dma.o
    0x08002604   0x08002604   0x000001a0   Code   RO         1425    i.HAL_DMA_IRQHandler  stm32f4xx_hal_dma.o
    0x080027a4   0x080027a4   0x000000d4   Code   RO         1426    i.HAL_DMA_Init      stm32f4xx_hal_dma.o
    0x08002878   0x08002878   0x0000006e   Code   RO         1430    i.HAL_DMA_Start_IT  stm32f4xx_hal_dma.o
    0x080028e6   0x080028e6   0x00000002   PAD
    0x080028e8   0x080028e8   0x00000024   Code   RO         1839    i.HAL_Delay         stm32f4xx_hal.o
    0x0800290c   0x0800290c   0x000001f0   Code   RO         1313    i.HAL_GPIO_Init     stm32f4xx_hal_gpio.o
    0x08002afc   0x08002afc   0x0000000a   Code   RO         1317    i.HAL_GPIO_WritePin  stm32f4xx_hal_gpio.o
    0x08002b06   0x08002b06   0x00000002   PAD
    0x08002b08   0x08002b08   0x0000000c   Code   RO         1845    i.HAL_GetTick       stm32f4xx_hal.o
    0x08002b14   0x08002b14   0x0000005a   Code   RO         2090    i.HAL_IWDG_Init     stm32f4xx_hal_iwdg.o
    0x08002b6e   0x08002b6e   0x0000000c   Code   RO         2091    i.HAL_IWDG_Refresh  stm32f4xx_hal_iwdg.o
    0x08002b7a   0x08002b7a   0x00000002   PAD
    0x08002b7c   0x08002b7c   0x00000010   Code   RO         1851    i.HAL_IncTick       stm32f4xx_hal.o
    0x08002b8c   0x08002b8c   0x00000034   Code   RO         1852    i.HAL_Init          stm32f4xx_hal.o
    0x08002bc0   0x08002bc0   0x00000074   Code   RO          685    i.HAL_InitTick      stm32f4xx_hal_timebase_tim.o
    0x08002c34   0x08002c34   0x00000038   Code   RO          661    i.HAL_MspInit       stm32f4xx_hal_msp.o
    0x08002c6c   0x08002c6c   0x0000001a   Code   RO         1702    i.HAL_NVIC_EnableIRQ  stm32f4xx_hal_cortex.o
    0x08002c86   0x08002c86   0x00000002   PAD
    0x08002c88   0x08002c88   0x00000040   Code   RO         1708    i.HAL_NVIC_SetPriority  stm32f4xx_hal_cortex.o
    0x08002cc8   0x08002cc8   0x00000024   Code   RO         1709    i.HAL_NVIC_SetPriorityGrouping  stm32f4xx_hal_cortex.o
    0x08002cec   0x08002cec   0x00000024   Code   RO         1710    i.HAL_NVIC_SystemReset  stm32f4xx_hal_cortex.o
    0x08002d10   0x08002d10   0x00000134   Code   RO          959    i.HAL_RCC_ClockConfig  stm32f4xx_hal_rcc.o
    0x08002e44   0x08002e44   0x00000040   Code   RO          963    i.HAL_RCC_GetClockConfig  stm32f4xx_hal_rcc.o
    0x08002e84   0x08002e84   0x00000020   Code   RO          966    i.HAL_RCC_GetPCLK1Freq  stm32f4xx_hal_rcc.o
    0x08002ea4   0x08002ea4   0x00000020   Code   RO          967    i.HAL_RCC_GetPCLK2Freq  stm32f4xx_hal_rcc.o
    0x08002ec4   0x08002ec4   0x00000064   Code   RO          968    i.HAL_RCC_GetSysClockFreq  stm32f4xx_hal_rcc.o
    0x08002f28   0x08002f28   0x0000036c   Code   RO          971    i.HAL_RCC_OscConfig  stm32f4xx_hal_rcc.o
    0x08003294   0x08003294   0x00000002   Code   RO         2826    i.HAL_TIMEx_BreakCallback  stm32f4xx_hal_tim_ex.o
    0x08003296   0x08003296   0x00000002   Code   RO         2827    i.HAL_TIMEx_CommutCallback  stm32f4xx_hal_tim_ex.o
    0x08003298   0x08003298   0x0000005a   Code   RO         2122    i.HAL_TIM_Base_Init  stm32f4xx_hal_tim.o
    0x080032f2   0x080032f2   0x00000002   Code   RO         2124    i.HAL_TIM_Base_MspInit  stm32f4xx_hal_tim.o
    0x080032f4   0x080032f4   0x00000080   Code   RO         2127    i.HAL_TIM_Base_Start_IT  stm32f4xx_hal_tim.o
    0x08003374   0x08003374   0x00000002   Code   RO         2156    i.HAL_TIM_IC_CaptureCallback  stm32f4xx_hal_tim.o
    0x08003376   0x08003376   0x00000166   Code   RO         2170    i.HAL_TIM_IRQHandler  stm32f4xx_hal_tim.o
    0x080034dc   0x080034dc   0x00000002   Code   RO         2173    i.HAL_TIM_OC_DelayElapsedCallback  stm32f4xx_hal_tim.o
    0x080034de   0x080034de   0x00000002   Code   RO         2200    i.HAL_TIM_PWM_PulseFinishedCallback  stm32f4xx_hal_tim.o
    0x080034e0   0x080034e0   0x0000000e   Code   RO           14    i.HAL_TIM_PeriodElapsedCallback  main.o
    0x080034ee   0x080034ee   0x00000002   Code   RO         2213    i.HAL_TIM_TriggerCallback  stm32f4xx_hal_tim.o
    0x080034f0   0x080034f0   0x00000002   Code   RO         3104    i.HAL_UARTEx_RxEventCallback  stm32f4xx_hal_uart.o
    0x080034f2   0x080034f2   0x00000002   Code   RO         3118    i.HAL_UART_ErrorCallback  stm32f4xx_hal_uart.o
    0x080034f4   0x080034f4   0x00000268   Code   RO         3121    i.HAL_UART_IRQHandler  stm32f4xx_hal_uart.o
    0x0800375c   0x0800375c   0x00000062   Code   RO         3122    i.HAL_UART_Init     stm32f4xx_hal_uart.o
    0x080037be   0x080037be   0x00000002   PAD
    0x080037c0   0x080037c0   0x00000428   Code   RO          430    i.HAL_UART_MspInit  usart.o
    0x08003be8   0x08003be8   0x00000002   Code   RO         3128    i.HAL_UART_RxCpltCallback  stm32f4xx_hal_uart.o
    0x08003bea   0x08003bea   0x00000002   PAD
    0x08003bec   0x08003bec   0x0000008c   Code   RO         3131    i.HAL_UART_Transmit_DMA  stm32f4xx_hal_uart.o
    0x08003c78   0x08003c78   0x00000002   Code   RO         3133    i.HAL_UART_TxCpltCallback  stm32f4xx_hal_uart.o
    0x08003c7a   0x08003c7a   0x00000002   Code   RO         3134    i.HAL_UART_TxHalfCpltCallback  stm32f4xx_hal_uart.o
    0x08003c7c   0x08003c7c   0x00000002   Code   RO          508    i.HardFault_Handler  stm32f4xx_it.o
    0x08003c7e   0x08003c7e   0x00000012   Code   RO         7803    i.Hero_Heartbeat    my_hero.o
    0x08003c90   0x08003c90   0x0000002c   Code   RO         7804    i.Hero_Init         my_hero.o
    0x08003cbc   0x08003cbc   0x00000040   Code   RO         7805    i.Hero_Status_Update  my_hero.o
    0x08003cfc   0x08003cfc   0x00000040   Code   RO         7238    i.IIC_Ack           soft_iic.o
    0x08003d3c   0x08003d3c   0x00000040   Code   RO         7239    i.IIC_NAck          soft_iic.o
    0x08003d7c   0x08003d7c   0x00000068   Code   RO         7240    i.IIC_Read_Byte     soft_iic.o
    0x08003de4   0x08003de4   0x00000060   Code   RO         7241    i.IIC_Send_Byte     soft_iic.o
    0x08003e44   0x08003e44   0x00000040   Code   RO         7242    i.IIC_Start         soft_iic.o
    0x08003e84   0x08003e84   0x00000044   Code   RO         7243    i.IIC_Stop          soft_iic.o
    0x08003ec8   0x08003ec8   0x00000054   Code   RO         7244    i.IIC_Wait_Ack      soft_iic.o
    0x08003f1c   0x08003f1c   0x00000024   Code   RO         7807    i.Key_C_Status_Check  my_hero.o
    0x08003f40   0x08003f40   0x00000060   Code   RO         7808    i.Key_Ctrl_Status_Check  my_hero.o
    0x08003fa0   0x08003fa0   0x00000030   Code   RO         7810    i.Key_E_Status_Check  my_hero.o
    0x08003fd0   0x08003fd0   0x00000058   Code   RO         7811    i.Key_F_Status_Check  my_hero.o
    0x08004028   0x08004028   0x0000002c   Code   RO         7812    i.Key_G_Status_Check  my_hero.o
    0x08004054   0x08004054   0x00000024   Code   RO         7813    i.Key_Mouse_l_Status_Check  my_hero.o
    0x08004078   0x08004078   0x0000002c   Code   RO         7814    i.Key_Mouse_r_Status_Check  my_hero.o
    0x080040a4   0x080040a4   0x00000030   Code   RO         7815    i.Key_Q_Status_Check  my_hero.o
    0x080040d4   0x080040d4   0x00000028   Code   RO         7816    i.Key_R_Status_Check  my_hero.o
    0x080040fc   0x080040fc   0x00000028   Code   RO         7818    i.Key_Shift_Status_Check  my_hero.o
    0x08004124   0x08004124   0x00000054   Code   RO         7819    i.Key_Status_Scan   my_hero.o
    0x08004178   0x08004178   0x00000028   Code   RO         7820    i.Key_V_Status_Check  my_hero.o
    0x080041a0   0x080041a0   0x0000002c   Code   RO         7822    i.Key_X_Status_Check  my_hero.o
    0x080041cc   0x080041cc   0x0000002c   Code   RO         7823    i.Key_Z_Status_Check  my_hero.o
    0x080041f8   0x080041f8   0x0000005c   Code   RO         7644    i.Launch_L_Fric_Ctrl  my_launch.o
    0x08004254   0x08004254   0x0000005c   Code   RO         7645    i.Launch_R_Fric_Ctrl  my_launch.o
    0x080042b0   0x080042b0   0x0000004c   Code   RO         7054    i.MPU_Read_Byte     bmi2_common.o
    0x080042fc   0x080042fc   0x00000060   Code   RO         7055    i.MPU_Read_all      bmi2_common.o
    0x0800435c   0x0800435c   0x00000048   Code   RO          328    i.MX_CAN1_Init      can.o
    0x080043a4   0x080043a4   0x00000048   Code   RO          329    i.MX_CAN2_Init      can.o
    0x080043ec   0x080043ec   0x000000bc   Code   RO          375    i.MX_DMA_Init       dma.o
    0x080044a8   0x080044a8   0x00000068   Code   RO          258    i.MX_FREERTOS_Init  freertos.o
    0x08004510   0x08004510   0x000000a8   Code   RO          234    i.MX_GPIO_Init      gpio.o
    0x080045b8   0x080045b8   0x0000002c   Code   RO          399    i.MX_IWDG_Init      iwdg.o
    0x080045e4   0x080045e4   0x00000038   Code   RO          431    i.MX_UART4_Init     usart.o
    0x0800461c   0x0800461c   0x00000038   Code   RO          432    i.MX_UART5_Init     usart.o
    0x08004654   0x08004654   0x00000038   Code   RO          433    i.MX_USART1_UART_Init  usart.o
    0x0800468c   0x0800468c   0x00000040   Code   RO          434    i.MX_USART2_UART_Init  usart.o
    0x080046cc   0x080046cc   0x00000038   Code   RO          435    i.MX_USART3_UART_Init  usart.o
    0x08004704   0x08004704   0x00000002   Code   RO          509    i.MemManage_Handler  stm32f4xx_it.o
    0x08004706   0x08004706   0x00000002   PAD
    0x08004708   0x08004708   0x00000040   Code   RO         7418    i.My_Chassis_Command_React  my_chassis.o
    0x08004748   0x08004748   0x00000540   Code   RO         7419    i.My_Chassis_Control  my_chassis.o
    0x08004c88   0x08004c88   0x0000002c   Code   RO         7420    i.My_Chassis_Data_Update  my_chassis.o
    0x08004cb4   0x08004cb4   0x00000034   Code   RO         7421    i.My_Chassis_Heartbeat  my_chassis.o
    0x08004ce8   0x08004ce8   0x00000090   Code   RO         7422    i.My_Chassis_Init   my_chassis.o
    0x08004d78   0x08004d78   0x000000c4   Code   RO         7423    i.My_Chassis_Input  my_chassis.o
    0x08004e3c   0x08004e3c   0x00000058   Code   RO         7426    i.My_Chassis_Speed_Update  my_chassis.o
    0x08004e94   0x08004e94   0x00000074   Code   RO         7427    i.My_Chassis_Status_React  my_chassis.o
    0x08004f08   0x08004f08   0x00000024   Code   RO         7428    i.My_Chassis_Work   my_chassis.o
    0x08004f2c   0x08004f2c   0x000002dc   Code   RO         7646    i.My_Feeder_Control  my_launch.o
    0x08005208   0x08005208   0x00000104   Code   RO         7520    i.My_Gimbal_Command_React  my_gimbal.o
    0x0800530c   0x0800530c   0x00000354   Code   RO         7521    i.My_Gimbal_Control  my_gimbal.o
    0x08005660   0x08005660   0x000000c4   Code   RO         7522    i.My_Gimbal_Data_Update  my_gimbal.o
    0x08005724   0x08005724   0x00000020   Code   RO         7523    i.My_Gimbal_Heartbeat  my_gimbal.o
    0x08005744   0x08005744   0x000000a0   Code   RO         7524    i.My_Gimbal_Init    my_gimbal.o
    0x080057e4   0x080057e4   0x00000034   Code   RO         7525    i.My_Gimbal_Offline  my_gimbal.o
    0x08005818   0x08005818   0x000000dc   Code   RO         7526    i.My_Gimbal_Pitch_Angle_Check  my_gimbal.o
    0x080058f4   0x080058f4   0x00000030   Code   RO         7527    i.My_Gimbal_Status_React  my_gimbal.o
    0x08005924   0x08005924   0x00000030   Code   RO         7528    i.My_Gimbal_Work    my_gimbal.o
    0x08005954   0x08005954   0x00000188   Code   RO         7529    i.My_Gimbal_Yaw_Angle_Check  my_gimbal.o
    0x08005adc   0x08005adc   0x00000014   Code   RO         7982    i.My_Judge_Init     my_judge.o
    0x08005af0   0x08005af0   0x00000024   Code   RO         7983    i.My_Judge_Realtime_Task  my_judge.o
    0x08005b14   0x08005b14   0x0000003c   Code   RO         7984    i.My_Judge_Update   my_judge.o
    0x08005b50   0x08005b50   0x00000024   Code   RO         7647    i.My_Launch_Clear_Heat_Cal  my_launch.o
    0x08005b74   0x08005b74   0x00000124   Code   RO         7648    i.My_Launch_Command_React  my_launch.o
    0x08005c98   0x08005c98   0x00000190   Code   RO         7649    i.My_Launch_Control  my_launch.o
    0x08005e28   0x08005e28   0x00000036   Code   RO         7650    i.My_Launch_Data_Update  my_launch.o
    0x08005e5e   0x08005e5e   0x0000001c   Code   RO         7651    i.My_Launch_Feed_Ready_Check  my_launch.o
    0x08005e7a   0x08005e7a   0x00000002   PAD
    0x08005e7c   0x08005e7c   0x00000034   Code   RO         7652    i.My_Launch_Fire_Limit_Check  my_launch.o
    0x08005eb0   0x08005eb0   0x00000034   Code   RO         7653    i.My_Launch_Heartbeat  my_launch.o
    0x08005ee4   0x08005ee4   0x000000b8   Code   RO         7654    i.My_Launch_Init    my_launch.o
    0x08005f9c   0x08005f9c   0x00000028   Code   RO         7655    i.My_Launch_Offline  my_launch.o
    0x08005fc4   0x08005fc4   0x00000024   Code   RO         7656    i.My_Launch_Rate_of_Fire_Limit_Check  my_launch.o
    0x08005fe8   0x08005fe8   0x00000114   Code   RO         7657    i.My_Launch_Rate_of_Fire_Self_Fix  my_launch.o
    0x080060fc   0x080060fc   0x0000003c   Code   RO         7658    i.My_Launch_Ready_Check  my_launch.o
    0x08006138   0x08006138   0x00000028   Code   RO         7660    i.My_Launch_Status_React  my_launch.o
    0x08006160   0x08006160   0x00000040   Code   RO         7661    i.My_Launcher_Work  my_launch.o
    0x080061a0   0x080061a0   0x000001d0   Code   RO         8102    i.My_Slave_Transmit_Task  my_slave.o
    0x08006370   0x08006370   0x00000038   Code   RO         8026    i.My_Vision_Auto_Fire_Check  my_vision.o
    0x080063a8   0x080063a8   0x00000038   Code   RO         8027    i.My_Vision_Init    my_vision.o
    0x080063e0   0x080063e0   0x00000058   Code   RO         8028    i.My_Vision_Receive  my_vision.o
    0x08006438   0x08006438   0x00000070   Code   RO         8029    i.My_Vision_Receive_Check  my_vision.o
    0x080064a8   0x080064a8   0x00000020   Code   RO         8030    i.My_Vision_Tick_Task  my_vision.o
    0x080064c8   0x080064c8   0x0000000e   Code   RO         8031    i.My_Vision_Transmit  my_vision.o
    0x080064d6   0x080064d6   0x00000002   PAD
    0x080064d8   0x080064d8   0x00000048   Code   RO         8032    i.My_Vision_Transmit_Check  my_vision.o
    0x08006520   0x08006520   0x00000054   Code   RO         8033    i.My_Vision_Transmit_Data_Update  my_vision.o
    0x08006574   0x08006574   0x00000002   Code   RO          510    i.NMI_Handler       stm32f4xx_it.o
    0x08006576   0x08006576   0x00000002   PAD
    0x08006578   0x08006578   0x00000034   Code   RO         7662    i.Position_Ctrl     my_launch.o
    0x080065ac   0x080065ac   0x00000028   Code   RO         7824    i.Rc_S1_Status_Check  my_hero.o
    0x080065d4   0x080065d4   0x00000034   Code   RO         7825    i.Rc_S2_Status_Check  my_hero.o
    0x08006608   0x08006608   0x00000032   Code   RO         7826    i.Rc_Status_Scan    my_hero.o
    0x0800663a   0x0800663a   0x00000002   PAD
    0x0800663c   0x0800663c   0x00000048   Code   RO         7827    i.Rc_Thumbwheel_Check  my_hero.o
    0x08006684   0x08006684   0x00000030   Code   RO         5356    i.Remote_Start_Safely  remote.o
    0x080066b4   0x080066b4   0x00000054   Code   RO         5858    i.Set_accel         bmi.o
    0x08006708   0x08006708   0x00000058   Code   RO         5859    i.Set_gyro          bmi.o
    0x08006760   0x08006760   0x00000008   Code   RO          259    i.StartDefaultTask  freertos.o
    0x08006768   0x08006768   0x0000002c   Code   RO         4706    i.SysTick_Handler   port.o
    0x08006794   0x08006794   0x0000009c   Code   RO           15    i.SystemClock_Config  main.o
    0x08006830   0x08006830   0x00000010   Code   RO         3451    i.SystemInit        system_stm32f4xx.o
    0x08006840   0x08006840   0x0000001c   Code   RO          511    i.TIM2_IRQHandler   stm32f4xx_it.o
    0x0800685c   0x0800685c   0x000000c8   Code   RO         2215    i.TIM_Base_SetConfig  stm32f4xx_hal_tim.o
    0x08006924   0x08006924   0x0000002c   Code   RO         7298    i.Task_H1           my_tasks.o
    0x08006950   0x08006950   0x00000018   Code   RO         7299    i.Task_H2           my_tasks.o
    0x08006968   0x08006968   0x00000084   Code   RO         7300    i.Task_M            my_tasks.o
    0x080069ec   0x080069ec   0x00000018   Code   RO          512    i.UART4_IRQHandler  stm32f4xx_it.o
    0x08006a04   0x08006a04   0x00000018   Code   RO          513    i.UART5_IRQHandler  stm32f4xx_it.o
    0x08006a1c   0x08006a1c   0x00000010   Code   RO         3135    i.UART_DMAAbortOnError  stm32f4xx_hal_uart.o
    0x08006a2c   0x08006a2c   0x0000004a   Code   RO         3136    i.UART_DMAError     stm32f4xx_hal_uart.o
    0x08006a76   0x08006a76   0x00000042   Code   RO         3141    i.UART_DMATransmitCplt  stm32f4xx_hal_uart.o
    0x08006ab8   0x08006ab8   0x0000000a   Code   RO         3143    i.UART_DMATxHalfCplt  stm32f4xx_hal_uart.o
    0x08006ac2   0x08006ac2   0x0000004e   Code   RO         3145    i.UART_EndRxTransfer  stm32f4xx_hal_uart.o
    0x08006b10   0x08006b10   0x0000001c   Code   RO         3146    i.UART_EndTxTransfer  stm32f4xx_hal_uart.o
    0x08006b2c   0x08006b2c   0x000000c0   Code   RO         3147    i.UART_Receive_IT   stm32f4xx_hal_uart.o
    0x08006bec   0x08006bec   0x0000010c   Code   RO         3148    i.UART_SetConfig    stm32f4xx_hal_uart.o
    0x08006cf8   0x08006cf8   0x0000000c   Code   RO          514    i.USART1_IRQHandler  stm32f4xx_it.o
    0x08006d04   0x08006d04   0x00000038   Code   RO         4829    i.USART1_Init       drv_uart.o
    0x08006d3c   0x08006d3c   0x00000002   Code   RO         5085    i.USART1_rxDataHandler  config_uart.o
    0x08006d3e   0x08006d3e   0x00000002   PAD
    0x08006d40   0x08006d40   0x00000018   Code   RO          515    i.USART2_IRQHandler  stm32f4xx_it.o
    0x08006d58   0x08006d58   0x0000003c   Code   RO         4830    i.USART2_Init       drv_uart.o
    0x08006d94   0x08006d94   0x00000020   Code   RO         5086    i.USART2_rxDataHandler  config_uart.o
    0x08006db4   0x08006db4   0x00000018   Code   RO          516    i.USART3_IRQHandler  stm32f4xx_it.o
    0x08006dcc   0x08006dcc   0x00000038   Code   RO         4831    i.USART3_Init       drv_uart.o
    0x08006e04   0x08006e04   0x00000004   Code   RO         5087    i.USART3_rxDataHandler  config_uart.o
    0x08006e08   0x08006e08   0x00000038   Code   RO         4832    i.USART4_Init       drv_uart.o
    0x08006e40   0x08006e40   0x00000002   Code   RO         5088    i.USART4_rxDataHandler  config_uart.o
    0x08006e42   0x08006e42   0x00000002   PAD
    0x08006e44   0x08006e44   0x00000038   Code   RO         4833    i.USART5_Init       drv_uart.o
    0x08006e7c   0x08006e7c   0x00000002   Code   RO         5089    i.USART5_rxDataHandler  config_uart.o
    0x08006e7e   0x08006e7e   0x00000002   Code   RO          517    i.UsageFault_Handler  stm32f4xx_it.o
    0x08006e80   0x08006e80   0x0000003c   Code   RO         5244    i.Verify_CRC16_Check_Sum  crc16.o
    0x08006ebc   0x08006ebc   0x0000002a   Code   RO         5201    i.Verify_CRC8_Check_Sum  crc8.o
    0x08006ee6   0x08006ee6   0x00000002   PAD
    0x08006ee8   0x08006ee8   0x00000024   Code   RO         7828    i.Vision_Debug_Check  my_hero.o
    0x08006f0c   0x08006f0c   0x00000038   Code   RO         5315    i.Vision_Recieve_Data  vision_protocol.o
    0x08006f44   0x08006f44   0x0000003c   Code   RO         5316    i.Vision_Send_Data  vision_protocol.o
    0x08006f80   0x08006f80   0x00000030   Code   RO         8432    i.__ARM_fpclassify  m_wm.l(fpclassify.o)
    0x08006fb0   0x08006fb0   0x00000020   Code   RO         1715    i.__NVIC_SetPriority  stm32f4xx_hal_cortex.o
    0x08006fd0   0x08006fd0   0x00000360   Code   RO         8231    i.__hardfp_asin     m_wm.l(asin.o)
    0x08007330   0x08007330   0x000002d8   Code   RO         8395    i.__hardfp_atan     m_wm.l(atan.o)
    0x08007608   0x08007608   0x000001f0   Code   RO         8245    i.__hardfp_atan2    m_wm.l(atan2.o)
    0x080077f8   0x080077f8   0x000000c8   Code   RO         8257    i.__hardfp_cos      m_wm.l(cos.o)
    0x080078c0   0x080078c0   0x000000c8   Code   RO         8283    i.__hardfp_sin      m_wm.l(sin.o)
    0x08007988   0x08007988   0x00000438   Code   RO         8437    i.__ieee754_rem_pio2  m_wm.l(rred.o)
    0x08007dc0   0x08007dc0   0x00000170   Code   RO         8409    i.__kernel_cos      m_wm.l(cos_i.o)
    0x08007f30   0x08007f30   0x000000f8   Code   RO         8434    i.__kernel_poly     m_wm.l(poly.o)
    0x08008028   0x08008028   0x00000130   Code   RO         8442    i.__kernel_sin      m_wm.l(sin_i.o)
    0x08008158   0x08008158   0x00000014   Code   RO         8413    i.__mathlib_dbl_infnan  m_wm.l(dunder.o)
    0x0800816c   0x0800816c   0x00000014   Code   RO         8414    i.__mathlib_dbl_infnan2  m_wm.l(dunder.o)
    0x08008180   0x08008180   0x00000020   Code   RO         8415    i.__mathlib_dbl_invalid  m_wm.l(dunder.o)
    0x080081a0   0x080081a0   0x00000020   Code   RO         8418    i.__mathlib_dbl_underflow  m_wm.l(dunder.o)
    0x080081c0   0x080081c0   0x00000096   Code   RO         5357    i.all_key_board_status_interrupt_update  remote.o
    0x08008256   0x08008256   0x00000096   Code   RO         5358    i.all_key_board_status_update  remote.o
    0x080082ec   0x080082ec   0x00000010   Code   RO         8397    i.atan              m_wm.l(atan.o)
    0x080082fc   0x080082fc   0x00000024   Code   RO         5526    i.ave_fil_init      ave_filter.o
    0x08008320   0x08008320   0x00000090   Code   RO         5527    i.ave_fil_update    ave_filter.o
    0x080083b0   0x080083b0   0x00000078   Code   RO         7209    i.bmi270_init       bmi270.o
    0x08008428   0x08008428   0x00000002   Code   RO         7057    i.bmi2_error_codes_print_result  bmi2_common.o
    0x0800842a   0x0800842a   0x00000036   Code   RO         5961    i.bmi2_extract_input_feat_config  bmi2.o
    0x08008460   0x08008460   0x000000a0   Code   RO         5966    i.bmi2_get_feat_config  bmi2.o
    0x08008500   0x08008500   0x0000003c   Code   RO         5973    i.bmi2_get_gyro_cross_sense  bmi2.o
    0x0800853c   0x0800853c   0x00000030   Code   RO         5976    i.bmi2_get_internal_status  bmi2.o
    0x0800856c   0x0800856c   0x00000092   Code   RO         5977    i.bmi2_get_regs     bmi2.o
    0x080085fe   0x080085fe   0x00000002   PAD
    0x08008600   0x08008600   0x0000023a   Code   RO         5979    i.bmi2_get_sensor_config  bmi2.o
    0x0800883a   0x0800883a   0x000002de   Code   RO         5980    i.bmi2_get_sensor_data  bmi2.o
    0x08008b18   0x08008b18   0x00000026   Code   RO         5981    i.bmi2_get_status   bmi2.o
    0x08008b3e   0x08008b3e   0x00000002   PAD
    0x08008b40   0x08008b40   0x00000040   Code   RO         7058    i.bmi2_interface_selection  bmi2_common.o
    0x08008b80   0x08008b80   0x00000076   Code   RO         5982    i.bmi2_map_data_int  bmi2.o
    0x08008bf6   0x08008bf6   0x00000002   PAD
    0x08008bf8   0x08008bf8   0x00000064   Code   RO         5992    i.bmi2_sec_init     bmi2.o
    0x08008c5c   0x08008c5c   0x00000038   Code   RO         5994    i.bmi2_sensor_enable  bmi2.o
    0x08008c94   0x08008c94   0x00000062   Code   RO         5996    i.bmi2_set_adv_power_save  bmi2.o
    0x08008cf6   0x08008cf6   0x00000002   PAD
    0x08008cf8   0x08008cf8   0x0000009c   Code   RO         6006    i.bmi2_set_regs     bmi2.o
    0x08008d94   0x08008d94   0x000001e6   Code   RO         6008    i.bmi2_set_sensor_config  bmi2.o
    0x08008f7a   0x08008f7a   0x00000060   Code   RO         6009    i.bmi2_soft_reset   bmi2.o
    0x08008fda   0x08008fda   0x00000056   Code   RO         6013    i.bmi2_write_config_file  bmi2.o
    0x08009030   0x08009030   0x0000002c   Code   RO         5628    i.can_rx_buff       motor.o
    0x0800905c   0x0800905c   0x00000002   Code   RO         5629    i.can_tx_buff       motor.o
    0x0800905e   0x0800905e   0x0000003e   Code   RO         6016    i.cfg_error_status  bmi2.o
    0x0800909c   0x0800909c   0x00000030   Code   RO         6017    i.check_boundary_val  bmi2.o
    0x080090cc   0x080090cc   0x0000001a   Code   RO         6019    i.comp_gyro_cross_axis_sensitivity  bmi2.o
    0x080090e6   0x080090e6   0x000000dc   Code   RO         6020    i.config_aux_interface  bmi2.o
    0x080091c2   0x080091c2   0x00000002   PAD
    0x080091c4   0x080091c4   0x00000018   Code   RO         4786    i.delay_us          drv_haltick.o
    0x080091dc   0x080091dc   0x00000014   Code   RO         4834    i.dma_m0_rxcplt_callback  drv_uart.o
    0x080091f0   0x080091f0   0x00000014   Code   RO         4835    i.dma_m1_rxcplt_callback  drv_uart.o
    0x08009204   0x08009204   0x00000036   Code   RO         6027    i.extract_output_feat_config  bmi2.o
    0x0800923a   0x0800923a   0x00000018   Code   RO         8428    i.fabs              m_wm.l(fabs.o)
    0x08009252   0x08009252   0x00000020   Code   RO         6028    i.get_acc_gyr_data  bmi2.o
    0x08009272   0x08009272   0x0000004e   Code   RO         6029    i.get_accel_config  bmi2.o
    0x080092c0   0x080092c0   0x00000068   Code   RO         6030    i.get_accel_self_test_status  bmi2.o
    0x08009328   0x08009328   0x0000008a   Code   RO         6031    i.get_any_motion_config  bmi2.o
    0x080093b2   0x080093b2   0x000000aa   Code   RO         6032    i.get_aux_config    bmi2.o
    0x0800945c   0x0800945c   0x00000058   Code   RO         6034    i.get_ext_sens_sync_config  bmi2.o
    0x080094b4   0x080094b4   0x00000086   Code   RO         6035    i.get_flat_config   bmi2.o
    0x0800953a   0x0800953a   0x00000082   Code   RO         6036    i.get_free_fall_det_config  bmi2.o
    0x080095bc   0x080095bc   0x00000058   Code   RO         6037    i.get_glance_detect_config  bmi2.o
    0x08009614   0x08009614   0x0000005e   Code   RO         6038    i.get_gyro_config   bmi2.o
    0x08009672   0x08009672   0x00000072   Code   RO         6039    i.get_gyro_cross_sense  bmi2.o
    0x080096e4   0x080096e4   0x0000008a   Code   RO         6040    i.get_gyro_gain_update_config  bmi2.o
    0x0800976e   0x0800976e   0x00000068   Code   RO         6041    i.get_gyro_gain_update_status  bmi2.o
    0x080097d6   0x080097d6   0x000000a4   Code   RO         6042    i.get_high_g_config  bmi2.o
    0x0800987a   0x0800987a   0x0000018c   Code   RO         5630    i.get_kt_9025_info  motor.o
    0x08009a06   0x08009a06   0x00000092   Code   RO         6043    i.get_low_g_config  bmi2.o
    0x08009a98   0x08009a98   0x0000008a   Code   RO         6045    i.get_no_motion_config  bmi2.o
    0x08009b22   0x08009b22   0x00000076   Code   RO         6046    i.get_nvm_error_status  bmi2.o
    0x08009b98   0x08009b98   0x000000b4   Code   RO         6047    i.get_ois_output    bmi2.o
    0x08009c4c   0x08009c4c   0x0000008c   Code   RO         6048    i.get_orient_config  bmi2.o
    0x08009cd8   0x08009cd8   0x00000056   Code   RO         6051    i.get_remapped_data  bmi2.o
    0x08009d2e   0x08009d2e   0x00000002   PAD
    0x08009d30   0x08009d30   0x00000054   Code   RO         5631    i.get_rm_can_drvie  motor.o
    0x08009d84   0x08009d84   0x00000060   Code   RO         5632    i.get_rm_info       motor.o
    0x08009de4   0x08009de4   0x000000be   Code   RO         6052    i.get_sig_motion_config  bmi2.o
    0x08009ea2   0x08009ea2   0x0000008a   Code   RO         6054    i.get_step_config   bmi2.o
    0x08009f2c   0x08009f2c   0x000000aa   Code   RO         6055    i.get_step_count_params_config  bmi2.o
    0x08009fd6   0x08009fd6   0x0000006e   Code   RO         6056    i.get_step_counter_output  bmi2.o
    0x0800a044   0x0800a044   0x00000058   Code   RO         6057    i.get_tilt_config   bmi2.o
    0x0800a09c   0x0800a09c   0x00000058   Code   RO         6058    i.get_up_hold_to_wake_config  bmi2.o
    0x0800a0f4   0x0800a0f4   0x0000007c   Code   RO         6060    i.get_wake_up_config  bmi2.o
    0x0800a170   0x0800a170   0x00000076   Code   RO         6061    i.get_wrist_gest_config  bmi2.o
    0x0800a1e6   0x0800a1e6   0x0000008a   Code   RO         6062    i.get_wrist_gest_w_config  bmi2.o
    0x0800a270   0x0800a270   0x0000008e   Code   RO         6063    i.get_wrist_wear_wake_up_config  bmi2.o
    0x0800a2fe   0x0800a2fe   0x0000009c   Code   RO         6064    i.get_wrist_wear_wake_up_wh_config  bmi2.o
    0x0800a39a   0x0800a39a   0x00000008   Code   RO         5477    i.imu_init          imu.o
    0x0800a3a2   0x0800a3a2   0x00000002   PAD
    0x0800a3a4   0x0800a3a4   0x00000294   Code   RO         5478    i.imu_update        imu.o
    0x0800a638   0x0800a638   0x0000002c   Code   RO         5860    i.inVSqrt           bmi.o
    0x0800a664   0x0800a664   0x0000003c   Code   RO         5359    i.key_board_cnt_max_set  remote.o
    0x0800a6a0   0x0800a6a0   0x00000044   Code   RO         5360    i.key_board_status_interrupt_update  remote.o
    0x0800a6e4   0x0800a6e4   0x00000036   Code   RO         5361    i.key_board_status_update  remote.o
    0x0800a71a   0x0800a71a   0x0000000a   Code   RO         5560    i.lowpass           math_support.o
    0x0800a724   0x0800a724   0x00000026   Code   RO         5861    i.lsb_to_dps        bmi.o
    0x0800a74a   0x0800a74a   0x00000002   PAD
    0x0800a74c   0x0800a74c   0x00000034   Code   RO         5862    i.lsb_to_mps2       bmi.o
    0x0800a780   0x0800a780   0x00000064   Code   RO           16    i.main              main.o
    0x0800a7e4   0x0800a7e4   0x0000000c   Code   RO         4271    i.makeFreeRtosPriority  cmsis_os.o
    0x0800a7f0   0x0800a7f0   0x00000024   Code   RO         4787    i.micros            drv_haltick.o
    0x0800a814   0x0800a814   0x0000002a   Code   RO         5633    i.motor_class_heartbeat  motor.o
    0x0800a83e   0x0800a83e   0x00000002   PAD
    0x0800a840   0x0800a840   0x0000009c   Code   RO         5634    i.motor_class_init  motor.o
    0x0800a8dc   0x0800a8dc   0x00000074   Code   RO         5635    i.motor_class_pid_init  motor.o
    0x0800a950   0x0800a950   0x0000006c   Code   RO         5636    i.motor_class_stucking_flag  motor.o
    0x0800a9bc   0x0800a9bc   0x00000020   Code   RO         5637    i.motor_cycle       motor.o
    0x0800a9dc   0x0800a9dc   0x0000003c   Code   RO         5638    i.motor_half_cycle  motor.o
    0x0800aa18   0x0800aa18   0x00000032   Code   RO         5639    i.motor_judge_dir   motor.o
    0x0800aa4a   0x0800aa4a   0x00000048   Code   RO         5640    i.motor_offset      motor.o
    0x0800aa92   0x0800aa92   0x00000002   PAD
    0x0800aa94   0x0800aa94   0x0000004c   Code   RO         5641    i.motor_pid_angle   motor.o
    0x0800aae0   0x0800aae0   0x00000118   Code   RO         5642    i.motor_pid_cal     motor.o
    0x0800abf8   0x0800abf8   0x000000ec   Code   RO         5643    i.motor_pid_ctrl    motor.o
    0x0800ace4   0x0800ace4   0x00000008   Code   RO         5644    i.motor_pid_double  motor.o
    0x0800acec   0x0800acec   0x00000024   Code   RO         5645    i.motor_pid_err     motor.o
    0x0800ad10   0x0800ad10   0x00000048   Code   RO         5646    i.motor_pid_position  motor.o
    0x0800ad58   0x0800ad58   0x00000014   Code   RO         5647    i.motor_pid_single  motor.o
    0x0800ad6c   0x0800ad6c   0x00000040   Code   RO         5648    i.motor_pid_speed   motor.o
    0x0800adac   0x0800adac   0x00000018   Code   RO         6066    i.null_ptr_check    bmi2.o
    0x0800adc4   0x0800adc4   0x0000000e   Code   RO         4273    i.osDelay           cmsis_os.o
    0x0800add2   0x0800add2   0x0000000a   Code   RO         4276    i.osKernelStart     cmsis_os.o
    0x0800addc   0x0800addc   0x00000054   Code   RO         4310    i.osThreadCreate    cmsis_os.o
    0x0800ae30   0x0800ae30   0x00000070   Code   RO         3953    i.prvAddCurrentTaskToDelayedList  tasks.o
    0x0800aea0   0x0800aea0   0x000000d0   Code   RO         3954    i.prvAddNewTaskToReadyList  tasks.o
    0x0800af70   0x0800af70   0x00000034   Code   RO         3955    i.prvDeleteTCB      tasks.o
    0x0800afa4   0x0800afa4   0x0000004c   Code   RO         4638    i.prvHeapInit       heap_4.o
    0x0800aff0   0x0800aff0   0x00000060   Code   RO         3956    i.prvIdleTask       tasks.o
    0x0800b050   0x0800b050   0x00000098   Code   RO         3957    i.prvInitialiseNewTask  tasks.o
    0x0800b0e8   0x0800b0e8   0x0000004c   Code   RO         4639    i.prvInsertBlockIntoFreeList  heap_4.o
    0x0800b134   0x0800b134   0x00000020   Code   RO         3958    i.prvResetNextTaskUnblockTime  tasks.o
    0x0800b154   0x0800b154   0x00000028   Code   RO         4707    i.prvTaskExitError  port.o
    0x0800b17c   0x0800b17c   0x000000dc   Code   RO         4640    i.pvPortMalloc      heap_4.o
    0x0800b258   0x0800b258   0x0000002c   Code   RO         4708    i.pxPortInitialiseStack  port.o
    0x0800b284   0x0800b284   0x000000a6   Code   RO         5282    i.rc_base_info_check  remote_potocol.o
    0x0800b32a   0x0800b32a   0x0000001c   Code   RO         5362    i.rc_base_info_init  remote.o
    0x0800b346   0x0800b346   0x00000124   Code   RO         5283    i.rc_base_info_update  remote_potocol.o
    0x0800b46a   0x0800b46a   0x00000002   PAD
    0x0800b46c   0x0800b46c   0x0000006c   Code   RO         5363    i.rc_ctrl           remote.o
    0x0800b4d8   0x0800b4d8   0x0000000a   Code   RO         5364    i.rc_info_init      remote.o
    0x0800b4e2   0x0800b4e2   0x00000002   PAD
    0x0800b4e4   0x0800b4e4   0x0000001c   Code   RO         5365    i.rc_init           remote.o
    0x0800b500   0x0800b500   0x000000c0   Code   RO         5367    i.rc_interrupt_update  remote.o
    0x0800b5c0   0x0800b5c0   0x00000058   Code   RO         5368    i.rc_switch_status_interrupt_update  remote.o
    0x0800b618   0x0800b618   0x00000016   Code   RO         5369    i.rc_tick_task      remote.o
    0x0800b62e   0x0800b62e   0x00000034   Code   RO         5370    i.rc_wheel_status_interrupt_update  remote.o
    0x0800b662   0x0800b662   0x00000020   Code   RO         5371    i.remote_soft_reset_check  remote.o
    0x0800b682   0x0800b682   0x0000014e   Code   RO         6080    i.select_sensor     bmi2.o
    0x0800b7d0   0x0800b7d0   0x000003c4   Code   RO         6083    i.sensor_enable     bmi2.o
    0x0800bb94   0x0800bb94   0x00000098   Code   RO         6084    i.set_accel_config  bmi2.o
    0x0800bc2c   0x0800bc2c   0x00000056   Code   RO         6086    i.set_act_recog     bmi2.o
    0x0800bc82   0x0800bc82   0x0000005a   Code   RO         6087    i.set_any_motion    bmi2.o
    0x0800bcdc   0x0800bcdc   0x000000c6   Code   RO         6088    i.set_any_motion_config  bmi2.o
    0x0800bda2   0x0800bda2   0x00000090   Code   RO         6089    i.set_aux_config    bmi2.o
    0x0800be32   0x0800be32   0x00000036   Code   RO         6090    i.set_config_load   bmi2.o
    0x0800be68   0x0800be68   0x00000056   Code   RO         6091    i.set_double_tap    bmi2.o
    0x0800bebe   0x0800bebe   0x00000056   Code   RO         6092    i.set_ext_sens_sync  bmi2.o
    0x0800bf14   0x0800bf14   0x0000008e   Code   RO         6093    i.set_ext_sens_sync_config  bmi2.o
    0x0800bfa2   0x0800bfa2   0x00000002   PAD
    0x0800bfa4   0x0800bfa4   0x00000068   Code   RO         6094    i.set_feat_accel_self_test  bmi2.o
    0x0800c00c   0x0800c00c   0x00000056   Code   RO         6095    i.set_flat          bmi2.o
    0x0800c062   0x0800c062   0x000000bc   Code   RO         6096    i.set_flat_config   bmi2.o
    0x0800c11e   0x0800c11e   0x00000056   Code   RO         6097    i.set_free_fall_det  bmi2.o
    0x0800c174   0x0800c174   0x000000a8   Code   RO         6098    i.set_free_fall_det_config  bmi2.o
    0x0800c21c   0x0800c21c   0x0000008e   Code   RO         6099    i.set_glance_detect_config  bmi2.o
    0x0800c2aa   0x0800c2aa   0x00000056   Code   RO         6100    i.set_glance_detector  bmi2.o
    0x0800c300   0x0800c300   0x000000ac   Code   RO         6101    i.set_gyro_config   bmi2.o
    0x0800c3ac   0x0800c3ac   0x00000056   Code   RO         6102    i.set_gyro_self_offset_corr  bmi2.o
    0x0800c402   0x0800c402   0x0000005a   Code   RO         6103    i.set_gyro_user_gain  bmi2.o
    0x0800c45c   0x0800c45c   0x000000a2   Code   RO         6104    i.set_gyro_user_gain_config  bmi2.o
    0x0800c4fe   0x0800c4fe   0x0000005a   Code   RO         6105    i.set_high_g        bmi2.o
    0x0800c558   0x0800c558   0x000000da   Code   RO         6106    i.set_high_g_config  bmi2.o
    0x0800c632   0x0800c632   0x0000005a   Code   RO         6108    i.set_low_g         bmi2.o
    0x0800c68c   0x0800c68c   0x000000ba   Code   RO         6109    i.set_low_g_config  bmi2.o
    0x0800c746   0x0800c746   0x0000005a   Code   RO         6111    i.set_no_motion     bmi2.o
    0x0800c7a0   0x0800c7a0   0x000000c6   Code   RO         6112    i.set_no_motion_config  bmi2.o
    0x0800c866   0x0800c866   0x000000c6   Code   RO         6114    i.set_orient_config  bmi2.o
    0x0800c92c   0x0800c92c   0x00000056   Code   RO         6115    i.set_orientation   bmi2.o
    0x0800c982   0x0800c982   0x0000009e   Code   RO         6116    i.set_primary_ois_config  bmi2.o
    0x0800ca20   0x0800ca20   0x0000005a   Code   RO         6118    i.set_sig_motion    bmi2.o
    0x0800ca7a   0x0800ca7a   0x000000be   Code   RO         6119    i.set_sig_motion_config  bmi2.o
    0x0800cb38   0x0800cb38   0x00000056   Code   RO         6120    i.set_single_tap    bmi2.o
    0x0800cb8e   0x0800cb8e   0x0000005a   Code   RO         6121    i.set_step_activity  bmi2.o
    0x0800cbe8   0x0800cbe8   0x000000c0   Code   RO         6122    i.set_step_config   bmi2.o
    0x0800cca8   0x0800cca8   0x000000d4   Code   RO         6123    i.set_step_count_params_config  bmi2.o
    0x0800cd7c   0x0800cd7c   0x0000005a   Code   RO         6124    i.set_step_counter  bmi2.o
    0x0800cdd6   0x0800cdd6   0x0000005a   Code   RO         6125    i.set_step_detector  bmi2.o
    0x0800ce30   0x0800ce30   0x00000056   Code   RO         6126    i.set_tilt          bmi2.o
    0x0800ce86   0x0800ce86   0x0000008e   Code   RO         6127    i.set_tilt_config   bmi2.o
    0x0800cf14   0x0800cf14   0x00000056   Code   RO         6128    i.set_triple_tap    bmi2.o
    0x0800cf6a   0x0800cf6a   0x00000056   Code   RO         6129    i.set_up_hold_to_wake  bmi2.o
    0x0800cfc0   0x0800cfc0   0x0000008e   Code   RO         6130    i.set_up_hold_to_wake_config  bmi2.o
    0x0800d04e   0x0800d04e   0x00000056   Code   RO         6131    i.set_wake_up       bmi2.o
    0x0800d0a4   0x0800d0a4   0x000000bc   Code   RO         6132    i.set_wake_up_config  bmi2.o
    0x0800d160   0x0800d160   0x000000b6   Code   RO         6133    i.set_wrist_gest_config  bmi2.o
    0x0800d216   0x0800d216   0x000000c8   Code   RO         6134    i.set_wrist_gest_w_config  bmi2.o
    0x0800d2de   0x0800d2de   0x00000056   Code   RO         6135    i.set_wrist_gesture  bmi2.o
    0x0800d334   0x0800d334   0x00000056   Code   RO         6136    i.set_wrist_gesture_wh  bmi2.o
    0x0800d38a   0x0800d38a   0x00000056   Code   RO         6137    i.set_wrist_wear_wake_up  bmi2.o
    0x0800d3e0   0x0800d3e0   0x000000c8   Code   RO         6138    i.set_wrist_wear_wake_up_config  bmi2.o
    0x0800d4a8   0x0800d4a8   0x00000056   Code   RO         6139    i.set_wrist_wear_wake_up_wh  bmi2.o
    0x0800d4fe   0x0800d4fe   0x000000fa   Code   RO         6140    i.set_wrist_wear_wake_up_wh_config  bmi2.o
    0x0800d5f8   0x0800d5f8   0x0000006e   Code   RO         8450    i.sqrt              m_wm.l(sqrt.o)
    0x0800d666   0x0800d666   0x00000002   PAD
    0x0800d668   0x0800d668   0x000000f0   Code   RO         4836    i.uart_rx_idle_callback  drv_uart.o
    0x0800d758   0x0800d758   0x00000040   Code   RO         6152    i.upload_file       bmi2.o
    0x0800d798   0x0800d798   0x00000004   Code   RO         7062    i.user_delay_us     bmi2_common.o
    0x0800d79c   0x0800d79c   0x00000024   Code   RO         7063    i.user_i2c_reg_read  bmi2_common.o
    0x0800d7c0   0x0800d7c0   0x0000004c   Code   RO         7064    i.user_i2c_reg_write  bmi2_common.o
    0x0800d80c   0x0800d80c   0x00000026   Code   RO         3589    i.uxListRemove      list.o
    0x0800d832   0x0800d832   0x00000002   PAD
    0x0800d834   0x0800d834   0x00000014   Code   RO          263    i.vApplicationGetIdleTaskMemory  freertos.o
    0x0800d848   0x0800d848   0x00000016   Code   RO         3590    i.vListInitialise   list.o
    0x0800d85e   0x0800d85e   0x00000006   Code   RO         3591    i.vListInitialiseItem  list.o
    0x0800d864   0x0800d864   0x00000030   Code   RO         3592    i.vListInsert       list.o
    0x0800d894   0x0800d894   0x00000018   Code   RO         3593    i.vListInsertEnd    list.o
    0x0800d8ac   0x0800d8ac   0x00000040   Code   RO         4710    i.vPortEnterCritical  port.o
    0x0800d8ec   0x0800d8ec   0x00000028   Code   RO         4711    i.vPortExitCritical  port.o
    0x0800d914   0x0800d914   0x00000064   Code   RO         4641    i.vPortFree         heap_4.o
    0x0800d978   0x0800d978   0x00000024   Code   RO         4712    i.vPortSetupTimerInterrupt  port.o
    0x0800d99c   0x0800d99c   0x0000004c   Code   RO         3967    i.vTaskDelay        tasks.o
    0x0800d9e8   0x0800d9e8   0x0000006c   Code   RO         3980    i.vTaskStartScheduler  tasks.o
    0x0800da54   0x0800da54   0x00000010   Code   RO         3982    i.vTaskSuspendAll   tasks.o
    0x0800da64   0x0800da64   0x0000005c   Code   RO         3983    i.vTaskSwitchContext  tasks.o
    0x0800dac0   0x0800dac0   0x000000e4   Code   RO         6158    i.write_config_file  bmi2.o
    0x0800dba4   0x0800dba4   0x000000f4   Code   RO         4714    i.xPortStartScheduler  port.o
    0x0800dc98   0x0800dc98   0x0000005a   Code   RO         3986    i.xTaskCreate       tasks.o
    0x0800dcf2   0x0800dcf2   0x00000056   Code   RO         3987    i.xTaskCreateStatic  tasks.o
    0x0800dd48   0x0800dd48   0x000000cc   Code   RO         3994    i.xTaskIncrementTick  tasks.o
    0x0800de14   0x0800de14   0x000000c4   Code   RO         4000    i.xTaskResumeAll    tasks.o
    0x0800ded8   0x0800ded8   0x00000018   Code   RO         8376    x$fpl$basic         fz_wm.l(basic.o)
    0x0800def0   0x0800def0   0x00000062   Code   RO         8209    x$fpl$d2f           fz_wm.l(d2f.o)
    0x0800df52   0x0800df52   0x00000002   PAD
    0x0800df54   0x0800df54   0x00000150   Code   RO         8211    x$fpl$dadd          fz_wm.l(daddsub_clz.o)
    0x0800e0a4   0x0800e0a4   0x000002b0   Code   RO         8379    x$fpl$ddiv          fz_wm.l(ddiv.o)
    0x0800e354   0x0800e354   0x0000005e   Code   RO         8217    x$fpl$dfix          fz_wm.l(dfix.o)
    0x0800e3b2   0x0800e3b2   0x0000002e   Code   RO         8222    x$fpl$dflt          fz_wm.l(dflt_clz.o)
    0x0800e3e0   0x0800e3e0   0x00000026   Code   RO         8221    x$fpl$dfltu         fz_wm.l(dflt_clz.o)
    0x0800e406   0x0800e406   0x00000002   PAD
    0x0800e408   0x0800e408   0x00000154   Code   RO         8227    x$fpl$dmul          fz_wm.l(dmul.o)
    0x0800e55c   0x0800e55c   0x0000009c   Code   RO         8382    x$fpl$dnaninf       fz_wm.l(dnaninf.o)
    0x0800e5f8   0x0800e5f8   0x0000000c   Code   RO         8384    x$fpl$dretinf       fz_wm.l(dretinf.o)
    0x0800e604   0x0800e604   0x00000016   Code   RO         8212    x$fpl$drsb          fz_wm.l(daddsub_clz.o)
    0x0800e61a   0x0800e61a   0x00000002   PAD
    0x0800e61c   0x0800e61c   0x00000198   Code   RO         8508    x$fpl$dsqrt         fz_wm.l(dsqrt_umaal.o)
    0x0800e7b4   0x0800e7b4   0x000001d4   Code   RO         8213    x$fpl$dsub          fz_wm.l(daddsub_clz.o)
    0x0800e988   0x0800e988   0x00000056   Code   RO         8229    x$fpl$f2d           fz_wm.l(f2d.o)
    0x0800e9de   0x0800e9de   0x0000008c   Code   RO         8388    x$fpl$fnaninf       fz_wm.l(fnaninf.o)
    0x0800ea6a   0x0800ea6a   0x0000000a   Code   RO         8510    x$fpl$fpinit        fz_wm.l(fpinit.o)
    0x0800ea74   0x0800ea74   0x0000000a   Code   RO         8390    x$fpl$fretinf       fz_wm.l(fretinf.o)
    0x0800ea7e   0x0800ea7e   0x00000000   Code   RO         8394    x$fpl$usenofp       fz_wm.l(usenofp.o)
    0x0800ea7e   0x0800ea7e   0x00000002   PAD
    0x0800ea80   0x0800ea80   0x00000070   Data   RO          265    .constdata          freertos.o
    0x0800eaf0   0x0800eaf0   0x00000008   Data   RO         1432    .constdata          stm32f4xx_hal_dma.o
    0x0800eaf8   0x0800eaf8   0x00000010   Data   RO         3452    .constdata          system_stm32f4xx.o
    0x0800eb08   0x0800eb08   0x00000008   Data   RO         3453    .constdata          system_stm32f4xx.o
    0x0800eb10   0x0800eb10   0x00000100   Data   RO         5203    .constdata          crc8.o
    0x0800ec10   0x0800ec10   0x00000200   Data   RO         5245    .constdata          crc16.o
    0x0800ee10   0x0800ee10   0x00000006   Data   RO         6160    .constdata          bmi2.o
    0x0800ee16   0x0800ee16   0x00002045   Data   RO         7210    .constdata          bmi270.o
    0x08010e5b   0x08010e5b   0x00000005   PAD
    0x08010e60   0x08010e60   0x00000050   Data   RO         8234    .constdata          m_wm.l(asin.o)
    0x08010eb0   0x08010eb0   0x00000098   Data   RO         8398    .constdata          m_wm.l(atan.o)
    0x08010f48   0x08010f48   0x00000030   Data   RO         8410    .constdata          m_wm.l(cos_i.o)
    0x08010f78   0x08010f78   0x00000008   Data   RO         8436    .constdata          m_wm.l(qnan.o)
    0x08010f80   0x08010f80   0x000000c8   Data   RO         8439    .constdata          m_wm.l(rred.o)
    0x08011048   0x08011048   0x00000028   Data   RO         8443    .constdata          m_wm.l(sin_i.o)
    0x08011070   0x08011070   0x00000030   Data   RO          266    .conststring        freertos.o
    0x080110a0   0x080110a0   0x00000020   Data   RO         8605    Region$$Table       anon$$obj.o


    Execution Region RW_IRAM1 (Exec base: 0x20000000, Load base: 0x080110c0, Size: 0x00007970, Max: 0x0001c000, ABSOLUTE, COMPRESSED[0x0000023c])

    Exec Addr    Load Addr    Size         Type   Attr      Idx    E Section Name        Object

    0x20000000   COMPRESSED   0x00000010   Data   RW          267    .data               freertos.o
    0x20000010   COMPRESSED   0x00000004   Data   RW          331    .data               can.o
    0x20000014   COMPRESSED   0x0000000c   Data   RW         1859    .data               stm32f4xx_hal.o
    0x20000020   COMPRESSED   0x00000004   Data   RW         3454    .data               system_stm32f4xx.o
    0x20000024   COMPRESSED   0x0000003c   Data   RW         4003    .data               tasks.o
    0x20000060   COMPRESSED   0x00000020   Data   RW         4647    .data               heap_4.o
    0x20000080   COMPRESSED   0x0000000c   Data   RW         4715    .data               port.o
    0x2000008c   COMPRESSED   0x00000004   Data   RW         4788    .data               drv_haltick.o
    0x20000090   COMPRESSED   0x00000008   Data   RW         5138    .data               config_can.o
    0x20000098   COMPRESSED   0x00000008   Data   RW         5139    .data               config_can.o
    0x200000a0   COMPRESSED   0x00000008   Data   RW         5140    .data               config_can.o
    0x200000a8   COMPRESSED   0x00000008   Data   RW         5141    .data               config_can.o
    0x200000b0   COMPRESSED   0x00000002   Data   RW         5246    .data               crc16.o
    0x200000b2   COMPRESSED   0x00000010   Data   RW         5318    .data               vision_protocol.o
    0x200000c2   COMPRESSED   0x00000002   PAD
    0x200000c4   COMPRESSED   0x00000008   Data   RW         5375    .data               remote.o
    0x200000cc   COMPRESSED   0x00000008   Data   RW         5376    .data               remote.o
    0x200000d4   COMPRESSED   0x00000001   Data   RW         5481    .data               imu.o
    0x200000d5   COMPRESSED   0x00000003   PAD
    0x200000d8   COMPRESSED   0x00000014   Data   RW         5482    .data               imu.o
    0x200000ec   COMPRESSED   0x0000000c   Data   RW         5483    .data               imu.o
    0x200000f8   COMPRESSED   0x00000002   Data   RW         5484    .data               imu.o
    0x200000fa   COMPRESSED   0x00000002   PAD
    0x200000fc   COMPRESSED   0x0000005c   Data   RW         5781    .data               rp_chassis.o
    0x20000158   COMPRESSED   0x00000098   Data   RW         5865    .data               bmi.o
    0x200001f0   COMPRESSED   0x00000002   Data   RW         7067    .data               bmi2_common.o
    0x200001f2   COMPRESSED   0x00000002   Data   RW         7301    .data               my_tasks.o
    0x200001f4   COMPRESSED   0x00000b40   Data   RW         7346    .data               chassis_motor.o
    0x20000d34   COMPRESSED   0x000005a0   Data   RW         7370    .data               gimbal_motor.o
    0x200012d4   COMPRESSED   0x00000b40   Data   RW         7394    .data               launch_motor.o
    0x20001e14   COMPRESSED   0x0000002c   Data   RW         7431    .data               my_chassis.o
    0x20001e40   COMPRESSED   0x0000000c   Data   RW         7432    .data               my_chassis.o
    0x20001e4c   COMPRESSED   0x00000002   Data   RW         7433    .data               my_chassis.o
    0x20001e4e   COMPRESSED   0x00000006   Data   RW         7434    .data               my_chassis.o
    0x20001e54   COMPRESSED   0x00000004   Data   RW         7435    .data               my_chassis.o
    0x20001e58   COMPRESSED   0x000000f4   Data   RW         7533    .data               my_gimbal.o
    0x20001f4c   COMPRESSED   0x00000018   Data   RW         7534    .data               my_gimbal.o
    0x20001f64   COMPRESSED   0x00000008   Data   RW         7535    .data               my_gimbal.o
    0x20001f6c   COMPRESSED   0x00000001   Data   RW         7536    .data               my_gimbal.o
    0x20001f6d   COMPRESSED   0x00000001   PAD
    0x20001f6e   COMPRESSED   0x00000002   Data   RW         7537    .data               my_gimbal.o
    0x20001f70   COMPRESSED   0x00000118   Data   RW         7668    .data               my_launch.o
    0x20002088   COMPRESSED   0x00000030   Data   RW         7669    .data               my_launch.o
    0x200020b8   COMPRESSED   0x00000007   Data   RW         7829    .data               my_hero.o
    0x200020bf   COMPRESSED   0x00000001   PAD
    0x200020c0   COMPRESSED   0x00000018   Data   RW         7830    .data               my_hero.o
    0x200020d8   COMPRESSED   0x0000000c   Data   RW         7831    .data               my_hero.o
    0x200020e4   COMPRESSED   0x00000003   Data   RW         7832    .data               my_hero.o
    0x200020e7   COMPRESSED   0x00000008   Data   RW         7833    .data               my_hero.o
    0x200020ef   COMPRESSED   0x00000002   Data   RW         7834    .data               my_hero.o
    0x200020f1   COMPRESSED   0x00000002   Data   RW         7835    .data               my_hero.o
    0x200020f3   COMPRESSED   0x00000001   PAD
    0x200020f4   COMPRESSED   0x00000006   Data   RW         7986    .data               my_judge.o
    0x200020fa   COMPRESSED   0x00000002   PAD
    0x200020fc   COMPRESSED   0x00000008   Data   RW         7987    .data               my_judge.o
    0x20002104   COMPRESSED   0x00000002   Data   RW         8036    .data               my_vision.o
    0x20002106   COMPRESSED   0x00000002   PAD
    0x20002108   COMPRESSED   0x0000001c   Data   RW         8037    .data               my_vision.o
    0x20002124   COMPRESSED   0x00000004   Data   RW         8038    .data               my_vision.o
    0x20002128   COMPRESSED   0x00000018   Data   RW         8104    .data               my_slave.o
    0x20002140        -       0x00000254   Zero   RW          264    .bss                freertos.o
    0x20002394        -       0x00000050   Zero   RW          330    .bss                can.o
    0x200023e4        -       0x0000000c   Zero   RW          400    .bss                iwdg.o
    0x200023f0        -       0x000004b4   Zero   RW          436    .bss                usart.o
    0x200028a4        -       0x00000048   Zero   RW          688    .bss                stm32f4xx_hal_timebase_tim.o
    0x200028ec        -       0x000000f0   Zero   RW         4002    .bss                tasks.o
    0x200029dc        -       0x00003c00   Zero   RW         4646    .bss                heap_4.o
    0x200065dc        -       0x000003e6   Zero   RW         4837    .bss                drv_uart.o
    0x200069c2   COMPRESSED   0x00000002   PAD
    0x200069c4        -       0x00000048   Zero   RW         4922    .bss                drv_can.o
    0x20006a0c        -       0x00000033   Zero   RW         5317    .bss                vision_protocol.o
    0x20006a3f   COMPRESSED   0x00000001   PAD
    0x20006a40        -       0x00000028   Zero   RW         5372    .bss                remote.o
    0x20006a68        -       0x00000086   Zero   RW         5373    .bss                remote.o
    0x20006aee   COMPRESSED   0x00000002   PAD
    0x20006af0        -       0x00000014   Zero   RW         5374    .bss                remote.o
    0x20006b04        -       0x00000064   Zero   RW         5479    .bss                imu.o
    0x20006b68        -       0x0000018c   Zero   RW         5480    .bss                imu.o
    0x20006cf4   COMPRESSED   0x00000004   PAD
    0x20006cf8        -       0x00000068   Zero   RW         5864    .bss                bmi.o
    0x20006d60        -       0x00000014   Zero   RW         7429    .bss                my_chassis.o
    0x20006d74        -       0x0000000c   Zero   RW         7430    .bss                my_chassis.o
    0x20006d80        -       0x00000010   Zero   RW         7530    .bss                my_gimbal.o
    0x20006d90        -       0x00000018   Zero   RW         7531    .bss                my_gimbal.o
    0x20006da8        -       0x0000000c   Zero   RW         7532    .bss                my_gimbal.o
    0x20006db4        -       0x0000003c   Zero   RW         7663    .bss                my_launch.o
    0x20006df0        -       0x0000000c   Zero   RW         7664    .bss                my_launch.o
    0x20006dfc        -       0x0000000c   Zero   RW         7665    .bss                my_launch.o
    0x20006e08        -       0x0000000a   Zero   RW         7666    .bss                my_launch.o
    0x20006e12   COMPRESSED   0x00000002   PAD
    0x20006e14        -       0x000004b0   Zero   RW         7667    .bss                my_launch.o
    0x200072c4        -       0x00000020   Zero   RW         7985    .bss                my_judge.o
    0x200072e4        -       0x00000018   Zero   RW         8034    .bss                my_vision.o
    0x200072fc        -       0x00000014   Zero   RW         8035    .bss                my_vision.o
    0x20007310        -       0x00000060   Zero   RW         8463    .bss                c_w.l(libspace.o)
    0x20007370        -       0x00000200   Zero   RW            2    HEAP                startup_stm32f407xx.o
    0x20007570        -       0x00000400   Zero   RW            1    STACK               startup_stm32f407xx.o


    Execution Region RW_IRAM2 (Exec base: 0x2001c000, Load base: 0x080112fc, Size: 0x00000000, Max: 0x00004000, ABSOLUTE)

    **** No section assigned to this execution region ****


==============================================================================

Image component sizes


      Code (inc. data)   RO Data    RW Data    ZI Data      Debug   Object Name

       180          6          0          0          0       1780   ave_filter.o
      2062         56          0        152        104       7796   bmi.o
     15630        116          6          0          0     114790   bmi2.o
       120         10       8261          0          0       1610   bmi270.o
       354         30          0          2          0       5506   bmi2_common.o
       396         46          0          4         80       2522   can.o
         0          0          0       2880          0        628   chassis_motor.o
       120          0          0          0          0      23361   cmsis_os.o
       308         44          0         32          0       2504   config_can.o
        42          4          0          0          0       3115   config_uart.o
       144         16        512          2          0       2858   crc16.o
       106          6        256          0          0       2726   crc8.o
       188          4          0          0          0        894   dma.o
        82         10          0          0          0       9639   drv_all.o
       406         42          0          0         72       5305   drv_can.o
        60          6          0          4          0       1760   drv_haltick.o
      1262        104          0          0        998       8076   drv_uart.o
         0          0          0          0          0      16908   event_groups.o
       132         12        160         16        596       2799   freertos.o
         0          0          0       1440          0        615   gimbal_motor.o
       168         10          0          0          0       1031   gpio.o
       472         24          0         32      15360       7475   heap_4.o
       668         30          0         35        496       4271   imu.o
        44          8          0          0         12        743   iwdg.o
         0          0          0       2880          0        615   launch_motor.o
       138          0          0          0          0       3594   list.o
       274         14          0          0          0     776920   main.o
        10          0          0          0          0        630   math_support.o
      2050        102          0          0          0      16214   motor.o
      2084        120          0         68         32       9288   my_chassis.o
      2626        184          0        279         52      13676   my_gimbal.o
      1108        144          0         58          0      15639   my_hero.o
       116         10          0         14         32       3318   my_judge.o
      2682        168          0        328       1294      19808   my_launch.o
       464         30          0         24          0       2052   my_slave.o
       200         50          0          2          0       3676   my_tasks.o
       514         60          0         34         44       7120   my_vision.o
       702         72          0         12          0      11084   port.o
      1090         28          0         16        194      11474   remote.o
       458          0          0          0          0       1719   remote_potocol.o
      1266         56          0         92          0       7444   rp_chassis.o
       544         62          0          0          0       4299   soft_iic.o
        64         26        392          0       1536        852   startup_stm32f407xx.o
       116         18          0         12          0       8786   stm32f4xx_hal.o
      1638          6          0          0          0      14447   stm32f4xx_hal_can.o
       194         24          0          0          0      33821   stm32f4xx_hal_cortex.o
      1084         16          8          0          0       7430   stm32f4xx_hal_dma.o
       506         46          0          0          0       2216   stm32f4xx_hal_gpio.o
       102          0          0          0          0       1911   stm32f4xx_hal_iwdg.o
        56          4          0          0          0        886   stm32f4xx_hal_msp.o
      1412         86          0          0          0       5957   stm32f4xx_hal_rcc.o
       786         72          0          0          0       7444   stm32f4xx_hal_tim.o
         4          0          0          0          0       1625   stm32f4xx_hal_tim_ex.o
       116         14          0          0         72       1447   stm32f4xx_hal_timebase_tim.o
      1596         30          0          0          0      12362   stm32f4xx_hal_uart.o
       280        106          0          0          0      11287   stm32f4xx_it.o
         0          0          0          0          0        384   stream_buffer.o
        16          4         24          4          0       1151   system_stm32f4xx.o
      1520        112          0         60        240      19634   tasks.o
      1352        108          0          0       1204       5513   usart.o
       116         16          0         16         51       2943   vision_protocol.o

    ----------------------------------------------------------------------
     50300       2372       9656       8512      22480    1277378   Object Totals
         0          0         32          0          0          0   (incl. Generated)
        72          0          5         14         11          0   (incl. Padding)

    ----------------------------------------------------------------------

      Code (inc. data)   RO Data    RW Data    ZI Data      Debug   Library Member Name

        90          0          0          0          0          0   __dczerorl2.o
         8          0          0          0          0         68   __main.o
         0          0          0          0          0          0   __rtentry.o
        12          0          0          0          0          0   __rtentry2.o
         6          0          0          0          0          0   __rtentry4.o
        52          8          0          0          0          0   __scatter.o
        28          0          0          0          0          0   __scatter_zi.o
        22          0          0          0          0        100   _rserrno.o
        10          0          0          0          0         68   defsig_exit.o
        50          0          0          0          0         88   defsig_general.o
        80         58          0          0          0         76   defsig_rtmem_inner.o
        14          0          0          0          0         80   defsig_rtmem_outer.o
        18          0          0          0          0         80   exit.o
        94          0          0          0          0         80   h1_alloc.o
        52          0          0          0          0         68   h1_extend.o
        78          0          0          0          0         80   h1_free.o
        14          0          0          0          0         84   h1_init.o
         6          0          0          0          0        152   heapauxi.o
         4          0          0          0          0        136   hguard.o
         0          0          0          0          0          0   indicate_semi.o
       138          0          0          0          0        168   init_alloc.o
         2          0          0          0          0          0   libinit.o
        14          0          0          0          0          0   libinit2.o
         2          0          0          0          0          0   libshutdown.o
         2          0          0          0          0          0   libshutdown2.o
         8          4          0          0         96         68   libspace.o
       238          0          0          0          0        100   lludivv7m.o
         0          0          0          0          0          0   maybetermalloc1.o
         8          4          0          0          0         68   rt_errno_addr_intlibspace.o
         8          4          0          0          0         68   rt_heap_descriptor_intlibspace.o
        68          0          0          0          0         68   rt_memclr.o
        78          0          0          0          0         80   rt_memclr_w.o
       138          0          0          0          0         68   rt_memcpy_v6.o
       100          0          0          0          0         80   rt_memcpy_w.o
         2          0          0          0          0          0   rtexit.o
        10          0          0          0          0          0   rtexit2.o
        12          4          0          0          0         68   sys_exit.o
        74          0          0          0          0         80   sys_stackheap_outer.o
        14          0          0          0          0         76   sys_wrch.o
         2          0          0          0          0         68   use_no_semi.o
        24          0          0          0          0        164   basic.o
        98          4          0          0          0        140   d2f.o
       826         16          0          0          0        492   daddsub_clz.o
       688        140          0          0          0        256   ddiv.o
        94          4          0          0          0        140   dfix.o
        84          0          0          0          0        232   dflt_clz.o
       340         12          0          0          0        152   dmul.o
       156          4          0          0          0        140   dnaninf.o
        12          0          0          0          0        116   dretinf.o
       408         56          0          0          0        168   dsqrt_umaal.o
        86          4          0          0          0        132   f2d.o
       140          4          0          0          0        132   fnaninf.o
        10          0          0          0          0        116   fpinit.o
        10          0          0          0          0        116   fretinf.o
         0          0          0          0          0          0   usenofp.o
       864         94         80          0          0        280   asin.o
       744        106        152          0          0        352   atan.o
       496         64          0          0          0        192   atan2.o
       200         20          0          0          0        164   cos.o
       368         46         48          0          0        200   cos_i.o
       104         16          0          0          0        496   dunder.o
        24          0          0          0          0        124   fabs.o
        48          0          0          0          0        124   fpclassify.o
       248          0          0          0          0        152   poly.o
         0          0          8          0          0          0   qnan.o
      1080        142        200          0          0        188   rred.o
       200         20          0          0          0        164   sin.o
       304         24         40          0          0        208   sin_i.o
       110          0          0          0          0        148   sqrt.o

    ----------------------------------------------------------------------
      9340        858        528          0         96       7508   Library Totals
        18          0          0          0          0          0   (incl. Padding)

    ----------------------------------------------------------------------

      Code (inc. data)   RO Data    RW Data    ZI Data      Debug   Library Name

      1556         82          0          0         96       2220   c_w.l
      2976        244          0          0          0       2496   fz_wm.l
      4790        532        528          0          0       2792   m_wm.l

    ----------------------------------------------------------------------
      9340        858        528          0         96       7508   Library Totals

    ----------------------------------------------------------------------

==============================================================================


      Code (inc. data)   RO Data    RW Data    ZI Data      Debug   

     59640       3230      10184       8512      22576    1236790   Grand Totals
     59640       3230      10184        572      22576    1236790   ELF Image Totals (compressed)
     59640       3230      10184        572          0          0   ROM Totals

==============================================================================

    Total RO  Size (Code + RO Data)                69824 (  68.19kB)
    Total RW  Size (RW Data + ZI Data)             31088 (  30.36kB)
    Total ROM Size (Code + RO Data + RW Data)      70396 (  68.75kB)

==============================================================================

